[menu] Godot Engine v4.7.2.stable.official.ed1daf0bf - https://godotengine.org
[menu] OpenGL API OpenGL ES 3.0 (WebGL 2.0 (OpenGL ES 3.0 Chromium)) - Compatibility - Using Device: WebKit - WebKit WebGL
[menu] Build configuration: Emscripten 4.0.20, single-threaded, no GDExtension support.
[menu] ERROR: Can't open file at path "res://models/props/showa/pole_bare.glb"
[menu]    at: append_from_file (modules/gltf/gltf_document.cpp:7347)
[menu]    GDScript backtrace (most recent call first):
[menu]        [0] _load_glb_mesh (res://scripts/slice/pole_kit_placer.gd:174)
[menu]        [1] _pole_meshes (res://scripts/slice/pole_kit_placer.gd:199)
[menu]        [2] _place_poles (res://scripts/slice/pole_kit_placer.gd:203)
[menu]        [3] _ready (res://scripts/slice/pole_kit_placer.gd:63)
[menu]        [4] prepare (res://scripts/race_loader.gd:66)
[menu] ERROR: POLE_KIT: GLB load failed: res://models/props/showa/pole_bare.glb
[menu]    at: push_error (core/variant/variant_utility.cpp:1023)
[menu]    GDScript backtrace (most recent call first):
[menu]        [0] _load_glb_mesh (res://scripts/slice/pole_kit_placer.gd:175)
[menu]        [1] _pole_meshes (res://scripts/slice/pole_kit_placer.gd:199)
[menu]        [2] _place_poles (res://scripts/slice/pole_kit_placer.gd:203)
[menu]        [3] _ready (res://scripts/slice/pole_kit_placer.gd:63)
[menu]        [4] prepare (res://scripts/race_loader.gd:66)
[menu] ERROR: Can't open file at path "res://models/props/showa/pole_transformer.glb"
[menu]    at: append_from_file (modules/gltf/gltf_document.cpp:7347)
[menu]    GDScript backtrace (most recent call first):
[menu]        [0] _load_glb_mesh (res://scripts/slice/pole_kit_placer.gd:174)
[menu]        [1] _pole_meshes (res://scripts/slice/pole_kit_placer.gd:199)
[menu]        [2] _place_poles (res://scripts/slice/pole_kit_placer.gd:203)
[menu]        [3] _ready (res://scripts/slice/pole_kit_placer.gd:63)
[menu]        [4] prepare (res://scripts/race_loader.gd:66)
[menu] ERROR: POLE_KIT: GLB load failed: res://models/props/showa/pole_transformer.glb
[menu]    at: push_error (core/variant/variant_utility.cpp:1023)
[menu]    GDScript backtrace (most recent call first):
[menu]        [0] _load_glb_mesh (res://scripts/slice/pole_kit_placer.gd:175)
[menu]        [1] _pole_meshes (res://scripts/slice/pole_kit_placer.gd:199)
[menu]        [2] _place_poles (res://scripts/slice/pole_kit_placer.gd:203)
[menu]        [3] _ready (res://scripts/slice/pole_kit_placer.gd:63)
[menu]        [4] prepare (res://scripts/race_loader.gd:66)
[menu] ERROR: Can't open file at path "res://models/props/showa/pole_streetlight.glb"
[menu]    at: append_from_file (modules/gltf/gltf_document.cpp:7347)
[menu]    GDScript backtrace (most recent call first):
[menu]        [0] _load_glb_mesh (res://scripts/slice/pole_kit_placer.gd:174)
[menu]        [1] _pole_meshes (res://scripts/slice/pole_kit_placer.gd:199)
[menu]        [2] _place_poles (res://scripts/slice/pole_kit_placer.gd:203)
[menu]        [3] _ready (res://scripts/slice/pole_kit_placer.gd:63)
[menu]        [4] prepare (res://scripts/race_loader.gd:66)
[menu] ERROR: POLE_KIT: GLB load failed: res://models/props/showa/pole_streetlight.glb
[menu]    at: push_error (core/variant/variant_utility.cpp:1023)
[menu]    GDScript backtrace (most recent call first):
[menu]        [0] _load_glb_mesh (res://scripts/slice/pole_kit_placer.gd:175)
[menu]        [1] _pole_meshes (res://scripts/slice/pole_kit_placer.gd:199)
[menu]        [2] _place_poles (res://scripts/slice/pole_kit_placer.gd:203)
[menu]        [3] _ready (res://scripts/slice/pole_kit_placer.gd:63)
[menu]        [4] prepare (res://scripts/race_loader.gd:66)
[menu] ERROR: Can't open file at path "res://models/props/showa/pole_corner.glb"
[menu]    at: append_from_file (modules/gltf/gltf_document.cpp:7347)
[menu]    GDScript backtrace (most recent call first):
[menu]        [0] _load_glb_mesh (res://scripts/slice/pole_kit_placer.gd:174)
[menu]        [1] _pole_meshes (res://scripts/slice/pole_kit_placer.gd:199)
[menu]        [2] _place_poles (res://scripts/slice/pole_kit_placer.gd:203)
[menu]        [3] _ready (res://scripts/slice/pole_kit_placer.gd:63)
[menu]        [4] prepare (res://scripts/race_loader.gd:66)
[menu] ERROR: POLE_KIT: GLB load failed: res://models/props/showa/pole_corner.glb
[menu]    at: push_error (core/variant/variant_utility.cpp:1023)
[menu]    GDScript backtrace (most recent call first):
[menu]        [0] _load_glb_mesh (res://scripts/slice/pole_kit_placer.gd:175)
[menu]        [1] _pole_meshes (res://scripts/slice/pole_kit_placer.gd:199)
[menu]        [2] _place_poles (res://scripts/slice/pole_kit_placer.gd:203)
[menu]        [3] _ready (res://scripts/slice/pole_kit_placer.gd:63)
[menu]        [4] prepare (res://scripts/race_loader.gd:66)
[menu] POLE_KIT placed=120 poles wires=30144 verts in 60ms
[menu] WARNING: Loaded resource as image file, this will not work on export: 'res://assets/showa/tex/sode_izakaya.png'. Instead, import the image file as an Image resource and load it normally as a resource.
[menu]    at: load_from_file (core/io/image.cpp:2780)
[menu]    GDScript backtrace (most recent call first):
[menu]        [0] _palette (res://scripts/slice/slice_world.gd:158)
[menu]        [1] _ready (res://scripts/slice/slice_world.gd:35)
[menu]        [2] _stage (res://scripts/slice/slice_world.gd:28)
[menu] ERROR: Error opening file 'res://assets/showa/tex/sode_izakaya.png'.
[menu]    at: load_image (core/io/image_loader.cpp:91)
[menu]    GDScript backtrace (most recent call first):
[menu]        [0] _palette (res://scripts/slice/slice_world.gd:158)
[menu]        [1] _ready (res://scripts/slice/slice_world.gd:35)
[menu]        [2] _stage (res://scripts/slice/slice_world.gd:28)
[menu] ERROR: Failed to load image. Error 7
[menu]    at: load_from_file (core/io/image.cpp:2787)
[menu]    GDScript backtrace (most recent call first):
[menu]        [0] _palette (res://scripts/slice/slice_world.gd:158)
[menu]        [1] _ready (res://scripts/slice/slice_world.gd:35)
[menu]        [2] _stage (res://scripts/slice/slice_world.gd:28)
[menu] WARNING: Loaded resource as image file, this will not work on export: 'res://assets/showa/tex/sode_pachinko.png'. Instead, import the image file as an Image resource and load it normally as a resource.
[menu]    at: load_from_file (core/io/image.cpp:2780)
[menu]    GDScript backtrace (most recent call first):
[menu]        [0] _palette (res://scripts/slice/slice_world.gd:158)
[menu]        [1] _ready (res://scripts/slice/slice_world.gd:35)
[menu]        [2] _stage (res://scripts/slice/slice_world.gd:28)
[menu] ERROR: Error opening file 'res://assets/showa/tex/sode_pachinko.png'.
[menu]    at: load_image (core/io/image_loader.cpp:91)
[menu]    GDScript backtrace (most recent call first):
[menu]        [0] _palette (res://scripts/slice/slice_world.gd:158)
[menu]        [1] _ready (res://scripts/slice/slice_world.gd:35)
[menu]        [2] _stage (res://scripts/slice/slice_world.gd:28)
[menu] ERROR: Failed to load image. Error 7
[menu]    at: load_from_file (core/io/image.cpp:2787)
[menu]    GDScript backtrace (most recent call first):
[menu]        [0] _palette (res://scripts/slice/slice_world.gd:158)
[menu]        [1] _ready (res://scripts/slice/slice_world.gd:35)
[menu]        [2] _stage (res://scripts/slice/slice_world.gd:28)
[menu] WARNING: Loaded resource as image file, this will not work on export: 'res://assets/showa/tex/sode_kissaten.png'. Instead, import the image file as an Image resource and load it normally as a resource.
[menu]    at: load_from_file (core/io/image.cpp:2780)
[menu]    GDScript backtrace (most recent call first):
[menu]        [0] _palette (res://scripts/slice/slice_world.gd:158)
[menu]        [1] _ready (res://scripts/slice/slice_world.gd:35)
[menu]        [2] _stage (res://scripts/slice/slice_world.gd:28)
[menu] ERROR: Error opening file 'res://assets/showa/tex/sode_kissaten.png'.
[menu]    at: load_image (core/io/image_loader.cpp:91)
[menu]    GDScript backtrace (most recent call first):
[menu]        [0] _palette (res://scripts/slice/slice_world.gd:158)
[menu]        [1] _ready (res://scripts/slice/slice_world.gd:35)
[menu]        [2] _stage (res://scripts/slice/slice_world.gd:28)
[menu] ERROR: Failed to load image. Error 7
[menu]    at: load_from_file (core/io/image.cpp:2787)
[menu]    GDScript backtrace (most recent call first):
[menu]        [0] _palette (res://scripts/slice/slice_world.gd:158)
[menu]        [1] _ready (res://scripts/slice/slice_world.gd:35)
[menu]        [2] _stage (res://scripts/slice/slice_world.gd:28)
[menu] WARNING: Loaded resource as image file, this will not work on export: 'res://assets/showa/tex/sode_yakkyoku.png'. Instead, import the image file as an Image resource and load it normally as a resource.
[menu]    at: load_from_file (core/io/image.cpp:2780)
[menu]    GDScript backtrace (most recent call first):
[menu]        [0] _palette (res://scripts/slice/slice_world.gd:158)
[menu]        [1] _ready (res://scripts/slice/slice_world.gd:35)
[menu]        [2] _stage (res://scripts/slice/slice_world.gd:28)
[menu] ERROR: Error opening file 'res://assets/showa/tex/sode_yakkyoku.png'.
[menu]    at: load_image (core/io/image_loader.cpp:91)
[menu]    GDScript backtrace (most recent call first):
[menu]        [0] _palette (res://scripts/slice/slice_world.gd:158)
[menu]        [1] _ready (res://scripts/slice/slice_world.gd:35)
[menu]        [2] _stage (res://scripts/slice/slice_world.gd:28)
[menu] ERROR: Failed to load image. Error 7
[menu]    at: load_from_file (core/io/image.cpp:2787)
[menu]    GDScript backtrace (most recent call first):
[menu]        [0] _palette (res://scripts/slice/slice_world.gd:158)
[menu]        [1] _ready (res://scripts/slice/slice_world.gd:35)
[menu]        [2] _stage (res://scripts/slice/slice_world.gd:28)
[menu] WARNING: Loaded resource as image file, this will not work on export: 'res://assets/showa/tex/sode_sushi.png'. Instead, import the image file as an Image resource and load it normally as a resource.
[menu]    at: load_from_file (core/io/image.cpp:2780)
[menu]    GDScript backtrace (most recent call first):
[menu]        [0] _palette (res://scripts/slice/slice_world.gd:158)
[menu]        [1] _ready (res://scripts/slice/slice_world.gd:35)
[menu]        [2] _stage (res://scripts/slice/slice_world.gd:28)
[menu] ERROR: Error opening file 'res://assets/showa/tex/sode_sushi.png'.
[menu]    at: load_image (core/io/image_loader.cpp:91)
[menu]    GDScript backtrace (most recent call first):
[menu]        [0] _palette (res://scripts/slice/slice_world.gd:158)
[menu]        [1] _ready (res://scripts/slice/slice_world.gd:35)
[menu]        [2] _stage (res://scripts/slice/slice_world.gd:28)
[menu] ERROR: Failed to load image. Error 7
[menu]    at: load_from_file (core/io/image.cpp:2787)
[menu]    GDScript backtrace (most recent call first):
[menu]        [0] _palette (res://scripts/slice/slice_world.gd:158)
[menu]        [1] _ready (res://scripts/slice/slice_world.gd:35)
[menu]        [2] _stage (res://scripts/slice/slice_world.gd:28)
[menu] WARNING: Loaded resource as image file, this will not work on export: 'res://assets/showa/tex/sode_sakaya.png'. Instead, import the image file as an Image resource and load it normally as a resource.
[menu]    at: load_from_file (core/io/image.cpp:2780)
[menu]    GDScript backtrace (most recent call first):
[menu]        [0] _palette (res://scripts/slice/slice_world.gd:158)
[menu]        [1] _ready (res://scripts/slice/slice_world.gd:35)
[menu]        [2] _stage (res://scripts/slice/slice_world.gd:28)
[menu] ERROR: Error opening file 'res://assets/showa/tex/sode_sakaya.png'.
[menu]    at: load_image (core/io/image_loader.cpp:91)
[menu]    GDScript backtrace (most recent call first):
[menu]        [0] _palette (res://scripts/slice/slice_world.gd:158)
[menu]        [1] _ready (res://scripts/slice/slice_world.gd:35)
[menu]        [2] _stage (res://scripts/slice/slice_world.gd:28)
[menu] ERROR: Failed to load image. Error 7
[menu]    at: load_from_file (core/io/image.cpp:2787)
[menu]    GDScript backtrace (most recent call first):
[menu]        [0] _palette (res://scripts/slice/slice_world.gd:158)
[menu]        [1] _ready (res://scripts/slice/slice_world.gd:35)
[menu]        [2] _stage (res://scripts/slice/slice_world.gd:28)
[menu] WARNING: Loaded resource as image file, this will not work on export: 'res://assets/showa/tex/sode_tabako.png'. Instead, import the image file as an Image resource and load it normally as a resource.
[menu]    at: load_from_file (core/io/image.cpp:2780)
[menu]    GDScript backtrace (most recent call first):
[menu]        [0] _palette (res://scripts/slice/slice_world.gd:158)
[menu]        [1] _ready (res://scripts/slice/slice_world.gd:35)
[menu]        [2] _stage (res://scripts/slice/slice_world.gd:28)
[menu] ERROR: Error opening file 'res://assets/showa/tex/sode_tabako.png'.
[menu]    at: load_image (core/io/image_loader.cpp:91)
[menu]    GDScript backtrace (most recent call first):
[menu]        [0] _palette (res://scripts/slice/slice_world.gd:158)
[menu]        [1] _ready (res://scripts/slice/slice_world.gd:35)
[menu]        [2] _stage (res://scripts/slice/slice_world.gd:28)
[menu] ERROR: Failed to load image. Error 7
[menu]    at: load_from_file (core/io/image.cpp:2787)
[menu]    GDScript backtrace (most recent call first):
[menu]        [0] _palette (res://scripts/slice/slice_world.gd:158)
[menu]        [1] _ready (res://scripts/slice/slice_world.gd:35)
[menu]        [2] _stage (res://scripts/slice/slice_world.gd:28)
[menu] WARNING: Loaded resource as image file, this will not work on export: 'res://assets/showa/tex/sode_soba.png'. Instead, import the image file as an Image resource and load it normally as a resource.
[menu]    at: load_from_file (core/io/image.cpp:2780)
[menu]    GDScript backtrace (most recent call first):
[menu]        [0] _palette (res://scripts/slice/slice_world.gd:158)
[menu]        [1] _ready (res://scripts/slice/slice_world.gd:35)
[menu]        [2] _stage (res://scripts/slice/slice_world.gd:28)
[menu] ERROR: Error opening file 'res://assets/showa/tex/sode_soba.png'.
[menu]    at: load_image (core/io/image_loader.cpp:91)
[menu]    GDScript backtrace (most recent call first):
[menu]        [0] _palette (res://scripts/slice/slice_world.gd:158)
[menu]        [1] _ready (res://scripts/slice/slice_world.gd:35)
[menu]        [2] _stage (res://scripts/slice/slice_world.gd:28)
[menu] ERROR: Failed to load image. Error 7
[menu]    at: load_from_file (core/io/image.cpp:2787)
[menu]    GDScript backtrace (most recent call first):
[menu]        [0] _palette (res://scripts/slice/slice_world.gd:158)
[menu]        [1] _ready (res://scripts/slice/slice_world.gd:35)
[menu]        [2] _stage (res://scripts/slice/slice_world.gd:28)
[menu] WARNING: Loaded resource as image file, this will not work on export: 'res://assets/showa/tex/enamel_atlas.png'. Instead, import the image file as an Image resource and load it normally as a resource.
[menu]    at: load_from_file (core/io/image.cpp:2780)
[menu]    GDScript backtrace (most recent call first):
[menu]        [0] _palette (res://scripts/slice/slice_world.gd:170)
[menu]        [1] _ready (res://scripts/slice/slice_world.gd:35)
[menu]        [2] _stage (res://scripts/slice/slice_world.gd:28)
[menu] ERROR: Error opening file 'res://assets/showa/tex/enamel_atlas.png'.
[menu]    at: load_image (core/io/image_loader.cpp:91)
[menu]    GDScript backtrace (most recent call first):
[menu]        [0] _palette (res://scripts/slice/slice_world.gd:170)
[menu]        [1] _ready (res://scripts/slice/slice_world.gd:35)
[menu]        [2] _stage (res://scripts/slice/slice_world.gd:28)
[menu] ERROR: Failed to load image. Error 7
[menu]    at: load_from_file (core/io/image.cpp:2787)
[menu]    GDScript backtrace (most recent call first):
[menu]        [0] _palette (res://scripts/slice/slice_world.gd:170)
[menu]        [1] _ready (res://scripts/slice/slice_world.gd:35)
[menu]        [2] _stage (res://scripts/slice/slice_world.gd:28)
[menu] [.WebGL-0x22f4078cdc00] GL_INVALID_OPERATION: glBlitFramebuffer: Depth/stencil buffer format combination not allowed for blit.
[menu] TDLOAD {"prepare_ms":96029.69,"stages":[{"ms":0.03,"progress":0.7,"stage":"Preparing Tokyo Bay"},{"ms":431.545,"progress":0.72,"stage":"Preparing materials"},{"ms":928.05,"progress":0.76,"stage":"Laying roads and terrain"},{"ms":1044.465,"progress":0.8,"stage":"Building the bridge"},{"ms":1055.835,"progress":0.83,"stage":"Opening the city streets"},{"ms":1591.675,"progress":0.87,"stage":"Assembling city geometry"},{"ms":1769.665,"progress":0.870430879712747,"stage":"Assembling city geometry"},{"ms":1846.73,"progress":0.870574506283663,"stage":"Assembling city geometry"},{"ms":1928.54,"progress":0.870718132854578,"stage":"Assembling city geometry"},{"ms":2001.63,"progress":0.870861759425494,"stage":"Assembling city geometry"},{"ms":2058.01,"progress":0.871149012567325,"stage":"Assembling city geometry"},{"ms":2132.9,"progress":0.871292639138241,"stage":"Assembling city geometry"},{"ms":2206.47,"progress":0.871579892280072,"stage":"Assembling city geometry"},{"ms":2267.915,"progress":0.871867145421903,"stage":"Assembling city geometry"},{"ms":2338.805,"progress":0.872010771992819,"stage":"Assembling city geometry"},{"ms":2415.805,"progress":0.872154398563734,"stage":"Assembling city geometry"},{"ms":2475.01,"progress":0.87229802513465,"stage":"Assembling city geometry"},{"ms":2539.8,"progress":0.872441651705566,"stage":"Assembling city geometry"},{"ms":2607.81,"progress":0.872585278276481,"stage":"Assembling city geometry"},{"ms":2657.31,"progress":0.872872531418312,"stage":"Assembling city geometry"},{"ms":2710.865,"progress":0.873016157989228,"stage":"Assembling city geometry"},{"ms":2766.205,"progress":0.873159784560144,"stage":"Assembling city geometry"},{"ms":2825.815,"progress":0.873303411131059,"stage":"Assembling city geometry"},{"ms":2867.21,"progress":0.873447037701975,"stage":"Assembling city geometry"},{"ms":2933.54,"progress":0.87359066427289,"stage":"Assembling city geometry"},{"ms":3000.61,"progress":0.873734290843806,"stage":"Assembling city geometry"},{"ms":3050.415,"progress":0.874021543985637,"stage":"Assembling city geometry"},{"ms":3112.375,"progress":0.874165170556553,"stage":"Assembling city geometry"},{"ms":3161.18,"progress":0.874308797127469,"stage":"Assembling city geometry"},{"ms":3223.96,"progress":0.874452423698384,"stage":"Assembling city geometry"},{"ms":3275.355,"progress":0.8745960502693,"stage":"Assembling city geometry"},{"ms":3337.73,"progress":0.874739676840215,"stage":"Assembling city geometry"},{"ms":3402.73,"progress":0.874883303411131,"stage":"Assembling city geometry"},{"ms":3446.595,"progress":0.875026929982047,"stage":"Assembling city geometry"},{"ms":3505.89,"progress":0.875170556552962,"stage":"Assembling city geometry"},{"ms":3558.24,"progress":0.875314183123878,"stage":"Assembling city geometry"},{"ms":3623.28,"progress":0.875457809694794,"stage":"Assembling city geometry"},{"ms":3676.235,"progress":0.875601436265709,"stage":"Assembling city geometry"},{"ms":3737.54,"progress":0.875745062836625,"stage":"Assembling city geometry"},{"ms":3804.815,"progress":0.87588868940754,"stage":"Assembling city geometry"},{"ms":3848.65,"progress":0.876032315978456,"stage":"Assembling city geometry"},{"ms":3910.77,"progress":0.876319569120287,"stage":"Assembling city geometry"},{"ms":3955.8,"progress":0.876606822262119,"stage":"Assembling city geometry"},{"ms":4019.565,"progress":0.876750448833034,"stage":"Assembling city geometry"},{"ms":4070.285,"progress":0.87689407540395,"stage":"Assembling city geometry"},{"ms":4133.825,"progress":0.877037701974865,"stage":"Assembling city geometry"},{"ms":4200.32,"progress":0.877181328545781,"stage":"Assembling city geometry"},{"ms":4246.55,"progress":0.877324955116697,"stage":"Assembling city geometry"},{"ms":4306.005,"progress":0.877468581687612,"stage":"Assembling city geometry"},{"ms":4350.855,"progress":0.877612208258528,"stage":"Assembling city geometry"},{"ms":4414.59,"progress":0.877755834829443,"stage":"Assembling city geometry"},{"ms":4461.975,"progress":0.878043087971275,"stage":"Assembling city geometry"},{"ms":4524.395,"progress":0.878330341113106,"stage":"Assembling city geometry"},{"ms":4571.245,"progress":0.878473967684022,"stage":"Assembling city geometry"},{"ms":4638.23,"progress":0.878617594254937,"stage":"Assembling city geometry"},{"ms":4705.79,"progress":0.878904847396768,"stage":"Assembling city geometry"},{"ms":4752.31,"progress":0.879048473967684,"stage":"Assembling city geometry"},{"ms":4809.575,"progress":0.8791921005386,"stage":"Assembling city geometry"},{"ms":4861.0,"progress":0.879335727109515,"stage":"Assembling city geometry"},{"ms":4934.07,"progress":0.879479353680431,"stage":"Assembling city geometry"},{"ms":5008.12,"progress":0.879766606822262,"stage":"Assembling city geometry"},{"ms":5066.065,"progress":0.879910233393178,"stage":"Assembling city geometry"},{"ms":5127.05,"progress":0.880053859964093,"stage":"Assembling city geometry"},{"ms":5175.395,"progress":0.880197486535009,"stage":"Assembling city geometry"},{"ms":5236.49,"progress":0.880341113105925,"stage":"Assembling city geometry"},{"ms":5277.615,"progress":0.88048473967684,"stage":"Assembling city geometry"},{"ms":5335.31,"progress":0.880628366247756,"stage":"Assembling city geometry"},{"ms":5400.095,"progress":0.880771992818671,"stage":"Assembling city geometry"},{"ms":5447.455,"progress":0.881059245960503,"stage":"Assembling city geometry"},{"ms":5504.215,"progress":0.881346499102334,"stage":"Assembling city geometry"},{"ms":5544.69,"progress":0.88149012567325,"stage":"Assembling city geometry"},{"ms":5601.855,"progress":0.881921005385996,"stage":"Assembling city geometry"},{"ms":5645.225,"progress":0.882064631956912,"stage":"Assembling city geometry"},{"ms":5702.675,"progress":0.882208258527828,"stage":"Assembling city geometry"},{"ms":5745.115,"progress":0.882351885098743,"stage":"Assembling city geometry"},{"ms":5812.87,"progress":0.882639138240574,"stage":"Assembling city geometry"},{"ms":5859.445,"progress":0.88278276481149,"stage":"Assembling city geometry"},{"ms":5921.015,"progress":0.882926391382406,"stage":"Assembling city geometry"},{"ms":5976.0,"progress":0.883070017953321,"stage":"Assembling city geometry"},{"ms":6043.3,"progress":0.883213644524237,"stage":"Assembling city geometry"},{"ms":6119.79,"progress":0.883357271095153,"stage":"Assembling city geometry"},{"ms":6162.365,"progress":0.883500897666068,"stage":"Assembling city geometry"},{"ms":6217.4,"progress":0.883644524236984,"stage":"Assembling city geometry"},{"ms":6274.085,"progress":0.883788150807899,"stage":"Assembling city geometry"},{"ms":6343.19,"progress":0.883931777378815,"stage":"Assembling city geometry"},{"ms":6420.905,"progress":0.886517055655296,"stage":"Assembling city geometry"},{"ms":6474.47,"progress":0.886660682226212,"stage":"Assembling city geometry"},{"ms":6526.3,"progress":0.886804308797127,"stage":"Assembling city geometry"},{"ms":6568.425,"progress":0.886947935368043,"stage":"Assembling city geometry"},{"ms":6636.065,"progress":0.887091561938959,"stage":"Assembling city geometry"},{"ms":6704.04,"progress":0.887235188509874,"stage":"Assembling city geometry"},{"ms":6753.52,"progress":0.88737881508079,"stage":"Assembling city geometry"},{"ms":6813.55,"progress":0.887522441651706,"stage":"Assembling city geometry"},{"ms":6864.075,"progress":0.887666068222621,"stage":"Assembling city geometry"},{"ms":6921.585,"progress":0.887809694793537,"stage":"Assembling city geometry"},{"ms":6969.975,"progress":0.887953321364452,"stage":"Assembling city geometry"},{"ms":7029.955,"progress":0.888096947935368,"stage":"Assembling city geometry"},{"ms":7074.745,"progress":0.888240574506284,"stage":"Assembling city geometry"},{"ms":7099.065,"progress":0.888384201077199,"stage":"Assembling city geometry"},{"ms":7178.18,"progress":0.888527827648115,"stage":"Assembling city geometry"},{"ms":7241.395,"progress":0.888815080789946,"stage":"Assembling city geometry"},{"ms":7307.73,"progress":0.888958707360862,"stage":"Assembling city geometry"},{"ms":7360.025,"progress":0.889102333931777,"stage":"Assembling city geometry"},{"ms":7423.655,"progress":0.889245960502693,"stage":"Assembling city geometry"},{"ms":7469.275,"progress":0.889389587073609,"stage":"Assembling city geometry"},{"ms":7534.62,"progress":0.889533213644524,"stage":"Assembling city geometry"},{"ms":7601.6,"progress":0.88967684021544,"stage":"Assembling city geometry"},{"ms":7647.77,"progress":0.889820466786356,"stage":"Assembling city geometry"},{"ms":7709.415,"progress":0.889964093357271,"stage":"Assembling city geometry"},{"ms":7761.465,"progress":0.890107719928187,"stage":"Assembling city geometry"},{"ms":7831.07,"progress":0.890251346499102,"stage":"Assembling city geometry"},{"ms":7900.91,"progress":0.890538599640934,"stage":"Assembling city geometry"},{"ms":7952.15,"progress":0.890682226211849,"stage":"Assembling city geometry"},{"ms":8014.52,"progress":0.890825852782765,"stage":"Assembling city geometry"},{"ms":8058.3,"progress":0.89096947935368,"stage":"Assembling city geometry"},{"ms":8122.55,"progress":0.891256732495512,"stage":"Assembling city geometry"},{"ms":8172.825,"progress":0.891400359066427,"stage":"Assembling city geometry"},{"ms":8242.39,"progress":0.891687612208259,"stage":"Assembling city geometry"},{"ms":8300.125,"progress":0.891831238779174,"stage":"Assembling city geometry"},{"ms":8350.935,"progress":0.89197486535009,"stage":"Assembling city geometry"},{"ms":8421.415,"progress":0.892118491921005,"stage":"Assembling city geometry"},{"ms":8472.69,"progress":0.892262118491921,"stage":"Assembling city geometry"},{"ms":8537.22,"progress":0.892405745062837,"stage":"Assembling city geometry"},{"ms":8602.1,"progress":0.892549371633752,"stage":"Assembling city geometry"},{"ms":8660.365,"progress":0.892692998204668,"stage":"Assembling city geometry"},{"ms":8719.795,"progress":0.892836624775583,"stage":"Assembling city geometry"},{"ms":8765.64,"progress":0.892980251346499,"stage":"Assembling city geometry"},{"ms":8825.095,"progress":0.893123877917415,"stage":"Assembling city geometry"},{"ms":8876.1,"progress":0.89326750448833,"stage":"Assembling city geometry"},{"ms":8956.055,"progress":0.893411131059246,"stage":"Assembling city geometry"},{"ms":9028.42,"progress":0.893554757630162,"stage":"Assembling city geometry"},{"ms":9102.145,"progress":0.893842010771993,"stage":"Assembling city geometry"},{"ms":9155.88,"progress":0.893985637342908,"stage":"Assembling city geometry"},{"ms":9219.64,"progress":0.894129263913824,"stage":"Assembling city geometry"},{"ms":9273.915,"progress":0.894560143626571,"stage":"Assembling city geometry"},{"ms":9340.895,"progress":0.894703770197486,"stage":"Assembling city geometry"},{"ms":9409.55,"progress":0.894847396768402,"stage":"Assembling city geometry"},{"ms":9460.045,"progress":0.894991023339318,"stage":"Assembling city geometry"},{"ms":9517.805,"progress":0.895134649910233,"stage":"Assembling city geometry"},{"ms":9565.555,"progress":0.895421903052065,"stage":"Assembling city geometry"},{"ms":9633.12,"progress":0.89556552962298,"stage":"Assembling city geometry"},{"ms":9679.485,"progress":0.895709156193896,"stage":"Assembling city geometry"},{"ms":9737.77,"progress":0.895852782764812,"stage":"Assembling city geometry"},{"ms":9801.31,"progress":0.896140035906643,"stage":"Assembling city geometry"},{"ms":9848.245,"progress":0.896427289048474,"stage":"Assembling city geometry"},{"ms":9906.865,"progress":0.89657091561939,"stage":"Assembling city geometry"},{"ms":9956.835,"progress":0.896858168761221,"stage":"Assembling city geometry"},{"ms":10011.95,"progress":0.897001795332136,"stage":"Assembling city geometry"},{"ms":10056.935,"progress":0.897289048473968,"stage":"Assembling city geometry"},{"ms":10123.42,"progress":0.897576301615799,"stage":"Assembling city geometry"},{"ms":10177.74,"progress":0.89786355475763,"stage":"Assembling city geometry"},{"ms":10200.065,"progress":0.898007181328546,"stage":"Assembling city geometry"},{"ms":10309.735,"progress":0.898150807899461,"stage":"Assembling city geometry"},{"ms":10364.19,"progress":0.898438061041293,"stage":"Assembling city geometry"},{"ms":10427.115,"progress":0.898581687612208,"stage":"Assembling city geometry"},{"ms":10477.64,"progress":0.898725314183124,"stage":"Assembling city geometry"},{"ms":10545.215,"progress":0.898868940754039,"stage":"Assembling city geometry"},{"ms":10609.415,"progress":0.899156193895871,"stage":"Assembling city geometry"},{"ms":10651.035,"progress":0.899443447037702,"stage":"Assembling city geometry"},{"ms":10707.895,"progress":0.899730700179533,"stage":"Assembling city geometry"},{"ms":10757.235,"progress":0.899874326750449,"stage":"Assembling city geometry"},{"ms":10816.33,"progress":0.900017953321364,"stage":"Assembling city geometry"},{"ms":10861.09,"progress":0.90016157989228,"stage":"Assembling city geometry"},{"ms":10918.57,"progress":0.900305206463196,"stage":"Assembling city geometry"},{"ms":10961.92,"progress":0.900592459605027,"stage":"Assembling city geometry"},{"ms":11023.91,"progress":0.900879712746858,"stage":"Assembling city geometry"},{"ms":11067.53,"progress":0.901023339317774,"stage":"Assembling city geometry"},{"ms":11149.57,"progress":0.901166965888689,"stage":"Assembling city geometry"},{"ms":11199.935,"progress":0.901454219030521,"stage":"Assembling city geometry"},{"ms":11241.87,"progress":0.901597845601436,"stage":"Assembling city geometry"},{"ms":11299.175,"progress":0.901741472172352,"stage":"Assembling city geometry"},{"ms":11342.18,"progress":0.901885098743267,"stage":"Assembling city geometry"},{"ms":11399.47,"progress":0.902028725314183,"stage":"Assembling city geometry"},{"ms":11441.42,"progress":0.902172351885099,"stage":"Assembling city geometry"},{"ms":11487.555,"progress":0.90245960502693,"stage":"Assembling city geometry"},{"ms":11537.955,"progress":0.902603231597846,"stage":"Assembling city geometry"},{"ms":11578.625,"progress":0.902746858168761,"stage":"Assembling city geometry"},{"ms":11598.385,"progress":0.902890484739677,"stage":"Assembling city geometry"},{"ms":11673.955,"progress":0.903034111310592,"stage":"Assembling city geometry"},{"ms":11732.685,"progress":0.903321364452424,"stage":"Assembling city geometry"},{"ms":11775.88,"progress":0.903464991023339,"stage":"Assembling city geometry"},{"ms":11834.495,"progress":0.903608617594255,"stage":"Assembling city geometry"},{"ms":11878.315,"progress":0.903752244165171,"stage":"Assembling city geometry"},{"ms":11934.84,"progress":0.903895870736086,"stage":"Assembling city geometry"},{"ms":11977.175,"progress":0.904039497307002,"stage":"Assembling city geometry"},{"ms":12035.135,"progress":0.904183123877917,"stage":"Assembling city geometry"},{"ms":12077.805,"progress":0.904326750448833,"stage":"Assembling city geometry"},{"ms":12134.92,"progress":0.904614003590664,"stage":"Assembling city geometry"},{"ms":12175.23,"progress":0.90475763016158,"stage":"Assembling city geometry"},{"ms":12232.285,"progress":0.905044883303411,"stage":"Assembling city geometry"},{"ms":12300.07,"progress":0.905188509874327,"stage":"Assembling city geometry"},{"ms":12350.06,"progress":0.905332136445242,"stage":"Assembling city geometry"},{"ms":12411.165,"progress":0.905475763016158,"stage":"Assembling city geometry"},{"ms":12461.72,"progress":0.905619389587074,"stage":"Assembling city geometry"},{"ms":12525.215,"progress":0.905763016157989,"stage":"Assembling city geometry"},{"ms":12573.485,"progress":0.905906642728905,"stage":"Assembling city geometry"},{"ms":12631.95,"progress":0.90605026929982,"stage":"Assembling city geometry"},{"ms":12675.02,"progress":0.906193895870736,"stage":"Assembling city geometry"},{"ms":12699.99,"progress":0.906337522441652,"stage":"Assembling city geometry"},{"ms":12774.45,"progress":0.906481149012567,"stage":"Assembling city geometry"},{"ms":12840.57,"progress":0.906624775583483,"stage":"Assembling city geometry"},{"ms":12905.435,"progress":0.906768402154399,"stage":"Assembling city geometry"},{"ms":12958.785,"progress":0.906912028725314,"stage":"Assembling city geometry"},{"ms":13022.325,"progress":0.907199281867145,"stage":"Assembling city geometry"},{"ms":13066.145,"progress":0.907342908438061,"stage":"Assembling city geometry"},{"ms":13125.84,"progress":0.907486535008977,"stage":"Assembling city geometry"},{"ms":13173.955,"progress":0.907630161579892,"stage":"Assembling city geometry"},{"ms":13233.085,"progress":0.907773788150808,"stage":"Assembling city geometry"},{"ms":13278.035,"progress":0.907917414721723,"stage":"Assembling city geometry"},{"ms":13336.98,"progress":0.908061041292639,"stage":"Assembling city geometry"},{"ms":13406.44,"progress":0.908204667863555,"stage":"Assembling city geometry"},{"ms":13449.675,"progress":0.908491921005386,"stage":"Assembling city geometry"},{"ms":13507.145,"progress":0.908635547576302,"stage":"Assembling city geometry"},{"ms":13553.51,"progress":0.908922800718133,"stage":"Assembling city geometry"},{"ms":13618.645,"progress":0.909210053859964,"stage":"Assembling city geometry"},{"ms":13661.74,"progress":0.90935368043088,"stage":"Assembling city geometry"},{"ms":13717.09,"progress":0.909497307001795,"stage":"Assembling city geometry"},{"ms":13760.43,"progress":0.909640933572711,"stage":"Assembling city geometry"},{"ms":13820.385,"progress":0.909784560143627,"stage":"Assembling city geometry"},{"ms":13867.49,"progress":0.910071813285458,"stage":"Assembling city geometry"},{"ms":13931.89,"progress":0.910502692998205,"stage":"Assembling city geometry"},{"ms":13978.93,"progress":0.910789946140036,"stage":"Assembling city geometry"},{"ms":13998.415,"progress":0.910933572710952,"stage":"Assembling city geometry"},{"ms":14102.43,"progress":0.911220825852783,"stage":"Assembling city geometry"},{"ms":14153.475,"progress":0.911508078994614,"stage":"Assembling city geometry"},{"ms":14217.06,"progress":0.911795332136445,"stage":"Assembling city geometry"},{"ms":14264.235,"progress":0.911938958707361,"stage":"Assembling city geometry"},{"ms":14319.28,"progress":0.912082585278276,"stage":"Assembling city geometry"},{"ms":14364.395,"progress":0.912226211849192,"stage":"Assembling city geometry"},{"ms":14421.325,"progress":0.912369838420108,"stage":"Assembling city geometry"},{"ms":14466.66,"progress":0.912657091561939,"stage":"Assembling city geometry"},{"ms":14523.495,"progress":0.912800718132855,"stage":"Assembling city geometry"},{"ms":14569.495,"progress":0.91294434470377,"stage":"Assembling city geometry"},{"ms":14628.8,"progress":0.913087971274686,"stage":"Assembling city geometry"},{"ms":14677.66,"progress":0.913662477558348,"stage":"Assembling city geometry"},{"ms":14738.62,"progress":0.913806104129264,"stage":"Assembling city geometry"},{"ms":14804.99,"progress":0.913949730700179,"stage":"Assembling city geometry"},{"ms":14854.895,"progress":0.914380610412926,"stage":"Assembling city geometry"},{"ms":14910.72,"progress":0.914667863554758,"stage":"Assembling city geometry"},{"ms":14954.53,"progress":0.914811490125673,"stage":"Assembling city geometry"},{"ms":15019.41,"progress":0.914955116696589,"stage":"Assembling city geometry"},{"ms":15063.73,"progress":0.915098743267505,"stage":"Assembling city geometry"},{"ms":15121.745,"progress":0.91524236983842,"stage":"Assembling city geometry"},{"ms":15165.74,"progress":0.915529622980251,"stage":"Assembling city geometry"},{"ms":15225.775,"progress":0.915673249551167,"stage":"Assembling city geometry"},{"ms":15273.235,"progress":0.915816876122083,"stage":"Assembling city geometry"},{"ms":15344.755,"progress":0.915960502692998,"stage":"Assembling city geometry"},{"ms":15417.59,"progress":0.916104129263914,"stage":"Assembling city geometry"},{"ms":15471.12,"progress":0.916391382405745,"stage":"Assembling city geometry"},{"ms":15525.85,"progress":0.916535008976661,"stage":"Assembling city geometry"},{"ms":15565.705,"progress":0.916822262118492,"stage":"Assembling city geometry"},{"ms":15619.9,"progress":0.916965888689408,"stage":"Assembling city geometry"},{"ms":15658.77,"progress":0.917109515260323,"stage":"Assembling city geometry"},{"ms":15716.22,"progress":0.917253141831239,"stage":"Assembling city geometry"},{"ms":15756.725,"progress":0.917396768402154,"stage":"Assembling city geometry"},{"ms":15813.195,"progress":0.91754039497307,"stage":"Assembling city geometry"},{"ms":15853.69,"progress":0.917684021543986,"stage":"Assembling city geometry"},{"ms":15911.99,"progress":0.917827648114901,"stage":"Assembling city geometry"},{"ms":15951.615,"progress":0.917971274685817,"stage":"Assembling city geometry"},{"ms":16011.195,"progress":0.918114901256732,"stage":"Assembling city geometry"},{"ms":16058.93,"progress":0.918258527827648,"stage":"Assembling city geometry"},{"ms":16118.1,"progress":0.918402154398564,"stage":"Assembling city geometry"},{"ms":16160.115,"progress":0.918545780969479,"stage":"Assembling city geometry"},{"ms":16215.875,"progress":0.918689407540395,"stage":"Assembling city geometry"},{"ms":16260.045,"progress":0.918833034111311,"stage":"Assembling city geometry"},{"ms":16316.535,"progress":0.918976660682226,"stage":"Assembling city geometry"},{"ms":16358.14,"progress":0.919120287253142,"stage":"Assembling city geometry"},{"ms":16413.605,"progress":0.919263913824057,"stage":"Assembling city geometry"},{"ms":16459.005,"progress":0.919407540394973,"stage":"Assembling city geometry"},{"ms":16523.54,"progress":0.919551166965889,"stage":"Assembling city geometry"},{"ms":16564.165,"progress":0.919694793536804,"stage":"Assembling city geometry"},{"ms":16624.76,"progress":0.91983842010772,"stage":"Assembling city geometry"},{"ms":16675.56,"progress":0.919982046678636,"stage":"Assembling city geometry"},{"ms":16738.325,"progress":0.920125673249551,"stage":"Assembling city geometry"},{"ms":16800.48,"progress":0.920412926391382,"stage":"Assembling city geometry"},{"ms":16840.49,"progress":0.920700179533214,"stage":"Assembling city geometry"},{"ms":16900.295,"progress":0.920843806104129,"stage":"Assembling city geometry"},{"ms":16940.355,"progress":0.920987432675045,"stage":"Assembling city geometry"},{"ms":16979.075,"progress":0.921131059245961,"stage":"Assembling city geometry"},{"ms":17031.875,"progress":0.921274685816876,"stage":"Assembling city geometry"},{"ms":17072.7,"progress":0.921418312387792,"stage":"Assembling city geometry"},{"ms":17127.645,"progress":0.921561938958707,"stage":"Assembling city geometry"},{"ms":17169.43,"progress":0.921705565529623,"stage":"Assembling city geometry"},{"ms":17226.38,"progress":0.921849192100539,"stage":"Assembling city geometry"},{"ms":17270.21,"progress":0.921992818671454,"stage":"Assembling city geometry"},{"ms":17325.64,"progress":0.922280071813285,"stage":"Assembling city geometry"},{"ms":17368.41,"progress":0.922423698384201,"stage":"Assembling city geometry"},{"ms":17423.945,"progress":0.922567324955117,"stage":"Assembling city geometry"},{"ms":17466.17,"progress":0.922710951526032,"stage":"Assembling city geometry"},{"ms":17526.93,"progress":0.922854578096948,"stage":"Assembling city geometry"},{"ms":17569.33,"progress":0.922998204667864,"stage":"Assembling city geometry"},{"ms":17627.73,"progress":0.923141831238779,"stage":"Assembling city geometry"},{"ms":17670.08,"progress":0.923285457809695,"stage":"Assembling city geometry"},{"ms":17729.34,"progress":0.92342908438061,"stage":"Assembling city geometry"},{"ms":17805.63,"progress":0.923572710951526,"stage":"Assembling city geometry"},{"ms":17855.6,"progress":0.923716337522442,"stage":"Assembling city geometry"},{"ms":17918.07,"progress":0.923859964093357,"stage":"Assembling city geometry"},{"ms":17963.85,"progress":0.924003590664273,"stage":"Assembling city geometry"},{"ms":18020.835,"progress":0.924147217235189,"stage":"Assembling city geometry"},{"ms":18064.2,"progress":0.924290843806104,"stage":"Assembling city geometry"},{"ms":18122.59,"progress":0.92443447037702,"stage":"Assembling city geometry"},{"ms":18167.645,"progress":0.924578096947935,"stage":"Assembling city geometry"},{"ms":18227.76,"progress":0.924721723518851,"stage":"Assembling city geometry"},{"ms":18299.745,"progress":0.924865350089767,"stage":"Assembling city geometry"},{"ms":18349.72,"progress":0.925008976660682,"stage":"Assembling city geometry"},{"ms":18415.15,"progress":0.925152603231598,"stage":"Assembling city geometry"},{"ms":18466.225,"progress":0.925296229802513,"stage":"Assembling city geometry"},{"ms":18529.645,"progress":0.92572710951526,"stage":"Assembling city geometry"},{"ms":18575.565,"progress":0.925870736086176,"stage":"Assembling city geometry"},{"ms":18632.095,"progress":0.926014362657092,"stage":"Assembling city geometry"},{"ms":18676.22,"progress":0.926157989228007,"stage":"Assembling city geometry"},{"ms":18733.81,"progress":0.926301615798923,"stage":"Assembling city geometry"},{"ms":18778.61,"progress":0.926445242369838,"stage":"Assembling city geometry"},{"ms":18840.57,"progress":0.926588868940754,"stage":"Assembling city geometry"},{"ms":18900.43,"progress":0.92673249551167,"stage":"Assembling city geometry"},{"ms":18946.43,"progress":0.926876122082585,"stage":"Assembling city geometry"},{"ms":19004.83,"progress":0.927019748653501,"stage":"Assembling city geometry"},{"ms":19047.21,"progress":0.927163375224416,"stage":"Assembling city geometry"},{"ms":19118.1,"progress":0.927307001795332,"stage":"Assembling city geometry"},{"ms":19175.66,"progress":0.927450628366248,"stage":"Assembling city geometry"},{"ms":19232.625,"progress":0.927594254937163,"stage":"Assembling city geometry"},{"ms":19277.305,"progress":0.927737881508079,"stage":"Assembling city geometry"},{"ms":19334.455,"progress":0.927881508078995,"stage":"Assembling city geometry"},{"ms":19379.05,"progress":0.92802513464991,"stage":"Assembling city geometry"},{"ms":19440.23,"progress":0.928168761220826,"stage":"Assembling city geometry"},{"ms":19501.12,"progress":0.928312387791742,"stage":"Assembling city geometry"},{"ms":19545.38,"progress":0.928456014362657,"stage":"Assembling city geometry"},{"ms":19606.885,"progress":0.928599640933573,"stage":"Assembling city geometry"},{"ms":19651.3,"progress":0.928743267504488,"stage":"Assembling city geometry"},{"ms":19710.445,"progress":0.928886894075404,"stage":"Assembling city geometry"},{"ms":19761.665,"progress":0.92903052064632,"stage":"Assembling city geometry"},{"ms":19826.74,"progress":0.929174147217235,"stage":"Assembling city geometry"},{"ms":19877.42,"progress":0.929317773788151,"stage":"Assembling city geometry"},{"ms":19938.125,"progress":0.929461400359066,"stage":"Assembling city geometry"},{"ms":20000.37,"progress":0.929605026929982,"stage":"Assembling city geometry"},{"ms":20047.89,"progress":0.929748653500898,"stage":"Assembling city geometry"},{"ms":20110.575,"progress":0.929892280071813,"stage":"Assembling city geometry"},{"ms":20158.38,"progress":0.930035906642729,"stage":"Assembling city geometry"},{"ms":20214.905,"progress":0.930179533213645,"stage":"Assembling city geometry"},{"ms":20258.49,"progress":0.93032315978456,"stage":"Assembling city geometry"},{"ms":20316.585,"progress":0.930466786355476,"stage":"Assembling city geometry"},{"ms":20360.61,"progress":0.930610412926391,"stage":"Assembling city geometry"},{"ms":20418.415,"progress":0.930754039497307,"stage":"Assembling city geometry"},{"ms":20462.225,"progress":0.930897666068223,"stage":"Assembling city geometry"},{"ms":20521.175,"progress":0.931041292639138,"stage":"Assembling city geometry"},{"ms":20564.02,"progress":0.931184919210054,"stage":"Assembling city geometry"},{"ms":20626.5,"progress":0.931328545780969,"stage":"Assembling city geometry"},{"ms":20678.565,"progress":0.931472172351885,"stage":"Assembling city geometry"},{"ms":20738.925,"progress":0.931615798922801,"stage":"Assembling city geometry"},{"ms":20801.085,"progress":0.931759425493716,"stage":"Assembling city geometry"},{"ms":20845.44,"progress":0.931903052064632,"stage":"Assembling city geometry"},{"ms":20901.9,"progress":0.932046678635548,"stage":"Assembling city geometry"},{"ms":20944.83,"progress":0.932190305206463,"stage":"Assembling city geometry"},{"ms":21005.51,"progress":0.932333931777379,"stage":"Assembling city geometry"},{"ms":21049.935,"progress":0.932477558348294,"stage":"Assembling city geometry"},{"ms":21107.405,"progress":0.93262118491921,"stage":"Assembling city geometry"},{"ms":21153.435,"progress":0.932764811490126,"stage":"Assembling city geometry"},{"ms":21213.32,"progress":0.932908438061041,"stage":"Assembling city geometry"},{"ms":21259.345,"progress":0.933052064631957,"stage":"Assembling city geometry"},{"ms":21319.365,"progress":0.933195691202872,"stage":"Assembling city geometry"},{"ms":21368.16,"progress":0.933339317773788,"stage":"Assembling city geometry"},{"ms":21429.835,"progress":0.933626570915619,"stage":"Assembling city geometry"},{"ms":21478.595,"progress":0.933770197486535,"stage":"Assembling city geometry"},{"ms":21538.3,"progress":0.933913824057451,"stage":"Assembling city geometry"},{"ms":21599.925,"progress":0.934057450628366,"stage":"Assembling city geometry"},{"ms":21643.605,"progress":0.934201077199282,"stage":"Assembling city geometry"},{"ms":21705.06,"progress":0.934344703770198,"stage":"Assembling city geometry"},{"ms":21750.67,"progress":0.934488330341113,"stage":"Assembling city geometry"},{"ms":21811.115,"progress":0.934631956912029,"stage":"Assembling city geometry"},{"ms":21858.315,"progress":0.934775583482944,"stage":"Assembling city geometry"},{"ms":21920.495,"progress":0.93491921005386,"stage":"Assembling city geometry"},{"ms":21976.195,"progress":0.935062836624776,"stage":"Assembling city geometry"},{"ms":22035.48,"progress":0.935206463195691,"stage":"Assembling city geometry"},{"ms":22083.835,"progress":0.935350089766607,"stage":"Assembling city geometry"},{"ms":22139.755,"progress":0.935493716337522,"stage":"Assembling city geometry"},{"ms":22199.73,"progress":0.935637342908438,"stage":"Assembling city geometry"},{"ms":22243.93,"progress":0.935780969479354,"stage":"Assembling city geometry"},{"ms":22311.445,"progress":0.935924596050269,"stage":"Assembling city geometry"},{"ms":22361.59,"progress":0.936068222621185,"stage":"Assembling city geometry"},{"ms":22431.61,"progress":0.936211849192101,"stage":"Assembling city geometry"},{"ms":22500.77,"progress":0.936355475763016,"stage":"Assembling city geometry"},{"ms":22551.47,"progress":0.936499102333932,"stage":"Assembling city geometry"},{"ms":22616.215,"progress":0.936642728904847,"stage":"Assembling city geometry"},{"ms":22659.82,"progress":0.936786355475763,"stage":"Assembling city geometry"},{"ms":22717.45,"progress":0.936929982046679,"stage":"Assembling city geometry"},{"ms":22762.49,"progress":0.937073608617594,"stage":"Assembling city geometry"},{"ms":22832.46,"progress":0.93721723518851,"stage":"Assembling city geometry"},{"ms":22899.11,"progress":0.937360861759425,"stage":"Assembling city geometry"},{"ms":22946.43,"progress":0.937504488330341,"stage":"Assembling city geometry"},{"ms":23004.435,"progress":0.937791741472172,"stage":"Assembling city geometry"},{"ms":23046.86,"progress":0.937935368043088,"stage":"Assembling city geometry"},{"ms":23115.525,"progress":0.938078994614004,"stage":"Assembling city geometry"},{"ms":23167.06,"progress":0.938222621184919,"stage":"Assembling city geometry"},{"ms":23226.32,"progress":0.938366247755835,"stage":"Assembling city geometry"},{"ms":23277.355,"progress":0.93850987432675,"stage":"Assembling city geometry"},{"ms":23341.82,"progress":0.938653500897666,"stage":"Assembling city geometry"},{"ms":23404.23,"progress":0.938797127468582,"stage":"Assembling city geometry"},{"ms":23447.99,"progress":0.938940754039497,"stage":"Assembling city geometry"},{"ms":23511.66,"progress":0.939084380610413,"stage":"Assembling city geometry"},{"ms":23557.82,"progress":0.939228007181329,"stage":"Assembling city geometry"},{"ms":23621.045,"progress":0.93951526032316,"stage":"Assembling city geometry"},{"ms":23665.55,"progress":0.940233393177738,"stage":"Assembling city geometry"},{"ms":23725.155,"progress":0.940377019748654,"stage":"Assembling city geometry"},{"ms":23773.18,"progress":0.940520646319569,"stage":"Assembling city geometry"},{"ms":23832.32,"progress":0.940664272890485,"stage":"Assembling city geometry"},{"ms":23876.095,"progress":0.9408078994614,"stage":"Assembling city geometry"},{"ms":23933.69,"progress":0.940951526032316,"stage":"Assembling city geometry"},{"ms":23976.555,"progress":0.941095152603232,"stage":"Assembling city geometry"},{"ms":24035.735,"progress":0.941238779174147,"stage":"Assembling city geometry"},{"ms":24103.435,"progress":0.941382405745063,"stage":"Assembling city geometry"},{"ms":24145.435,"progress":0.941526032315978,"stage":"Assembling city geometry"},{"ms":24206.165,"progress":0.941669658886894,"stage":"Assembling city geometry"},{"ms":24248.195,"progress":0.94181328545781,"stage":"Assembling city geometry"},{"ms":24304.53,"progress":0.941956912028725,"stage":"Assembling city geometry"},{"ms":24346.78,"progress":0.942100538599641,"stage":"Assembling city geometry"},{"ms":24404.39,"progress":0.942387791741472,"stage":"Assembling city geometry"},{"ms":24449.465,"progress":0.942531418312388,"stage":"Assembling city geometry"},{"ms":24509.815,"progress":0.942818671454219,"stage":"Assembling city geometry"},{"ms":24554.1,"progress":0.942962298025135,"stage":"Assembling city geometry"},{"ms":24610.005,"progress":0.94310592459605,"stage":"Assembling city geometry"},{"ms":24653.24,"progress":0.943249551166966,"stage":"Assembling city geometry"},{"ms":24714.19,"progress":0.943393177737881,"stage":"Assembling city geometry"},{"ms":24760.05,"progress":0.943536804308797,"stage":"Assembling city geometry"},{"ms":24817.985,"progress":0.943680430879713,"stage":"Assembling city geometry"},{"ms":24859.16,"progress":0.943824057450628,"stage":"Assembling city geometry"},{"ms":24917.51,"progress":0.943967684021544,"stage":"Assembling city geometry"},{"ms":24964.67,"progress":0.94411131059246,"stage":"Assembling city geometry"},{"ms":25022.675,"progress":0.944254937163375,"stage":"Assembling city geometry"},{"ms":25064.83,"progress":0.944398563734291,"stage":"Assembling city geometry"},{"ms":25122.455,"progress":0.944542190305206,"stage":"Assembling city geometry"},{"ms":25165.51,"progress":0.944685816876122,"stage":"Assembling city geometry"},{"ms":25229.655,"progress":0.944829443447038,"stage":"Assembling city geometry"},{"ms":25275.89,"progress":0.944973070017953,"stage":"Assembling city geometry"},{"ms":25337.995,"progress":0.945116696588869,"stage":"Assembling city geometry"},{"ms":25400.39,"progress":0.945260323159785,"stage":"Assembling city geometry"},{"ms":25446.3,"progress":0.9454039497307,"stage":"Assembling city geometry"},{"ms":25509.515,"progress":0.945547576301616,"stage":"Assembling city geometry"},{"ms":25552.285,"progress":0.945691202872531,"stage":"Assembling city geometry"},{"ms":25610.055,"progress":0.945834829443447,"stage":"Assembling city geometry"},{"ms":25652.6,"progress":0.945978456014363,"stage":"Assembling city geometry"},{"ms":25715.015,"progress":0.946122082585278,"stage":"Assembling city geometry"},{"ms":25761.035,"progress":0.946265709156194,"stage":"Assembling city geometry"},{"ms":25818.775,"progress":0.94640933572711,"stage":"Assembling city geometry"},{"ms":25860.965,"progress":0.946552962298025,"stage":"Assembling city geometry"},{"ms":25919.1,"progress":0.946696588868941,"stage":"Assembling city geometry"},{"ms":25962.245,"progress":0.946840215439856,"stage":"Assembling city geometry"},{"ms":26026.425,"progress":0.946983842010772,"stage":"Assembling city geometry"},{"ms":26072.39,"progress":0.947271095152603,"stage":"Assembling city geometry"},{"ms":26132.2,"progress":0.947414721723519,"stage":"Assembling city geometry"},{"ms":26200.13,"progress":0.947558348294435,"stage":"Assembling city geometry"},{"ms":26249.28,"progress":0.94770197486535,"stage":"Assembling city geometry"},{"ms":26305.44,"progress":0.947845601436266,"stage":"Assembling city geometry"},{"ms":26348.235,"progress":0.948132854578097,"stage":"Assembling city geometry"},{"ms":26410.175,"progress":0.948276481149013,"stage":"Assembling city geometry"},{"ms":26457.035,"progress":0.948420107719928,"stage":"Assembling city geometry"},{"ms":26516.5,"progress":0.948563734290844,"stage":"Assembling city geometry"},{"ms":26559.9,"progress":0.948707360861759,"stage":"Assembling city geometry"},{"ms":26615.39,"progress":0.948850987432675,"stage":"Assembling city geometry"},{"ms":26664.885,"progress":0.948994614003591,"stage":"Assembling city geometry"},{"ms":26734.555,"progress":0.949138240574506,"stage":"Assembling city geometry"},{"ms":26798.935,"progress":0.949281867145422,"stage":"Assembling city geometry"},{"ms":26856.67,"progress":0.949425493716338,"stage":"Assembling city geometry"},{"ms":26931.99,"progress":0.949569120287253,"stage":"Assembling city geometry"},{"ms":27004.15,"progress":0.949712746858169,"stage":"Assembling city geometry"},{"ms":27047.415,"progress":0.949856373429084,"stage":"Assembling city geometry"},{"ms":27783.725,"progress":0.97,"stage":"Warming lights and materials"},{"ms":31099.575,"progress":0.970517857142857,"stage":"Warming lights and materials"},{"ms":39337.555,"progress":0.971035714285714,"stage":"Warming lights and materials"},{"ms":45446.785,"progress":0.971553571428571,"stage":"Warming lights and materials"},{"ms":46318.485,"progress":0.972071428571429,"stage":"Warming lights and materials"},{"ms":47342.44,"progress":0.972589285714286,"stage":"Warming lights and materials"},{"ms":48019.67,"progress":0.973107142857143,"stage":"Warming lights and materials"},{"ms":48513.735,"progress":0.973625,"stage":"Warming lights and materials"},{"ms":49025.385,"progress":0.974142857142857,"stage":"Warming lights and materials"},{"ms":50306.47,"progress":0.974660714285714,"stage":"Warming lights and materials"},{"ms":52171.34,"progress":0.975178571428571,"stage":"Warming lights and materials"},{"ms":54539.215,"progress":0.975696428571429,"stage":"Warming lights and materials"},{"ms":55347.395,"progress":0.976214285714286,"stage":"Warming lights and materials"},{"ms":56463.11,"progress":0.976732142857143,"stage":"Warming lights and materials"},{"ms":57320.21,"progress":0.97725,"stage":"Warming lights and materials"},{"ms":58150.72,"progress":0.977767857142857,"stage":"Warming lights and materials"},{"ms":59010.97,"progress":0.978285714285714,"stage":"Warming lights and materials"},{"ms":59948.43,"progress":0.978803571428571,"stage":"Warming lights and materials"},{"ms":60674.81,"progress":0.979321428571429,"stage":"Warming lights and materials"},{"ms":61281.145,"progress":0.979839285714286,"stage":"Warming lights and materials"},{"ms":61931.215,"progress":0.980357142857143,"stage":"Warming lights and materials"},{"ms":62607.86,"progress":0.980875,"stage":"Warming lights and materials"},{"ms":63568.96,"progress":0.981392857142857,"stage":"Warming lights and materials"},{"ms":64452.895,"progress":0.981910714285714,"stage":"Warming lights and materials"},{"ms":65519.055,"progress":0.982428571428571,"stage":"Warming lights and materials"},{"ms":66600.775,"progress":0.982946428571429,"stage":"Warming traffic models"},{"ms":67458.285,"progress":0.983464285714286,"stage":"Warming traffic models"},{"ms":68344.98,"progress":0.983982142857143,"stage":"Warming traffic models"},{"ms":69246.05,"progress":0.9845,"stage":"Warming traffic models"},{"ms":71083.575,"progress":0.985017857142857,"stage":"Warming traffic models"},{"ms":72474.185,"progress":0.985535714285714,"stage":"Warming traffic models"},{"ms":73319.3,"progress":0.986053571428571,"stage":"Warming traffic models"},{"ms":74163.43,"progress":0.986571428571429,"stage":"Warming traffic models"},{"ms":75053.53,"progress":0.987089285714286,"stage":"Warming traffic models"},{"ms":75959.02,"progress":0.987607142857143,"stage":"Warming traffic models"},{"ms":76782.215,"progress":0.988125,"stage":"Warming traffic models"},{"ms":77720.12,"progress":0.988642857142857,"stage":"Warming traffic models"},{"ms":78436.48,"progress":0.989160714285714,"stage":"Warming traffic models"},{"ms":79262.89,"progress":0.989678571428571,"stage":"Warming traffic models"},{"ms":80104.625,"progress":0.990196428571429,"stage":"Warming traffic models"},{"ms":80667.04,"progress":0.990714285714286,"stage":"Warming traffic models"},{"ms":81452.23,"progress":0.991232142857143,"stage":"Warming traffic models"},{"ms":82524.3,"progress":0.99175,"stage":"Warming traffic models"},{"ms":83449.645,"progress":0.992267857142857,"stage":"Warming traffic models"},{"ms":84575.49,"progress":0.992785714285714,"stage":"Warming traffic models"},{"ms":85720.295,"progress":0.993303571428571,"stage":"Warming traffic models"},{"ms":86711.595,"progress":0.993821428571429,"stage":"Warming traffic models"},{"ms":87627.45,"progress":0.994339285714286,"stage":"Warming traffic models"},{"ms":88440.48,"progress":0.994857142857143,"stage":"Warming traffic models"},{"ms":89355.755,"progress":0.995375,"stage":"Warming lights and materials"},{"ms":90220.135,"progress":0.995892857142857,"stage":"Warming lights and materials"},{"ms":91057.335,"progress":0.996410714285714,"stage":"Warming lights and materials"},{"ms":91931.315,"progress":0.996928571428571,"stage":"Warming lights and materials"},{"ms":96025.045,"progress":0.999,"stage":"Warming countdown and HUD"},{"ms":96029.435,"progress":1.0,"stage":"Ready to race"}]}
[menu] WARNING: This control can't grab focus. Use set_focus_mode() and set_focus_behavior_recursive() to allow a control to get focus.
[menu]    at: grab_focus (scene/gui/control.cpp:3011)
[menu]    GDScript backtrace (most recent call first):
[menu]        [0] _ready (res://scripts/main_menu.gd:61)
[menu]        [1] prepare (res://scripts/race_loader.gd:147)
[menu]        [2] warm_entry_ui (res://scripts/slice/slice_race.gd:90)
[lower-city] WARNING: 'res://scenes/cop_car.tscn': In external resource #0, invalid UID: 'uid://bv1a8jlijkcus' - using text path instead: 'res://scripts/cop_car.gd'.
[lower-city]    at: open (core/io/resource_format_binary.cpp:1028)
[lower-city]    GDScript backtrace (most recent call first):
[lower-city]        [0] _on_lower_city (res://scripts/main_menu.gd:219)
[lower-city] WARNING: 'res://scenes/city_traffic.tscn': In external resource #0, invalid UID: 'uid://csayqyhd8g7ou' - using text path instead: 'res://scripts/traffic/city_traffic.gd'.
[lower-city]    at: open (core/io/resource_format_binary.cpp:1028)
[lower-city]    GDScript backtrace (most recent call first):
[lower-city]        [0] _spawn_traffic (res://scripts/lower_city/lower_city.gd:173)
[lower-city]        [1] _ready (res://scripts/lower_city/lower_city.gd:49)
[lower-city] WARNING: 'res://scenes/cop_manager.tscn': In external resource #0, invalid UID: 'uid://2puw7wpup7hw' - using text path instead: 'res://scripts/cop_manager.gd'.
[lower-city]    at: open (core/io/resource_format_binary.cpp:1028)
[lower-city]    GDScript backtrace (most recent call first):
[lower-city]        [0] _spawn_cops (res://scripts/lower_city/lower_city.gd:195)
[lower-city]        [1] _ready (res://scripts/lower_city/lower_city.gd:50)
[lower-city] ERROR: Error calling deferred method: 'Node(anime_look.gd)::_style_late': Cannot convert argument 1 from Object to Object.
[lower-city]    at: _call_function (core/object/message_queue.cpp:220)
[lower-city] ERROR: Error calling deferred method: 'Node(anime_look.gd)::_style_late': Cannot convert argument 1 from Object to Object.
[lower-city]    at: _call_function (core/object/message_queue.cpp:220)
[lower-city] ERROR: Error calling deferred method: 'Node(anime_look.gd)::_style_late': Cannot convert argument 1 from Object to Object.
[lower-city]    at: _call_function (core/object/message_queue.cpp:220)
[lower-city] ERROR: Error calling deferred method: 'Node(anime_look.gd)::_style_late': Cannot convert argument 1 from Object to Object.
[lower-city]    at: _call_function (core/object/message_queue.cpp:220)
[lower-city] ERROR: Error calling deferred method: 'Node(anime_look.gd)::_style_late': Cannot convert argument 1 from Object to Object.
[lower-city]    at: _call_function (core/object/message_queue.cpp:220)
[lower-city] ERROR: Error calling deferred method: 'Node(anime_look.gd)::_style_late': Cannot convert argument 1 from Object to Object.
[lower-city]    at: _call_function (core/object/message_queue.cpp:220)
[lower-city] ERROR: Error calling deferred method: 'Node(anime_look.gd)::_style_late': Cannot convert argument 1 from Object to Object.
[lower-city]    at: _call_function (core/object/message_queue.cpp:220)
[lower-city] ERROR: Error calling deferred method: 'Node(anime_look.gd)::_style_late': Cannot convert argument 1 from Object to Object.
[lower-city]    at: _call_function (core/object/message_queue.cpp:220)
[lower-city] ERROR: Error calling deferred method: 'Node(anime_look.gd)::_style_late': Cannot convert argument 1 from Object to Object.
[lower-city]    at: _call_function (core/object/message_queue.cpp:220)
[lower-city] ERROR: Error calling deferred method: 'Node(anime_look.gd)::_style_late': Cannot convert argument 1 from Object to Object.
[lower-city]    at: _call_function (core/object/message_queue.cpp:220)
[lower-city] ERROR: Error calling deferred method: 'Node(anime_look.gd)::_style_late': Cannot convert argument 1 from Object to Object.
[lower-city]    at: _call_function (core/object/message_queue.cpp:220)
[lower-city] ERROR: Error calling deferred method: 'Node(anime_look.gd)::_style_late': Cannot convert argument 1 from Object to Object.
[lower-city]    at: _call_function (core/object/message_queue.cpp:220)
[lower-city] ERROR: Error calling deferred method: 'Node(anime_look.gd)::_style_late': Cannot convert argument 1 from Object to Object.
[lower-city]    at: _call_function (core/object/message_queue.cpp:220)
[lower-city] ERROR: Error calling deferred method: 'Node(anime_look.gd)::_style_late': Cannot convert argument 1 from Object to Object.
[lower-city]    at: _call_function (core/object/message_queue.cpp:220)
[lower-city] ERROR: Error calling deferred method: 'Node(anime_look.gd)::_style_late': Cannot convert argument 1 from Object to Object.
[lower-city]    at: _call_function (core/object/message_queue.cpp:220)
[lower-city] ERROR: Error calling deferred method: 'Node(anime_look.gd)::_style_late': Cannot convert argument 1 from Object to Object.
[lower-city]    at: _call_function (core/object/message_queue.cpp:220)
[lower-city] ERROR: Error calling deferred method: 'Node(anime_look.gd)::_style_late': Cannot convert argument 1 from Object to Object.
[lower-city]    at: _call_function (core/object/message_queue.cpp:220)
[lower-city] ERROR: Error calling deferred method: 'Node(anime_look.gd)::_style_late': Cannot convert argument 1 from Object to Object.
[lower-city]    at: _call_function (core/object/message_queue.cpp:220)
[lower-city] ERROR: Error calling deferred method: 'Node(anime_look.gd)::_style_late': Cannot convert argument 1 from Object to Object.
[lower-city]    at: _call_function (core/object/message_queue.cpp:220)
[lower-city] ERROR: Error calling deferred method: 'Node(anime_look.gd)::_style_late': Cannot convert argument 1 from Object to Object.
[lower-city]    at: _call_function (core/object/message_queue.cpp:220)
[lower-city] ERROR: Error calling deferred method: 'Node(anime_look.gd)::_style_late': Cannot convert argument 1 from Object to Object.
[lower-city]    at: _call_function (core/object/message_queue.cpp:220)
[lower-city] ERROR: Error calling deferred method: 'Node(anime_look.gd)::_style_late': Cannot convert argument 1 from Object to Object.
[lower-city]    at: _call_function (core/object/message_queue.cpp:220)
