TD210_WEB_SHOT 1 routes/kamome-forward-hud-1280/td-210-criterion-2-before.png
TD210_WEB_SHOT 2 routes/kamome-forward-world-1280/td-210-criterion-2-before.png
TD210_WEB_SHOT 3 routes/kamome-reverse-hud-1280/td-210-criterion-2-before.png
TD210_WEB_SHOT 4 routes/kamome-reverse-world-1280/td-210-criterion-2-before.png
TD210_WEB_SHOT 5 routes/seri1-forward-hud-1280/td-210-criterion-2-before.png
TD210_WEB_SHOT 6 routes/seri1-forward-world-1280/td-210-criterion-2-before.png
TD210_WEB_SHOT 7 routes/seri1-reverse-hud-1280/td-210-criterion-2-before.png
TD210_WEB_SHOT 8 routes/seri1-reverse-world-1280/td-210-criterion-2-before.png
TD210_WEB_SHOT 9 routes/seri3-forward-hud-1280/td-210-criterion-2-before.png
TD210_WEB_SHOT 10 routes/seri3-forward-world-1280/td-210-criterion-2-before.png
TD210_WEB_SHOT 11 routes/seri3-reverse-hud-1280/td-210-criterion-2-before.png
TD210_WEB_SHOT 12 routes/seri3-reverse-world-1280/td-210-criterion-2-before.png
TD210_WEB_SHOT 13 routes/seri5-forward-hud-1280/td-210-criterion-2-before.png
TD210_WEB_SHOT 14 routes/seri5-forward-world-1280/td-210-criterion-2-before.png
TD210_WEB_SHOT 15 routes/seri5-reverse-hud-1280/td-210-criterion-2-before.png
TD210_WEB_SHOT 16 routes/seri5-reverse-world-1280/td-210-criterion-2-before.png
TD210_WEB_SHOT 17 routes/uogashi1-forward-hud-1280/td-210-criterion-2-before.png
TD210_WEB_SHOT 18 routes/uogashi1-forward-world-1280/td-210-criterion-2-before.png
TD210_WEB_SHOT 19 routes/uogashi1-reverse-hud-1280/td-210-criterion-2-before.png
TD210_WEB_SHOT 20 routes/uogashi1-reverse-world-1280/td-210-criterion-2-before.png
TD210_WEB_SHOT 21 routes/uogashi2b-forward-hud-1280/td-210-criterion-2-before.png
TD210_WEB_SHOT 22 routes/uogashi2b-forward-world-1280/td-210-criterion-2-before.png
TD210_WEB_SHOT 23 routes/uogashi2b-reverse-hud-1280/td-210-criterion-2-before.png
TD210_WEB_SHOT 24 routes/uogashi2b-reverse-world-1280/td-210-criterion-2-before.png
TD210_WEB_SHOT 25 routes/uogashi3-forward-hud-1280/td-210-criterion-2-before.png
TD210_WEB_SHOT 26 routes/uogashi3-forward-world-1280/td-210-criterion-2-before.png
TD210_WEB_SHOT 27 routes/uogashi3-reverse-hud-1280/td-210-criterion-2-before.png
TD210_WEB_SHOT 28 routes/uogashi3-reverse-world-1280/td-210-criterion-2-before.png
TD210_WEB_SHOT 29 routes/uogashi4-forward-hud-1280/td-210-criterion-2-before.png
TD210_WEB_SHOT 30 routes/uogashi4-forward-world-1280/td-210-criterion-2-before.png
TD210_WEB_SHOT 31 routes/uogashi4-reverse-hud-1280/td-210-criterion-2-before.png
TD210_WEB_SHOT 32 routes/uogashi4-reverse-world-1280/td-210-criterion-2-before.png
TD210_WEB_SHOT 33 routes/reizo-forward-hud-1280/td-210-criterion-2-before.png
TD210_WEB_SHOT 34 routes/reizo-forward-world-1280/td-210-criterion-2-before.png
TD210_WEB_SHOT 35 routes/reizo-reverse-hud-1280/td-210-criterion-2-before.png
TD210_WEB_SHOT 36 routes/reizo-reverse-world-1280/td-210-criterion-2-before.png
TD210_WEB_SHOT 37 routes/uroko-forward-hud-1280/td-210-criterion-2-before.png
TD210_WEB_SHOT 38 routes/uroko-forward-world-1280/td-210-criterion-2-before.png
TD210_WEB_SHOT 39 routes/uroko-reverse-hud-1280/td-210-criterion-2-before.png
TD210_WEB_SHOT 40 routes/uroko-reverse-world-1280/td-210-criterion-2-before.png
TD210_WEB_SHOT 41 routes/ichiba-forward-hud-1280/td-210-criterion-2-before.png
TD210_WEB_SHOT 42 routes/ichiba-forward-world-1280/td-210-criterion-2-before.png
TD210_WEB_SHOT 43 routes/ichiba-reverse-hud-1280/td-210-criterion-2-before.png
TD210_WEB_SHOT 44 routes/ichiba-reverse-world-1280/td-210-criterion-2-before.png
TD210_WEB_SHOT 45 routes/kori-forward-hud-1280/td-210-criterion-2-before.png
TD210_WEB_SHOT 46 routes/kori-forward-world-1280/td-210-criterion-2-before.png
TD210_WEB_SHOT 47 routes/kori-reverse-hud-1280/td-210-criterion-2-before.png
TD210_WEB_SHOT 48 routes/kori-reverse-world-1280/td-210-criterion-2-before.png
TD210_WEB_SHOT 49 routes/kamome-forward-hud-844/td-210-criterion-2-before.png
TD210_WEB_SHOT 50 routes/kamome-forward-world-844/td-210-criterion-2-before.png
TD210_WEB_SHOT 51 routes/kamome-reverse-hud-844/td-210-criterion-2-before.png
TD210_WEB_SHOT 52 routes/kamome-reverse-world-844/td-210-criterion-2-before.png
TD210_WEB_SHOT 53 routes/seri3-forward-hud-844/td-210-criterion-2-before.png
TD210_WEB_SHOT 54 routes/seri3-forward-world-844/td-210-criterion-2-before.png
TD210_WEB_SHOT 55 routes/seri3-reverse-hud-844/td-210-criterion-2-before.png
TD210_WEB_SHOT 56 routes/seri3-reverse-world-844/td-210-criterion-2-before.png
{"shots":56,"errors":0,"complete":true}
