Godot Engine v4.7.2.stable.official.ed1daf0bf - https://godotengine.org

SCRIPT ERROR: Compile Error: Identifier not found: CrimeBus
          at: GDScript::reload (res://scripts/traffic/city_traffic.gd:319)
SCRIPT ERROR: Compile Error: Identifier not found: CrimeBus
          at: GDScript::reload (res://scripts/cop_manager.gd:80)
SCRIPT ERROR: Compile Error: Identifier not found: CrimeBus
          at: GDScript::reload (res://scripts/lower_city/wanted_hud.gd:51)
SCRIPT ERROR: Compile Error: Failed to compile depended scripts.
          at: GDScript::reload (res://scripts/lower_city/lower_city.gd:0)
SCRIPT ERROR: Compile Error: Failed to compile depended scripts.
          at: GDScript::reload (res://tools/test_lower_city_ramps.gd:0)
ERROR: Failed to load script "res://tools/test_lower_city_ramps.gd" with error "Compilation failed".
   at: load (modules/gdscript/gdscript_resource_format.cpp:46)
SCRIPT ERROR: Invalid assignment of property or key 'name' with value of type 'StringName' on a base object of type 'Nil'.
          at: LowerCity._spawn_traffic (res://scripts/lower_city/lower_city.gd:174)
          GDScript backtrace (most recent call first):
              [0] _spawn_traffic (res://scripts/lower_city/lower_city.gd:174)
              [1] _ready (res://scripts/lower_city/lower_city.gd:49)
              [2] _load (res://tools/test_lower_city_ramps.gd:108)
              [3] run (res://tools/test_lower_city_ramps.gd:54)
SCRIPT ERROR: Invalid assignment of property or key 'name' with value of type 'StringName' on a base object of type 'Nil'.
          at: LowerCity._spawn_cops (res://scripts/lower_city/lower_city.gd:196)
          GDScript backtrace (most recent call first):
              [0] _spawn_cops (res://scripts/lower_city/lower_city.gd:196)
              [1] _ready (res://scripts/lower_city/lower_city.gd:50)
              [2] _load (res://tools/test_lower_city_ramps.gd:108)
              [3] run (res://tools/test_lower_city_ramps.gd:54)
ok: negative control: the edge sweep finds round 1's unguarded drops, Craig's ramp top among them (36, e.g. [[950.0, 1330.0, 7.0], [950.0, 1331.5, 7.0], [950.0, 1333.0, 7.0]])
TD185_RAMP {"end_y":-5.6360936164856,"h_top":7.0,"id":"tenjinkita_ic_outer_on","merge_lane_m":0.0,"min_y_after_top":-5.6360936164856,"past_top":142.822875976562,"recoveries":0,"v_top":29.961145401001}
ok: negative control: with no merge lane the blind car flies off the top of tenjinkita_ic_outer_on (fell to -5.6 m)
TD185_RAMP {"closed":false,"closest_m":-0.03,"inside_m":114.09,"mouth":"tenjinkita_ic_outer_off","v_max":24.3}
ok: negative control: with the high end open the blind car drives into tenjinkita_ic_outer_off (114.1 m inside)
SCRIPT ERROR: Invalid assignment of property or key 'name' with value of type 'StringName' on a base object of type 'Nil'.
          at: LowerCity._spawn_traffic (res://scripts/lower_city/lower_city.gd:174)
          GDScript backtrace (most recent call first):
              [0] _spawn_traffic (res://scripts/lower_city/lower_city.gd:174)
              [1] _ready (res://scripts/lower_city/lower_city.gd:49)
              [2] _load (res://tools/test_lower_city_ramps.gd:108)
              [3] run (res://tools/test_lower_city_ramps.gd:67)
              [4] _unload (res://tools/test_lower_city_ramps.gd:126)
SCRIPT ERROR: Invalid assignment of property or key 'name' with value of type 'StringName' on a base object of type 'Nil'.
          at: LowerCity._spawn_cops (res://scripts/lower_city/lower_city.gd:196)
          GDScript backtrace (most recent call first):
              [0] _spawn_cops (res://scripts/lower_city/lower_city.gd:196)
              [1] _ready (res://scripts/lower_city/lower_city.gd:50)
              [2] _load (res://tools/test_lower_city_ramps.gd:108)
              [3] run (res://tools/test_lower_city_ramps.gd:67)
              [4] _unload (res://tools/test_lower_city_ramps.gd:126)
ERROR: Error calling deferred method: 'Node(anime_look.gd)::_style_late': Cannot convert argument 1 from Object to Object.
   at: _call_function (core/object/message_queue.cpp:220)
ERROR: Error calling deferred method: 'Node(anime_look.gd)::_style_late': Cannot convert argument 1 from Object to Object.
   at: _call_function (core/object/message_queue.cpp:220)
ERROR: Error calling deferred method: 'Node(anime_look.gd)::_style_late': Cannot convert argument 1 from Object to Object.
   at: _call_function (core/object/message_queue.cpp:220)
ERROR: Error calling deferred method: 'Node(anime_look.gd)::_style_late': Cannot convert argument 1 from Object to Object.
   at: _call_function (core/object/message_queue.cpp:220)
ERROR: Error calling deferred method: 'Node(anime_look.gd)::_style_late': Cannot convert argument 1 from Object to Object.
   at: _call_function (core/object/message_queue.cpp:220)
ERROR: Error calling deferred method: 'Node(anime_look.gd)::_style_late': Cannot convert argument 1 from Object to Object.
   at: _call_function (core/object/message_queue.cpp:220)
ERROR: Error calling deferred method: 'Node(anime_look.gd)::_style_late': Cannot convert argument 1 from Object to Object.
   at: _call_function (core/object/message_queue.cpp:220)
ERROR: Error calling deferred method: 'Node(anime_look.gd)::_style_late': Cannot convert argument 1 from Object to Object.
   at: _call_function (core/object/message_queue.cpp:220)
ERROR: Error calling deferred method: 'Node(anime_look.gd)::_style_late': Cannot convert argument 1 from Object to Object.
   at: _call_function (core/object/message_queue.cpp:220)
ERROR: Error calling deferred method: 'Node(anime_look.gd)::_style_late': Cannot convert argument 1 from Object to Object.
   at: _call_function (core/object/message_queue.cpp:220)
ERROR: Error calling deferred method: 'Node(anime_look.gd)::_style_late': Cannot convert argument 1 from Object to Object.
   at: _call_function (core/object/message_queue.cpp:220)
ERROR: Error calling deferred method: 'Node(anime_look.gd)::_style_late': Cannot convert argument 1 from Object to Object.
   at: _call_function (core/object/message_queue.cpp:220)
ERROR: Error calling deferred method: 'Node(anime_look.gd)::_style_late': Cannot convert argument 1 from Object to Object.
   at: _call_function (core/object/message_queue.cpp:220)
ERROR: Error calling deferred method: 'Node(anime_look.gd)::_style_late': Cannot convert argument 1 from Object to Object.
   at: _call_function (core/object/message_queue.cpp:220)
ERROR: Error calling deferred method: 'Node(anime_look.gd)::_style_late': Cannot convert argument 1 from Object to Object.
   at: _call_function (core/object/message_queue.cpp:220)
ERROR: Error calling deferred method: 'Node(anime_look.gd)::_style_late': Cannot convert argument 1 from Object to Object.
   at: _call_function (core/object/message_queue.cpp:220)
ERROR: Error calling deferred method: 'Node(anime_look.gd)::_style_late': Cannot convert argument 1 from Object to Object.
   at: _call_function (core/object/message_queue.cpp:220)
ERROR: Error calling deferred method: 'Node(anime_look.gd)::_style_late': Cannot convert argument 1 from Object to Object.
   at: _call_function (core/object/message_queue.cpp:220)
ERROR: Error calling deferred method: 'Node(anime_look.gd)::_style_late': Cannot convert argument 1 from Object to Object.
   at: _call_function (core/object/message_queue.cpp:220)
ERROR: Error calling deferred method: 'Node(anime_look.gd)::_style_late': Cannot convert argument 1 from Object to Object.
   at: _call_function (core/object/message_queue.cpp:220)
ERROR: Error calling deferred method: 'Node(anime_look.gd)::_style_late': Cannot convert argument 1 from Object to Object.
   at: _call_function (core/object/message_queue.cpp:220)
ERROR: Error calling deferred method: 'Node(anime_look.gd)::_style_late': Cannot convert argument 1 from Object to Object.
   at: _call_function (core/object/message_queue.cpp:220)
ERROR: Error calling deferred method: 'Node(anime_look.gd)::_style_late': Cannot convert argument 1 from Object to Object.
   at: _call_function (core/object/message_queue.cpp:220)
ERROR: Error calling deferred method: 'Node(anime_look.gd)::_style_late': Cannot convert argument 1 from Object to Object.
   at: _call_function (core/object/message_queue.cpp:220)
ok: 12 merge / diverge lanes and 12 closed ramp ends built (12, 12)
ok: no edge of the Ring, a merge lane or a raised ramp drops 0.6 m or more without a barrier (0: [])
ok: no street lamp stands within 2.5 m of a raised deck it would clip (600 lamps; [])
ok: the 36 lamps left out all stood beside or under a raised deck (round 1 built them; [])
TD185_RAMP {"end_y":7.0,"h_top":7.0,"id":"tenjinkita_ic_outer_on","merge_lane_m":70.0,"min_y_after_top":7.0,"past_top":117.028564453125,"recoveries":0,"v_top":29.961145401001}
ok: blind up tenjinkita_ic_outer_on: on past the top 117 m, lowest 7.0 m (deck 7.0), ends at 7.0 m
TD185_RAMP {"end_y":7.0,"h_top":7.0,"id":"tenjinkita_ic_inner_on","merge_lane_m":70.0,"min_y_after_top":7.0,"past_top":203.282836914062,"recoveries":0,"v_top":29.9605808258057}
ok: blind up tenjinkita_ic_inner_on: on past the top 203 m, lowest 7.0 m (deck 7.0), ends at 7.0 m
TD185_RAMP {"end_y":7.0,"h_top":7.0,"id":"kashi_ic_outer_on","merge_lane_m":70.0,"min_y_after_top":7.0,"past_top":203.171264648438,"recoveries":0,"v_top":29.961145401001}
ok: blind up kashi_ic_outer_on: on past the top 203 m, lowest 7.0 m (deck 7.0), ends at 7.0 m
TD185_RAMP {"end_y":7.0,"h_top":7.0,"id":"kashi_ic_inner_on","merge_lane_m":70.0,"min_y_after_top":7.0,"past_top":202.6591796875,"recoveries":0,"v_top":29.961145401001}
ok: blind up kashi_ic_inner_on: on past the top 203 m, lowest 7.0 m (deck 7.0), ends at 7.0 m
TD185_RAMP {"end_y":7.0,"h_top":7.0,"id":"daikoku_ic_outer_on","merge_lane_m":70.0,"min_y_after_top":7.0,"past_top":203.167175292969,"recoveries":0,"v_top":29.961145401001}
ok: blind up daikoku_ic_outer_on: on past the top 203 m, lowest 7.0 m (deck 7.0), ends at 7.0 m
TD185_RAMP {"end_y":7.0,"h_top":7.0,"id":"daikoku_ic_inner_on","merge_lane_m":70.0,"min_y_after_top":7.0,"past_top":203.192993164062,"recoveries":0,"v_top":29.961145401001}
ok: blind up daikoku_ic_inner_on: on past the top 203 m, lowest 7.0 m (deck 7.0), ends at 7.0 m
TD185_RAMP {"closed":true,"closest_m":-2.16,"inside_m":0.0,"mouth":"tenjinkita_ic_outer_off","v_max":23.4}
ok: blind into the high end of tenjinkita_ic_outer_off: stopped 2.2 m short of its face from 23.4 m/s, never inside
TD185_RAMP {"closed":true,"closest_m":-2.16,"inside_m":0.0,"mouth":"tenjinkita_ic_outer_on","v_max":23.4}
ok: blind into the high end of tenjinkita_ic_outer_on: stopped 2.2 m short of its face from 23.4 m/s, never inside
TD185_RAMP {"closed":true,"closest_m":-1.51,"inside_m":0.0,"mouth":"tenjinkita_ic_inner_off","v_max":23.4}
ok: blind into the high end of tenjinkita_ic_inner_off: stopped 1.5 m short of its face from 23.4 m/s, never inside
TD185_RAMP {"closed":true,"closest_m":-1.55,"inside_m":0.0,"mouth":"tenjinkita_ic_inner_on","v_max":23.4}
ok: blind into the high end of tenjinkita_ic_inner_on: stopped 1.6 m short of its face from 23.4 m/s, never inside
TD185_RAMP {"closed":true,"closest_m":-2.15,"inside_m":0.0,"mouth":"kashi_ic_outer_off","v_max":23.4}
ok: blind into the high end of kashi_ic_outer_off: stopped 2.1 m short of its face from 23.4 m/s, never inside
TD185_RAMP {"closed":true,"closest_m":-2.15,"inside_m":0.0,"mouth":"kashi_ic_outer_on","v_max":23.4}
ok: blind into the high end of kashi_ic_outer_on: stopped 2.1 m short of its face from 23.4 m/s, never inside
TD185_RAMP {"closed":true,"closest_m":-1.55,"inside_m":0.0,"mouth":"kashi_ic_inner_off","v_max":23.4}
ok: blind into the high end of kashi_ic_inner_off: stopped 1.6 m short of its face from 23.4 m/s, never inside
TD185_RAMP {"closed":true,"closest_m":-2.15,"inside_m":0.0,"mouth":"kashi_ic_inner_on","v_max":23.4}
ok: blind into the high end of kashi_ic_inner_on: stopped 2.1 m short of its face from 23.4 m/s, never inside
TD185_RAMP {"closed":true,"closest_m":-1.54,"inside_m":0.0,"mouth":"daikoku_ic_outer_off","v_max":23.4}
ok: blind into the high end of daikoku_ic_outer_off: stopped 1.5 m short of its face from 23.4 m/s, never inside
TD185_RAMP {"closed":true,"closest_m":-1.54,"inside_m":0.0,"mouth":"daikoku_ic_outer_on","v_max":23.4}
ok: blind into the high end of daikoku_ic_outer_on: stopped 1.5 m short of its face from 23.4 m/s, never inside
TD185_RAMP {"closed":true,"closest_m":-2.15,"inside_m":0.0,"mouth":"daikoku_ic_inner_off","v_max":23.4}
ok: blind into the high end of daikoku_ic_inner_off: stopped 2.1 m short of its face from 23.4 m/s, never inside
TD185_RAMP {"closed":true,"closest_m":-2.15,"inside_m":0.0,"mouth":"daikoku_ic_inner_on","v_max":23.4}
ok: blind into the high end of daikoku_ic_inner_on: stopped 2.1 m short of its face from 23.4 m/s, never inside
TD185_RAMPS {"checks":25,"failures":0}
WARNING: 641 ObjectDB instances were leaked at exit (run with `--verbose` for details).
   at: cleanup (core/object/object.cpp:2536)
ERROR: 469 resources still in use at exit (run with --verbose for details).
   at: clear (core/io/resource.cpp:822)
ERROR: Pages in use exist at exit in PagedAllocator: N12VariantPools12BucketMediumE
   at: ~PagedAllocator (./core/templates/paged_allocator.h:170)
ERROR: Pages in use exist at exit in PagedAllocator: N12VariantPools11BucketSmallE
   at: ~PagedAllocator (./core/templates/paged_allocator.h:170)
ERROR: 57 RID allocations of type 'N13RendererDummy15MaterialStorage13DummyMaterialE' were leaked at exit.
ERROR: 5 RID allocations of type 'N13RendererDummy15MaterialStorage11DummyShaderE' were leaked at exit.
ERROR: 285 RID allocations of type 'N13RendererDummy9DummyMeshE' were leaked at exit.
ERROR: 60 RID allocations of type 'PN13RendererDummy14TextureStorage12DummyTextureE' were leaked at exit.
ERROR: 2 RID allocations of type 'PN18TextServerAdvanced22ShapedTextDataAdvancedE' were leaked at exit.
ERROR: 4 RID allocations of type 'PN18TextServerAdvanced12FontAdvancedE' were leaked at exit.
