{
  "head": "bcaf46b86702848f4ae2259af6ca107592f7dcb9",
  "runtime": "6f7818b45cd09ade3ca621354ce4eb116050a66b",
  "base": "2227f71e784f581d11ace8f90e7201fbb59b1f63",
  "evidence": "bcaf46b86702848f4ae2259af6ca107592f7dcb9",
  "manifest_files_checked": 1357,
  "manifest_errors": [],
  "source_pin_count": 114,
  "source_pin_errors": [],
  "tool_pin_errors": [],
  "runtime_to_evidence_product_diff": [],
  "base_to_runtime_product_changes": [
    "M\tgodot/export_presets.cfg",
    "A\tgodot/scripts/lower_city/city_kit_batch.gd",
    "A\tgodot/scripts/lower_city/city_tenjin_buildings.gd",
    "M\tgodot/scripts/lower_city/lower_city_world.gd"
  ],
  "protected_guard_count": 33,
  "protected_guard_errors": [],
  "coverage": {
    "source_lots": [
      1367,
      1368,
      1369,
      1370,
      1371,
      1372,
      1373,
      1374,
      1375,
      1376,
      1377,
      1378,
      1379,
      1380,
      1381,
      1382,
      1383,
      1384,
      1385,
      1386,
      1387,
      1388,
      1389,
      1390,
      1391,
      1392,
      1393,
      1394,
      1395,
      1396,
      1397,
      1398,
      1399,
      1400,
      1401,
      1402,
      1403,
      1404,
      1405,
      1406,
      1407,
      1408,
      1409,
      1410,
      1411,
      1412,
      1413,
      1414,
      1415,
      1416,
      1417,
      1418,
      1419,
      1420,
      1421,
      1422,
      1423,
      1424,
      1425,
      1426,
      1427,
      1428,
      1429,
      1430,
      1431,
      1432,
      1433,
      1434,
      1435,
      1436,
      1437,
      1438,
      1439,
      1440,
      1441,
      1442,
      1443
    ],
    "manifest_lots": [
      1367,
      1368,
      1369,
      1370,
      1371,
      1372,
      1373,
      1374,
      1375,
      1376,
      1377,
      1378,
      1379,
      1380,
      1381,
      1382,
      1383,
      1384,
      1385,
      1386,
      1387,
      1388,
      1389,
      1390,
      1391,
      1392,
      1393,
      1394,
      1395,
      1396,
      1397,
      1398,
      1399,
      1400,
      1401,
      1402,
      1403,
      1404,
      1405,
      1406,
      1407,
      1408,
      1409,
      1410,
      1411,
      1412,
      1413,
      1414,
      1415,
      1416,
      1417,
      1418,
      1419,
      1420,
      1421,
      1422,
      1423,
      1424,
      1425,
      1426,
      1427,
      1428,
      1429,
      1430,
      1431,
      1432,
      1433,
      1434,
      1435,
      1436,
      1437,
      1438,
      1439,
      1440,
      1441,
      1442,
      1443
    ],
    "exact_unique_ids": true,
    "statuses": {
      "completed_frontage": 77
    },
    "edge_count": 1220,
    "source_edge_count": 1220,
    "bad_edge_coverage": []
  },
  "captures": {
    "native": {
      "before_count": 137,
      "after_count": 137,
      "identity_sets_equal": true,
      "before_source": "ad4f2422",
      "after_source": "6f7818b45cd09ade3ca621354ce4eb116050a66b",
      "seed": [
        209,
        209
      ],
      "camera_car_projection_viewport_hud_differences": [],
      "identical_before_after_pngs": [],
      "missing": [],
      "hud_world_pose_differences": []
    },
    "browser": {
      "before_count": 60,
      "after_count": 60,
      "identity_sets_equal": true,
      "before_source": "ad4f2422",
      "after_source": "6f7818b45cd09ade3ca621354ce4eb116050a66b",
      "seed": [
        209,
        209
      ],
      "camera_car_projection_viewport_hud_differences": [],
      "identical_before_after_pngs": [],
      "missing": [],
      "hud_world_pose_differences": []
    }
  },
  "sheets": {
    "count": 39,
    "pairs": 197,
    "lot_pair_ids": [
      1367,
      1368,
      1369,
      1370,
      1371,
      1372,
      1373,
      1374,
      1375,
      1376,
      1377,
      1378,
      1379,
      1380,
      1381,
      1382,
      1383,
      1384,
      1385,
      1386,
      1387,
      1388,
      1389,
      1390,
      1391,
      1392,
      1393,
      1394,
      1395,
      1396,
      1397,
      1398,
      1399,
      1400,
      1401,
      1402,
      1403,
      1404,
      1405,
      1406,
      1407,
      1408,
      1409,
      1410,
      1411,
      1412,
      1413,
      1414,
      1415,
      1416,
      1417,
      1418,
      1419,
      1420,
      1421,
      1422,
      1423,
      1424,
      1425,
      1426,
      1427,
      1428,
      1429,
      1430,
      1431,
      1432,
      1433,
      1434,
      1435,
      1436,
      1437,
      1438,
      1439,
      1440,
      1441,
      1442,
      1443
    ]
  },
  "native_import": {
    "generated_files_checked": 666,
    "source_glbs_checked": 29,
    "errors": []
  },
  "packs": {
    "before": {
      "path": "build/td209-base-native-import/index.pck",
      "bytes": 102777856,
      "sha256": "05bd88b54afe9cdf8816fb1335476f57fcaef8e0afad8efc7cf6c160fcec613e",
      "matches_record": true
    },
    "after": {
      "path": "build/td209-final-released/index.pck",
      "bytes": 108704384,
      "sha256": "b85112efa5d2e4fde81e9cf580791f962bd0a4947babb62ed438b422eb6d4933",
      "matches_record": true
    },
    "delta_bytes": 5926528,
    "over_100mib_bytes": 3846784
  }
}
