Godot Engine v4.7.2.stable.official.ed1daf0bf - https://godotengine.org
WARNING: Could not set V-Sync mode, as changing V-Sync mode is not supported by the graphics driver.
     at: set_use_vsync (platform/linuxbsd/x11/gl_manager_x11.cpp:372)
OpenGL API 4.5 (Core Profile) Mesa 25.0.7-2+deb13u1 - Compatibility - Using Device: Mesa - llvmpipe (LLVM 19.1.7, 256 bits)

TD206_WANTED PASS landscape-idle _panel inside viewport
TD206_WANTED FAIL landscape-idle _panel clears wanted
TD206_WANTED PASS landscape-idle _panel clears pause
TD206_WANTED PASS landscape-idle _panel clears pad_left
TD206_WANTED PASS landscape-idle _panel clears pad_right
TD206_WANTED PASS landscape-idle _panel clears pad_gas
TD206_WANTED PASS landscape-idle _panel clears pad_brake
TD206_WANTED PASS landscape-idle _panel clears gig_/root/LowerCity/GigHud/@Control@7/@VBoxContainer@22/@Button@33
TD206_WANTED PASS landscape-idle _panel clears gig_/root/LowerCity/GigHud/@Control@7/@VBoxContainer@22/@Button@39
TD206_WANTED PASS landscape-idle _panel clears gig_/root/LowerCity/GigHud/@Control@7/@VBoxContainer@22/@Button@45
TD206_WANTED PASS landscape-idle _panel clears gig_/root/LowerCity/GigHud/@Control@7/Map
TD206_WANTED PASS landscape-idle _panel clears gig_board
TD206_WANTED PASS landscape-idle action inside viewport
TD206_WANTED FAIL landscape-idle action clears wanted
TD206_WANTED PASS landscape-idle action clears pause
TD206_WANTED PASS landscape-idle action clears pad_left
TD206_WANTED PASS landscape-idle action clears pad_right
TD206_WANTED PASS landscape-idle action clears pad_gas
TD206_WANTED PASS landscape-idle action clears pad_brake
TD206_WANTED PASS landscape-idle action clears gig_/root/LowerCity/GigHud/@Control@7/@VBoxContainer@22/@Button@33
TD206_WANTED PASS landscape-idle action clears gig_/root/LowerCity/GigHud/@Control@7/@VBoxContainer@22/@Button@39
TD206_WANTED PASS landscape-idle action clears gig_/root/LowerCity/GigHud/@Control@7/@VBoxContainer@22/@Button@45
TD206_WANTED PASS landscape-idle action clears gig_/root/LowerCity/GigHud/@Control@7/Map
TD206_WANTED PASS landscape-idle action clears gig_board
TD206_WANTED PASS landscape-idle action at least44px
TD206_WANTED PASS landscape-idle range text at least17.5px
TD206_WANTED PASS landscape-idle modal pause consistent
TD206_WANTED PASS landscape-vehicle-low-range _panel inside viewport
TD206_WANTED FAIL landscape-vehicle-low-range _panel clears wanted
TD206_WANTED PASS landscape-vehicle-low-range _panel clears pause
TD206_WANTED PASS landscape-vehicle-low-range _panel clears pad_left
TD206_WANTED PASS landscape-vehicle-low-range _panel clears pad_right
TD206_WANTED PASS landscape-vehicle-low-range _panel clears pad_gas
TD206_WANTED PASS landscape-vehicle-low-range _panel clears pad_brake
TD206_WANTED PASS landscape-vehicle-low-range _panel clears gig_/root/LowerCity/GigHud/@Control@7/@VBoxContainer@22/@Button@33
TD206_WANTED PASS landscape-vehicle-low-range _panel clears gig_/root/LowerCity/GigHud/@Control@7/@VBoxContainer@22/@Button@39
TD206_WANTED PASS landscape-vehicle-low-range _panel clears gig_/root/LowerCity/GigHud/@Control@7/@VBoxContainer@22/@Button@45
TD206_WANTED PASS landscape-vehicle-low-range _panel clears gig_/root/LowerCity/GigHud/@Control@7/Map
TD206_WANTED PASS landscape-vehicle-low-range _panel clears gig_board
TD206_WANTED PASS landscape-vehicle-low-range action inside viewport
TD206_WANTED FAIL landscape-vehicle-low-range action clears wanted
TD206_WANTED PASS landscape-vehicle-low-range action clears pause
TD206_WANTED PASS landscape-vehicle-low-range action clears pad_left
TD206_WANTED PASS landscape-vehicle-low-range action clears pad_right
TD206_WANTED PASS landscape-vehicle-low-range action clears pad_gas
TD206_WANTED PASS landscape-vehicle-low-range action clears pad_brake
TD206_WANTED PASS landscape-vehicle-low-range action clears gig_/root/LowerCity/GigHud/@Control@7/@VBoxContainer@22/@Button@33
TD206_WANTED PASS landscape-vehicle-low-range action clears gig_/root/LowerCity/GigHud/@Control@7/@VBoxContainer@22/@Button@39
TD206_WANTED PASS landscape-vehicle-low-range action clears gig_/root/LowerCity/GigHud/@Control@7/@VBoxContainer@22/@Button@45
TD206_WANTED PASS landscape-vehicle-low-range action clears gig_/root/LowerCity/GigHud/@Control@7/Map
TD206_WANTED PASS landscape-vehicle-low-range action clears gig_board
TD206_WANTED PASS landscape-vehicle-low-range action at least44px
TD206_WANTED PASS landscape-vehicle-low-range range text at least17.5px
TD206_WANTED PASS landscape-vehicle-low-range modal pause consistent
TD206_WANTED PASS landscape-pedestrian-low-balance _panel inside viewport
TD206_WANTED FAIL landscape-pedestrian-low-balance _panel clears wanted
TD206_WANTED PASS landscape-pedestrian-low-balance _panel clears pause
TD206_WANTED PASS landscape-pedestrian-low-balance _panel clears pad_left
TD206_WANTED PASS landscape-pedestrian-low-balance _panel clears pad_right
TD206_WANTED PASS landscape-pedestrian-low-balance _panel clears pad_gas
TD206_WANTED PASS landscape-pedestrian-low-balance _panel clears pad_brake
TD206_WANTED PASS landscape-pedestrian-low-balance _panel clears gig_/root/LowerCity/GigHud/@Control@7/@VBoxContainer@22/@Button@33
TD206_WANTED PASS landscape-pedestrian-low-balance _panel clears gig_/root/LowerCity/GigHud/@Control@7/@VBoxContainer@22/@Button@39
TD206_WANTED PASS landscape-pedestrian-low-balance _panel clears gig_/root/LowerCity/GigHud/@Control@7/@VBoxContainer@22/@Button@45
TD206_WANTED PASS landscape-pedestrian-low-balance _panel clears gig_/root/LowerCity/GigHud/@Control@7/Map
TD206_WANTED PASS landscape-pedestrian-low-balance _panel clears gig_board
TD206_WANTED PASS landscape-pedestrian-low-balance action inside viewport
TD206_WANTED FAIL landscape-pedestrian-low-balance action clears wanted
TD206_WANTED PASS landscape-pedestrian-low-balance action clears pause
TD206_WANTED PASS landscape-pedestrian-low-balance action clears pad_left
TD206_WANTED PASS landscape-pedestrian-low-balance action clears pad_right
TD206_WANTED PASS landscape-pedestrian-low-balance action clears pad_gas
TD206_WANTED PASS landscape-pedestrian-low-balance action clears pad_brake
TD206_WANTED PASS landscape-pedestrian-low-balance action clears gig_/root/LowerCity/GigHud/@Control@7/@VBoxContainer@22/@Button@33
TD206_WANTED PASS landscape-pedestrian-low-balance action clears gig_/root/LowerCity/GigHud/@Control@7/@VBoxContainer@22/@Button@39
TD206_WANTED PASS landscape-pedestrian-low-balance action clears gig_/root/LowerCity/GigHud/@Control@7/@VBoxContainer@22/@Button@45
TD206_WANTED PASS landscape-pedestrian-low-balance action clears gig_/root/LowerCity/GigHud/@Control@7/Map
TD206_WANTED PASS landscape-pedestrian-low-balance action clears gig_board
TD206_WANTED PASS landscape-pedestrian-low-balance action at least44px
TD206_WANTED PASS landscape-pedestrian-low-balance range text at least17.5px
TD206_WANTED PASS landscape-pedestrian-low-balance modal pause consistent
TD206_WANTED PASS landscape-busted _panel inside viewport
TD206_WANTED FAIL landscape-busted _panel clears wanted
TD206_WANTED PASS landscape-busted _panel clears pause
TD206_WANTED PASS landscape-busted _panel clears pad_left
TD206_WANTED PASS landscape-busted _panel clears pad_right
TD206_WANTED PASS landscape-busted _panel clears pad_gas
TD206_WANTED PASS landscape-busted _panel clears pad_brake
TD206_WANTED PASS landscape-busted _panel clears gig_/root/LowerCity/GigHud/@Control@7/@VBoxContainer@22/@Button@33
TD206_WANTED PASS landscape-busted _panel clears gig_/root/LowerCity/GigHud/@Control@7/@VBoxContainer@22/@Button@39
TD206_WANTED PASS landscape-busted _panel clears gig_/root/LowerCity/GigHud/@Control@7/@VBoxContainer@22/@Button@45
TD206_WANTED PASS landscape-busted _panel clears gig_/root/LowerCity/GigHud/@Control@7/Map
TD206_WANTED PASS landscape-busted _panel clears gig_board
TD206_WANTED PASS landscape-busted action inside viewport
TD206_WANTED FAIL landscape-busted action clears wanted
TD206_WANTED PASS landscape-busted action clears pause
TD206_WANTED PASS landscape-busted action clears pad_left
TD206_WANTED PASS landscape-busted action clears pad_right
TD206_WANTED PASS landscape-busted action clears pad_gas
TD206_WANTED PASS landscape-busted action clears pad_brake
TD206_WANTED PASS landscape-busted action clears gig_/root/LowerCity/GigHud/@Control@7/@VBoxContainer@22/@Button@33
TD206_WANTED PASS landscape-busted action clears gig_/root/LowerCity/GigHud/@Control@7/@VBoxContainer@22/@Button@39
TD206_WANTED PASS landscape-busted action clears gig_/root/LowerCity/GigHud/@Control@7/@VBoxContainer@22/@Button@45
TD206_WANTED PASS landscape-busted action clears gig_/root/LowerCity/GigHud/@Control@7/Map
TD206_WANTED PASS landscape-busted action clears gig_board
TD206_WANTED PASS landscape-busted action at least44px
TD206_WANTED PASS landscape-busted range text at least17.5px
TD206_WANTED PASS landscape-busted modal pause consistent
TD206_WANTED PASS landscape-cleared _panel inside viewport
TD206_WANTED FAIL landscape-cleared _panel clears wanted
TD206_WANTED PASS landscape-cleared _panel clears pause
TD206_WANTED PASS landscape-cleared _panel clears pad_left
TD206_WANTED PASS landscape-cleared _panel clears pad_right
TD206_WANTED PASS landscape-cleared _panel clears pad_gas
TD206_WANTED PASS landscape-cleared _panel clears pad_brake
TD206_WANTED PASS landscape-cleared _panel clears gig_/root/LowerCity/GigHud/@Control@7/@VBoxContainer@22/@Button@33
TD206_WANTED PASS landscape-cleared _panel clears gig_/root/LowerCity/GigHud/@Control@7/@VBoxContainer@22/@Button@39
TD206_WANTED PASS landscape-cleared _panel clears gig_/root/LowerCity/GigHud/@Control@7/@VBoxContainer@22/@Button@45
TD206_WANTED PASS landscape-cleared _panel clears gig_/root/LowerCity/GigHud/@Control@7/Map
TD206_WANTED PASS landscape-cleared _panel clears gig_board
TD206_WANTED PASS landscape-cleared action inside viewport
TD206_WANTED FAIL landscape-cleared action clears wanted
TD206_WANTED PASS landscape-cleared action clears pause
TD206_WANTED PASS landscape-cleared action clears pad_left
TD206_WANTED PASS landscape-cleared action clears pad_right
TD206_WANTED PASS landscape-cleared action clears pad_gas
TD206_WANTED PASS landscape-cleared action clears pad_brake
TD206_WANTED PASS landscape-cleared action clears gig_/root/LowerCity/GigHud/@Control@7/@VBoxContainer@22/@Button@33
TD206_WANTED PASS landscape-cleared action clears gig_/root/LowerCity/GigHud/@Control@7/@VBoxContainer@22/@Button@39
TD206_WANTED PASS landscape-cleared action clears gig_/root/LowerCity/GigHud/@Control@7/@VBoxContainer@22/@Button@45
TD206_WANTED PASS landscape-cleared action clears gig_/root/LowerCity/GigHud/@Control@7/Map
TD206_WANTED PASS landscape-cleared action clears gig_board
TD206_WANTED PASS landscape-cleared action at least44px
TD206_WANTED PASS landscape-cleared range text at least17.5px
TD206_WANTED PASS landscape-cleared modal pause consistent
TD206_WANTED PASS landscape-gig-active _panel inside viewport
TD206_WANTED FAIL landscape-gig-active _panel clears wanted
TD206_WANTED PASS landscape-gig-active _panel clears pause
TD206_WANTED PASS landscape-gig-active _panel clears pad_left
TD206_WANTED PASS landscape-gig-active _panel clears pad_right
TD206_WANTED PASS landscape-gig-active _panel clears pad_gas
TD206_WANTED PASS landscape-gig-active _panel clears pad_brake
TD206_WANTED PASS landscape-gig-active _panel clears gig_/root/LowerCity/GigHud/@Control@7/Map
TD206_WANTED FAIL landscape-gig-active _panel clears gig_card
TD206_WANTED PASS landscape-gig-active action inside viewport
TD206_WANTED FAIL landscape-gig-active action clears wanted
TD206_WANTED PASS landscape-gig-active action clears pause
TD206_WANTED PASS landscape-gig-active action clears pad_left
TD206_WANTED PASS landscape-gig-active action clears pad_right
TD206_WANTED PASS landscape-gig-active action clears pad_gas
TD206_WANTED PASS landscape-gig-active action clears pad_brake
TD206_WANTED PASS landscape-gig-active action clears gig_/root/LowerCity/GigHud/@Control@7/Map
TD206_WANTED PASS landscape-gig-active action clears gig_card
TD206_WANTED PASS landscape-gig-active action at least44px
TD206_WANTED PASS landscape-gig-active range text at least17.5px
TD206_WANTED PASS landscape-gig-active modal pause consistent
TD206_WANTED PASS landscape-gig-pickup _panel inside viewport
TD206_WANTED FAIL landscape-gig-pickup _panel clears wanted
TD206_WANTED PASS landscape-gig-pickup _panel clears pause
TD206_WANTED PASS landscape-gig-pickup _panel clears pad_left
TD206_WANTED PASS landscape-gig-pickup _panel clears pad_right
TD206_WANTED PASS landscape-gig-pickup _panel clears pad_gas
TD206_WANTED PASS landscape-gig-pickup _panel clears pad_brake
TD206_WANTED PASS landscape-gig-pickup _panel clears gig_/root/LowerCity/GigHud/@Control@7/Interact
TD206_WANTED PASS landscape-gig-pickup _panel clears gig_/root/LowerCity/GigHud/@Control@7/Map
TD206_WANTED FAIL landscape-gig-pickup _panel clears gig_card
TD206_WANTED PASS landscape-gig-pickup action inside viewport
TD206_WANTED FAIL landscape-gig-pickup action clears wanted
TD206_WANTED PASS landscape-gig-pickup action clears pause
TD206_WANTED PASS landscape-gig-pickup action clears pad_left
TD206_WANTED PASS landscape-gig-pickup action clears pad_right
TD206_WANTED PASS landscape-gig-pickup action clears pad_gas
TD206_WANTED PASS landscape-gig-pickup action clears pad_brake
TD206_WANTED PASS landscape-gig-pickup action clears gig_/root/LowerCity/GigHud/@Control@7/Interact
TD206_WANTED PASS landscape-gig-pickup action clears gig_/root/LowerCity/GigHud/@Control@7/Map
TD206_WANTED PASS landscape-gig-pickup action clears gig_card
TD206_WANTED PASS landscape-gig-pickup action at least44px
TD206_WANTED PASS landscape-gig-pickup range text at least17.5px
TD206_WANTED PASS landscape-gig-pickup modal pause consistent
TD206_WANTED PASS landscape-gig-settled _panel inside viewport
TD206_WANTED FAIL landscape-gig-settled _panel clears wanted
TD206_WANTED PASS landscape-gig-settled _panel clears pause
TD206_WANTED PASS landscape-gig-settled _panel clears pad_left
TD206_WANTED PASS landscape-gig-settled _panel clears pad_right
TD206_WANTED PASS landscape-gig-settled _panel clears pad_gas
TD206_WANTED PASS landscape-gig-settled _panel clears pad_brake
TD206_WANTED PASS landscape-gig-settled _panel clears gig_/root/LowerCity/GigHud/@Control@7/Map
TD206_WANTED FAIL landscape-gig-settled _panel clears gig_chit
TD206_WANTED PASS landscape-gig-settled action inside viewport
TD206_WANTED FAIL landscape-gig-settled action clears wanted
TD206_WANTED PASS landscape-gig-settled action clears pause
TD206_WANTED PASS landscape-gig-settled action clears pad_left
TD206_WANTED PASS landscape-gig-settled action clears pad_right
TD206_WANTED PASS landscape-gig-settled action clears pad_gas
TD206_WANTED PASS landscape-gig-settled action clears pad_brake
TD206_WANTED PASS landscape-gig-settled action clears gig_/root/LowerCity/GigHud/@Control@7/Map
TD206_WANTED FAIL landscape-gig-settled action clears gig_chit
TD206_WANTED PASS landscape-gig-settled action at least44px
TD206_WANTED PASS landscape-gig-settled range text at least17.5px
TD206_WANTED PASS landscape-gig-settled modal pause consistent
TD206_WANTED PASS landscape-fill-quote _panel inside viewport
TD206_WANTED FAIL landscape-fill-quote _panel clears wanted
TD206_WANTED PASS landscape-fill-quote _panel clears pause
TD206_WANTED PASS landscape-fill-quote _panel clears pad_left
TD206_WANTED PASS landscape-fill-quote _panel clears pad_right
TD206_WANTED PASS landscape-fill-quote _panel clears pad_gas
TD206_WANTED PASS landscape-fill-quote _panel clears pad_brake
TD206_WANTED PASS landscape-fill-quote _panel clears gig_/root/LowerCity/GigHud/@Control@7/@VBoxContainer@22/@Button@336
TD206_WANTED PASS landscape-fill-quote _panel clears gig_/root/LowerCity/GigHud/@Control@7/@VBoxContainer@22/@Button@342
TD206_WANTED PASS landscape-fill-quote _panel clears gig_/root/LowerCity/GigHud/@Control@7/@VBoxContainer@22/@Button@348
TD206_WANTED PASS landscape-fill-quote _panel clears gig_/root/LowerCity/GigHud/@Control@7/Map
TD206_WANTED PASS landscape-fill-quote _panel clears gig_board
TD206_WANTED PASS landscape-fill-quote action inside viewport
TD206_WANTED FAIL landscape-fill-quote action clears wanted
TD206_WANTED PASS landscape-fill-quote action clears pause
TD206_WANTED PASS landscape-fill-quote action clears pad_left
TD206_WANTED PASS landscape-fill-quote action clears pad_right
TD206_WANTED PASS landscape-fill-quote action clears pad_gas
TD206_WANTED PASS landscape-fill-quote action clears pad_brake
TD206_WANTED PASS landscape-fill-quote action clears gig_/root/LowerCity/GigHud/@Control@7/@VBoxContainer@22/@Button@336
TD206_WANTED PASS landscape-fill-quote action clears gig_/root/LowerCity/GigHud/@Control@7/@VBoxContainer@22/@Button@342
TD206_WANTED PASS landscape-fill-quote action clears gig_/root/LowerCity/GigHud/@Control@7/@VBoxContainer@22/@Button@348
TD206_WANTED PASS landscape-fill-quote action clears gig_/root/LowerCity/GigHud/@Control@7/Map
TD206_WANTED PASS landscape-fill-quote action clears gig_board
TD206_WANTED PASS landscape-fill-quote action at least44px
TD206_WANTED PASS landscape-fill-quote modal inside viewport
TD206_WANTED FAIL landscape-fill-quote quote clears Wanted
TD206_WANTED PASS landscape-fill-quote confirm_button inside viewport
TD206_WANTED PASS landscape-fill-quote confirm_button at least44px
TD206_WANTED PASS landscape-fill-quote cancel_button inside viewport
TD206_WANTED PASS landscape-fill-quote cancel_button at least44px
TD206_WANTED PASS landscape-fill-quote range text at least17.5px
TD206_WANTED PASS landscape-fill-quote modal pause consistent
TD206_WANTED PASS landscape-insufficient-fill _panel inside viewport
TD206_WANTED FAIL landscape-insufficient-fill _panel clears wanted
TD206_WANTED PASS landscape-insufficient-fill _panel clears pause
TD206_WANTED PASS landscape-insufficient-fill _panel clears pad_left
TD206_WANTED PASS landscape-insufficient-fill _panel clears pad_right
TD206_WANTED PASS landscape-insufficient-fill _panel clears pad_gas
TD206_WANTED PASS landscape-insufficient-fill _panel clears pad_brake
TD206_WANTED PASS landscape-insufficient-fill _panel clears gig_/root/LowerCity/GigHud/@Control@7/@VBoxContainer@22/@Button@336
TD206_WANTED PASS landscape-insufficient-fill _panel clears gig_/root/LowerCity/GigHud/@Control@7/@VBoxContainer@22/@Button@342
TD206_WANTED PASS landscape-insufficient-fill _panel clears gig_/root/LowerCity/GigHud/@Control@7/@VBoxContainer@22/@Button@348
TD206_WANTED PASS landscape-insufficient-fill _panel clears gig_/root/LowerCity/GigHud/@Control@7/Map
TD206_WANTED PASS landscape-insufficient-fill _panel clears gig_board
TD206_WANTED PASS landscape-insufficient-fill action inside viewport
TD206_WANTED FAIL landscape-insufficient-fill action clears wanted
TD206_WANTED PASS landscape-insufficient-fill action clears pause
TD206_WANTED PASS landscape-insufficient-fill action clears pad_left
TD206_WANTED PASS landscape-insufficient-fill action clears pad_right
TD206_WANTED PASS landscape-insufficient-fill action clears pad_gas
TD206_WANTED PASS landscape-insufficient-fill action clears pad_brake
TD206_WANTED PASS landscape-insufficient-fill action clears gig_/root/LowerCity/GigHud/@Control@7/@VBoxContainer@22/@Button@336
TD206_WANTED PASS landscape-insufficient-fill action clears gig_/root/LowerCity/GigHud/@Control@7/@VBoxContainer@22/@Button@342
TD206_WANTED PASS landscape-insufficient-fill action clears gig_/root/LowerCity/GigHud/@Control@7/@VBoxContainer@22/@Button@348
TD206_WANTED PASS landscape-insufficient-fill action clears gig_/root/LowerCity/GigHud/@Control@7/Map
TD206_WANTED PASS landscape-insufficient-fill action clears gig_board
TD206_WANTED PASS landscape-insufficient-fill action at least44px
TD206_WANTED PASS landscape-insufficient-fill modal inside viewport
TD206_WANTED FAIL landscape-insufficient-fill quote clears Wanted
TD206_WANTED PASS landscape-insufficient-fill confirm_button inside viewport
TD206_WANTED PASS landscape-insufficient-fill confirm_button at least44px
TD206_WANTED PASS landscape-insufficient-fill cancel_button inside viewport
TD206_WANTED PASS landscape-insufficient-fill cancel_button at least44px
TD206_WANTED PASS landscape-insufficient-fill range text at least17.5px
TD206_WANTED PASS landscape-insufficient-fill modal pause consistent
TD206_WANTED PASS landscape-tow-quote _panel inside viewport
TD206_WANTED FAIL landscape-tow-quote _panel clears wanted
TD206_WANTED PASS landscape-tow-quote _panel clears pause
TD206_WANTED PASS landscape-tow-quote _panel clears pad_left
TD206_WANTED PASS landscape-tow-quote _panel clears pad_right
TD206_WANTED PASS landscape-tow-quote _panel clears pad_gas
TD206_WANTED PASS landscape-tow-quote _panel clears pad_brake
TD206_WANTED PASS landscape-tow-quote _panel clears gig_/root/LowerCity/GigHud/@Control@7/@VBoxContainer@22/@Button@336
TD206_WANTED PASS landscape-tow-quote _panel clears gig_/root/LowerCity/GigHud/@Control@7/@VBoxContainer@22/@Button@342
TD206_WANTED PASS landscape-tow-quote _panel clears gig_/root/LowerCity/GigHud/@Control@7/@VBoxContainer@22/@Button@348
TD206_WANTED PASS landscape-tow-quote _panel clears gig_/root/LowerCity/GigHud/@Control@7/Map
TD206_WANTED PASS landscape-tow-quote _panel clears gig_board
TD206_WANTED PASS landscape-tow-quote action inside viewport
TD206_WANTED FAIL landscape-tow-quote action clears wanted
TD206_WANTED PASS landscape-tow-quote action clears pause
TD206_WANTED PASS landscape-tow-quote action clears pad_left
TD206_WANTED PASS landscape-tow-quote action clears pad_right
TD206_WANTED PASS landscape-tow-quote action clears pad_gas
TD206_WANTED PASS landscape-tow-quote action clears pad_brake
TD206_WANTED PASS landscape-tow-quote action clears gig_/root/LowerCity/GigHud/@Control@7/@VBoxContainer@22/@Button@336
TD206_WANTED PASS landscape-tow-quote action clears gig_/root/LowerCity/GigHud/@Control@7/@VBoxContainer@22/@Button@342
TD206_WANTED PASS landscape-tow-quote action clears gig_/root/LowerCity/GigHud/@Control@7/@VBoxContainer@22/@Button@348
TD206_WANTED PASS landscape-tow-quote action clears gig_/root/LowerCity/GigHud/@Control@7/Map
TD206_WANTED PASS landscape-tow-quote action clears gig_board
TD206_WANTED PASS landscape-tow-quote action at least44px
TD206_WANTED PASS landscape-tow-quote modal inside viewport
TD206_WANTED FAIL landscape-tow-quote quote clears Wanted
TD206_WANTED PASS landscape-tow-quote confirm_button inside viewport
TD206_WANTED PASS landscape-tow-quote confirm_button at least44px
TD206_WANTED PASS landscape-tow-quote cancel_button inside viewport
TD206_WANTED PASS landscape-tow-quote cancel_button at least44px
TD206_WANTED PASS landscape-tow-quote range text at least17.5px
TD206_WANTED PASS landscape-tow-quote modal pause consistent
TD206_WANTED PASS landscape-salvage-quote _panel inside viewport
TD206_WANTED FAIL landscape-salvage-quote _panel clears wanted
TD206_WANTED PASS landscape-salvage-quote _panel clears pause
TD206_WANTED PASS landscape-salvage-quote _panel clears pad_left
TD206_WANTED PASS landscape-salvage-quote _panel clears pad_right
TD206_WANTED PASS landscape-salvage-quote _panel clears pad_gas
TD206_WANTED PASS landscape-salvage-quote _panel clears pad_brake
TD206_WANTED PASS landscape-salvage-quote _panel clears gig_/root/LowerCity/GigHud/@Control@7/@VBoxContainer@22/@Button@336
TD206_WANTED PASS landscape-salvage-quote _panel clears gig_/root/LowerCity/GigHud/@Control@7/@VBoxContainer@22/@Button@342
TD206_WANTED PASS landscape-salvage-quote _panel clears gig_/root/LowerCity/GigHud/@Control@7/@VBoxContainer@22/@Button@348
TD206_WANTED PASS landscape-salvage-quote _panel clears gig_/root/LowerCity/GigHud/@Control@7/Map
TD206_WANTED PASS landscape-salvage-quote _panel clears gig_board
TD206_WANTED PASS landscape-salvage-quote action inside viewport
TD206_WANTED FAIL landscape-salvage-quote action clears wanted
TD206_WANTED PASS landscape-salvage-quote action clears pause
TD206_WANTED PASS landscape-salvage-quote action clears pad_left
TD206_WANTED PASS landscape-salvage-quote action clears pad_right
TD206_WANTED PASS landscape-salvage-quote action clears pad_gas
TD206_WANTED PASS landscape-salvage-quote action clears pad_brake
TD206_WANTED PASS landscape-salvage-quote action clears gig_/root/LowerCity/GigHud/@Control@7/@VBoxContainer@22/@Button@336
TD206_WANTED PASS landscape-salvage-quote action clears gig_/root/LowerCity/GigHud/@Control@7/@VBoxContainer@22/@Button@342
TD206_WANTED PASS landscape-salvage-quote action clears gig_/root/LowerCity/GigHud/@Control@7/@VBoxContainer@22/@Button@348
TD206_WANTED PASS landscape-salvage-quote action clears gig_/root/LowerCity/GigHud/@Control@7/Map
TD206_WANTED PASS landscape-salvage-quote action clears gig_board
TD206_WANTED PASS landscape-salvage-quote action at least44px
TD206_WANTED PASS landscape-salvage-quote modal inside viewport
TD206_WANTED FAIL landscape-salvage-quote quote clears Wanted
TD206_WANTED PASS landscape-salvage-quote confirm_button inside viewport
TD206_WANTED PASS landscape-salvage-quote confirm_button at least44px
TD206_WANTED PASS landscape-salvage-quote cancel_button inside viewport
TD206_WANTED PASS landscape-salvage-quote cancel_button at least44px
TD206_WANTED PASS landscape-salvage-quote range text at least17.5px
TD206_WANTED PASS landscape-salvage-quote modal pause consistent
TD206_WANTED PASS landscape-insufficient-home _panel inside viewport
TD206_WANTED FAIL landscape-insufficient-home _panel clears wanted
TD206_WANTED PASS landscape-insufficient-home _panel clears pause
TD206_WANTED PASS landscape-insufficient-home _panel clears pad_left
TD206_WANTED PASS landscape-insufficient-home _panel clears pad_right
TD206_WANTED PASS landscape-insufficient-home _panel clears pad_gas
TD206_WANTED PASS landscape-insufficient-home _panel clears pad_brake
TD206_WANTED PASS landscape-insufficient-home _panel clears gig_/root/LowerCity/GigHud/@Control@7/@VBoxContainer@22/@Button@336
TD206_WANTED PASS landscape-insufficient-home _panel clears gig_/root/LowerCity/GigHud/@Control@7/@VBoxContainer@22/@Button@342
TD206_WANTED PASS landscape-insufficient-home _panel clears gig_/root/LowerCity/GigHud/@Control@7/@VBoxContainer@22/@Button@348
TD206_WANTED PASS landscape-insufficient-home _panel clears gig_/root/LowerCity/GigHud/@Control@7/Map
TD206_WANTED PASS landscape-insufficient-home _panel clears gig_board
TD206_WANTED PASS landscape-insufficient-home action inside viewport
TD206_WANTED FAIL landscape-insufficient-home action clears wanted
TD206_WANTED PASS landscape-insufficient-home action clears pause
TD206_WANTED PASS landscape-insufficient-home action clears pad_left
TD206_WANTED PASS landscape-insufficient-home action clears pad_right
TD206_WANTED PASS landscape-insufficient-home action clears pad_gas
TD206_WANTED PASS landscape-insufficient-home action clears pad_brake
TD206_WANTED PASS landscape-insufficient-home action clears gig_/root/LowerCity/GigHud/@Control@7/@VBoxContainer@22/@Button@336
TD206_WANTED PASS landscape-insufficient-home action clears gig_/root/LowerCity/GigHud/@Control@7/@VBoxContainer@22/@Button@342
TD206_WANTED PASS landscape-insufficient-home action clears gig_/root/LowerCity/GigHud/@Control@7/@VBoxContainer@22/@Button@348
TD206_WANTED PASS landscape-insufficient-home action clears gig_/root/LowerCity/GigHud/@Control@7/Map
TD206_WANTED PASS landscape-insufficient-home action clears gig_board
TD206_WANTED PASS landscape-insufficient-home action at least44px
TD206_WANTED PASS landscape-insufficient-home modal inside viewport
TD206_WANTED FAIL landscape-insufficient-home quote clears Wanted
TD206_WANTED PASS landscape-insufficient-home confirm_button inside viewport
TD206_WANTED PASS landscape-insufficient-home confirm_button at least44px
TD206_WANTED PASS landscape-insufficient-home cancel_button inside viewport
TD206_WANTED PASS landscape-insufficient-home cancel_button at least44px
TD206_WANTED PASS landscape-insufficient-home restart_button inside viewport
TD206_WANTED PASS landscape-insufficient-home restart_button at least44px
TD206_WANTED PASS landscape-insufficient-home range text at least17.5px
TD206_WANTED PASS landscape-insufficient-home modal pause consistent
TD206_WANTED PASS landscape-run-over _panel inside viewport
TD206_WANTED FAIL landscape-run-over _panel clears wanted
TD206_WANTED PASS landscape-run-over _panel clears pause
TD206_WANTED PASS landscape-run-over _panel clears pad_left
TD206_WANTED PASS landscape-run-over _panel clears pad_right
TD206_WANTED PASS landscape-run-over _panel clears pad_gas
TD206_WANTED PASS landscape-run-over _panel clears pad_brake
TD206_WANTED PASS landscape-run-over _panel clears gig_/root/LowerCity/GigHud/@Control@7/@VBoxContainer@22/@Button@336
TD206_WANTED PASS landscape-run-over _panel clears gig_/root/LowerCity/GigHud/@Control@7/@VBoxContainer@22/@Button@342
TD206_WANTED PASS landscape-run-over _panel clears gig_/root/LowerCity/GigHud/@Control@7/@VBoxContainer@22/@Button@348
TD206_WANTED PASS landscape-run-over _panel clears gig_/root/LowerCity/GigHud/@Control@7/Map
TD206_WANTED PASS landscape-run-over _panel clears gig_board
TD206_WANTED PASS landscape-run-over action inside viewport
TD206_WANTED FAIL landscape-run-over action clears wanted
TD206_WANTED PASS landscape-run-over action clears pause
TD206_WANTED PASS landscape-run-over action clears pad_left
TD206_WANTED PASS landscape-run-over action clears pad_right
TD206_WANTED PASS landscape-run-over action clears pad_gas
TD206_WANTED PASS landscape-run-over action clears pad_brake
TD206_WANTED PASS landscape-run-over action clears gig_/root/LowerCity/GigHud/@Control@7/@VBoxContainer@22/@Button@336
TD206_WANTED PASS landscape-run-over action clears gig_/root/LowerCity/GigHud/@Control@7/@VBoxContainer@22/@Button@342
TD206_WANTED PASS landscape-run-over action clears gig_/root/LowerCity/GigHud/@Control@7/@VBoxContainer@22/@Button@348
TD206_WANTED PASS landscape-run-over action clears gig_/root/LowerCity/GigHud/@Control@7/Map
TD206_WANTED PASS landscape-run-over action clears gig_board
TD206_WANTED PASS landscape-run-over action at least44px
TD206_WANTED PASS landscape-run-over modal inside viewport
TD206_WANTED FAIL landscape-run-over quote clears Wanted
TD206_WANTED PASS landscape-run-over restart_button inside viewport
TD206_WANTED PASS landscape-run-over restart_button at least44px
TD206_WANTED PASS landscape-run-over range text at least17.5px
TD206_WANTED PASS landscape-run-over modal pause consistent
TD206_WANTED PASS portrait-idle _panel inside viewport
TD206_WANTED PASS portrait-idle _panel clears wanted
TD206_WANTED PASS portrait-idle _panel clears pause
TD206_WANTED PASS portrait-idle _panel clears pad_left
TD206_WANTED PASS portrait-idle _panel clears pad_right
TD206_WANTED PASS portrait-idle _panel clears pad_gas
TD206_WANTED PASS portrait-idle _panel clears pad_brake
TD206_WANTED PASS portrait-idle _panel clears gig_/root/LowerCity/GigHud/@Control@7/@VBoxContainer@22/@Button@336
TD206_WANTED PASS portrait-idle _panel clears gig_/root/LowerCity/GigHud/@Control@7/@VBoxContainer@22/@Button@342
TD206_WANTED PASS portrait-idle _panel clears gig_/root/LowerCity/GigHud/@Control@7/@VBoxContainer@22/@Button@348
TD206_WANTED PASS portrait-idle _panel clears gig_/root/LowerCity/GigHud/@Control@7/Map
TD206_WANTED PASS portrait-idle _panel clears gig_board
TD206_WANTED PASS portrait-idle action inside viewport
TD206_WANTED PASS portrait-idle action clears wanted
TD206_WANTED PASS portrait-idle action clears pause
TD206_WANTED PASS portrait-idle action clears pad_left
TD206_WANTED PASS portrait-idle action clears pad_right
TD206_WANTED PASS portrait-idle action clears pad_gas
TD206_WANTED PASS portrait-idle action clears pad_brake
TD206_WANTED PASS portrait-idle action clears gig_/root/LowerCity/GigHud/@Control@7/@VBoxContainer@22/@Button@336
TD206_WANTED PASS portrait-idle action clears gig_/root/LowerCity/GigHud/@Control@7/@VBoxContainer@22/@Button@342
TD206_WANTED PASS portrait-idle action clears gig_/root/LowerCity/GigHud/@Control@7/@VBoxContainer@22/@Button@348
TD206_WANTED PASS portrait-idle action clears gig_/root/LowerCity/GigHud/@Control@7/Map
TD206_WANTED PASS portrait-idle action clears gig_board
TD206_WANTED PASS portrait-idle action at least44px
TD206_WANTED PASS portrait-idle range text at least17.5px
TD206_WANTED PASS portrait-idle modal pause consistent
TD206_WANTED PASS portrait-vehicle-low-range _panel inside viewport
TD206_WANTED PASS portrait-vehicle-low-range _panel clears wanted
TD206_WANTED PASS portrait-vehicle-low-range _panel clears pause
TD206_WANTED PASS portrait-vehicle-low-range _panel clears pad_left
TD206_WANTED PASS portrait-vehicle-low-range _panel clears pad_right
TD206_WANTED PASS portrait-vehicle-low-range _panel clears pad_gas
TD206_WANTED PASS portrait-vehicle-low-range _panel clears pad_brake
TD206_WANTED PASS portrait-vehicle-low-range _panel clears gig_/root/LowerCity/GigHud/@Control@7/@VBoxContainer@22/@Button@336
TD206_WANTED PASS portrait-vehicle-low-range _panel clears gig_/root/LowerCity/GigHud/@Control@7/@VBoxContainer@22/@Button@342
TD206_WANTED PASS portrait-vehicle-low-range _panel clears gig_/root/LowerCity/GigHud/@Control@7/@VBoxContainer@22/@Button@348
TD206_WANTED PASS portrait-vehicle-low-range _panel clears gig_/root/LowerCity/GigHud/@Control@7/Map
TD206_WANTED PASS portrait-vehicle-low-range _panel clears gig_board
TD206_WANTED PASS portrait-vehicle-low-range action inside viewport
TD206_WANTED PASS portrait-vehicle-low-range action clears wanted
TD206_WANTED PASS portrait-vehicle-low-range action clears pause
TD206_WANTED PASS portrait-vehicle-low-range action clears pad_left
TD206_WANTED PASS portrait-vehicle-low-range action clears pad_right
TD206_WANTED PASS portrait-vehicle-low-range action clears pad_gas
TD206_WANTED PASS portrait-vehicle-low-range action clears pad_brake
TD206_WANTED PASS portrait-vehicle-low-range action clears gig_/root/LowerCity/GigHud/@Control@7/@VBoxContainer@22/@Button@336
TD206_WANTED PASS portrait-vehicle-low-range action clears gig_/root/LowerCity/GigHud/@Control@7/@VBoxContainer@22/@Button@342
TD206_WANTED PASS portrait-vehicle-low-range action clears gig_/root/LowerCity/GigHud/@Control@7/@VBoxContainer@22/@Button@348
TD206_WANTED PASS portrait-vehicle-low-range action clears gig_/root/LowerCity/GigHud/@Control@7/Map
TD206_WANTED PASS portrait-vehicle-low-range action clears gig_board
TD206_WANTED PASS portrait-vehicle-low-range action at least44px
TD206_WANTED PASS portrait-vehicle-low-range range text at least17.5px
TD206_WANTED PASS portrait-vehicle-low-range modal pause consistent
TD206_WANTED PASS portrait-pedestrian-low-balance _panel inside viewport
TD206_WANTED PASS portrait-pedestrian-low-balance _panel clears wanted
TD206_WANTED PASS portrait-pedestrian-low-balance _panel clears pause
TD206_WANTED PASS portrait-pedestrian-low-balance _panel clears pad_left
TD206_WANTED PASS portrait-pedestrian-low-balance _panel clears pad_right
TD206_WANTED PASS portrait-pedestrian-low-balance _panel clears pad_gas
TD206_WANTED PASS portrait-pedestrian-low-balance _panel clears pad_brake
TD206_WANTED PASS portrait-pedestrian-low-balance _panel clears gig_/root/LowerCity/GigHud/@Control@7/@VBoxContainer@22/@Button@336
TD206_WANTED PASS portrait-pedestrian-low-balance _panel clears gig_/root/LowerCity/GigHud/@Control@7/@VBoxContainer@22/@Button@342
TD206_WANTED PASS portrait-pedestrian-low-balance _panel clears gig_/root/LowerCity/GigHud/@Control@7/@VBoxContainer@22/@Button@348
TD206_WANTED PASS portrait-pedestrian-low-balance _panel clears gig_/root/LowerCity/GigHud/@Control@7/Map
TD206_WANTED PASS portrait-pedestrian-low-balance _panel clears gig_board
TD206_WANTED PASS portrait-pedestrian-low-balance action inside viewport
TD206_WANTED PASS portrait-pedestrian-low-balance action clears wanted
TD206_WANTED PASS portrait-pedestrian-low-balance action clears pause
TD206_WANTED PASS portrait-pedestrian-low-balance action clears pad_left
TD206_WANTED PASS portrait-pedestrian-low-balance action clears pad_right
TD206_WANTED PASS portrait-pedestrian-low-balance action clears pad_gas
TD206_WANTED PASS portrait-pedestrian-low-balance action clears pad_brake
TD206_WANTED PASS portrait-pedestrian-low-balance action clears gig_/root/LowerCity/GigHud/@Control@7/@VBoxContainer@22/@Button@336
TD206_WANTED PASS portrait-pedestrian-low-balance action clears gig_/root/LowerCity/GigHud/@Control@7/@VBoxContainer@22/@Button@342
TD206_WANTED PASS portrait-pedestrian-low-balance action clears gig_/root/LowerCity/GigHud/@Control@7/@VBoxContainer@22/@Button@348
TD206_WANTED PASS portrait-pedestrian-low-balance action clears gig_/root/LowerCity/GigHud/@Control@7/Map
TD206_WANTED PASS portrait-pedestrian-low-balance action clears gig_board
TD206_WANTED PASS portrait-pedestrian-low-balance action at least44px
TD206_WANTED PASS portrait-pedestrian-low-balance range text at least17.5px
TD206_WANTED PASS portrait-pedestrian-low-balance modal pause consistent
TD206_WANTED PASS portrait-busted _panel inside viewport
TD206_WANTED PASS portrait-busted _panel clears wanted
TD206_WANTED PASS portrait-busted _panel clears pause
TD206_WANTED PASS portrait-busted _panel clears pad_left
TD206_WANTED PASS portrait-busted _panel clears pad_right
TD206_WANTED PASS portrait-busted _panel clears pad_gas
TD206_WANTED PASS portrait-busted _panel clears pad_brake
TD206_WANTED PASS portrait-busted _panel clears gig_/root/LowerCity/GigHud/@Control@7/@VBoxContainer@22/@Button@336
TD206_WANTED PASS portrait-busted _panel clears gig_/root/LowerCity/GigHud/@Control@7/@VBoxContainer@22/@Button@342
TD206_WANTED PASS portrait-busted _panel clears gig_/root/LowerCity/GigHud/@Control@7/@VBoxContainer@22/@Button@348
TD206_WANTED PASS portrait-busted _panel clears gig_/root/LowerCity/GigHud/@Control@7/Map
TD206_WANTED PASS portrait-busted _panel clears gig_board
TD206_WANTED PASS portrait-busted action inside viewport
TD206_WANTED PASS portrait-busted action clears wanted
TD206_WANTED PASS portrait-busted action clears pause
TD206_WANTED PASS portrait-busted action clears pad_left
TD206_WANTED PASS portrait-busted action clears pad_right
TD206_WANTED PASS portrait-busted action clears pad_gas
TD206_WANTED PASS portrait-busted action clears pad_brake
TD206_WANTED PASS portrait-busted action clears gig_/root/LowerCity/GigHud/@Control@7/@VBoxContainer@22/@Button@336
TD206_WANTED PASS portrait-busted action clears gig_/root/LowerCity/GigHud/@Control@7/@VBoxContainer@22/@Button@342
TD206_WANTED PASS portrait-busted action clears gig_/root/LowerCity/GigHud/@Control@7/@VBoxContainer@22/@Button@348
TD206_WANTED PASS portrait-busted action clears gig_/root/LowerCity/GigHud/@Control@7/Map
TD206_WANTED PASS portrait-busted action clears gig_board
TD206_WANTED PASS portrait-busted action at least44px
TD206_WANTED PASS portrait-busted range text at least17.5px
TD206_WANTED PASS portrait-busted modal pause consistent
TD206_WANTED PASS portrait-cleared _panel inside viewport
TD206_WANTED PASS portrait-cleared _panel clears wanted
TD206_WANTED PASS portrait-cleared _panel clears pause
TD206_WANTED PASS portrait-cleared _panel clears pad_left
TD206_WANTED PASS portrait-cleared _panel clears pad_right
TD206_WANTED PASS portrait-cleared _panel clears pad_gas
TD206_WANTED PASS portrait-cleared _panel clears pad_brake
TD206_WANTED PASS portrait-cleared _panel clears gig_/root/LowerCity/GigHud/@Control@7/@VBoxContainer@22/@Button@336
TD206_WANTED PASS portrait-cleared _panel clears gig_/root/LowerCity/GigHud/@Control@7/@VBoxContainer@22/@Button@342
TD206_WANTED PASS portrait-cleared _panel clears gig_/root/LowerCity/GigHud/@Control@7/@VBoxContainer@22/@Button@348
TD206_WANTED PASS portrait-cleared _panel clears gig_/root/LowerCity/GigHud/@Control@7/Map
TD206_WANTED PASS portrait-cleared _panel clears gig_board
TD206_WANTED PASS portrait-cleared action inside viewport
TD206_WANTED PASS portrait-cleared action clears wanted
TD206_WANTED PASS portrait-cleared action clears pause
TD206_WANTED PASS portrait-cleared action clears pad_left
TD206_WANTED PASS portrait-cleared action clears pad_right
TD206_WANTED PASS portrait-cleared action clears pad_gas
TD206_WANTED PASS portrait-cleared action clears pad_brake
TD206_WANTED PASS portrait-cleared action clears gig_/root/LowerCity/GigHud/@Control@7/@VBoxContainer@22/@Button@336
TD206_WANTED PASS portrait-cleared action clears gig_/root/LowerCity/GigHud/@Control@7/@VBoxContainer@22/@Button@342
TD206_WANTED PASS portrait-cleared action clears gig_/root/LowerCity/GigHud/@Control@7/@VBoxContainer@22/@Button@348
TD206_WANTED PASS portrait-cleared action clears gig_/root/LowerCity/GigHud/@Control@7/Map
TD206_WANTED PASS portrait-cleared action clears gig_board
TD206_WANTED PASS portrait-cleared action at least44px
TD206_WANTED PASS portrait-cleared range text at least17.5px
TD206_WANTED PASS portrait-cleared modal pause consistent
TD206_WANTED PASS portrait-gig-active _panel inside viewport
TD206_WANTED PASS portrait-gig-active _panel clears wanted
TD206_WANTED PASS portrait-gig-active _panel clears pause
TD206_WANTED PASS portrait-gig-active _panel clears pad_left
TD206_WANTED PASS portrait-gig-active _panel clears pad_right
TD206_WANTED PASS portrait-gig-active _panel clears pad_gas
TD206_WANTED PASS portrait-gig-active _panel clears pad_brake
TD206_WANTED PASS portrait-gig-active _panel clears gig_/root/LowerCity/GigHud/@Control@7/Map
TD206_WANTED PASS portrait-gig-active _panel clears gig_card
TD206_WANTED PASS portrait-gig-active action inside viewport
TD206_WANTED PASS portrait-gig-active action clears wanted
TD206_WANTED PASS portrait-gig-active action clears pause
TD206_WANTED PASS portrait-gig-active action clears pad_left
TD206_WANTED PASS portrait-gig-active action clears pad_right
TD206_WANTED PASS portrait-gig-active action clears pad_gas
TD206_WANTED PASS portrait-gig-active action clears pad_brake
TD206_WANTED PASS portrait-gig-active action clears gig_/root/LowerCity/GigHud/@Control@7/Map
TD206_WANTED PASS portrait-gig-active action clears gig_card
TD206_WANTED PASS portrait-gig-active action at least44px
TD206_WANTED PASS portrait-gig-active range text at least17.5px
TD206_WANTED PASS portrait-gig-active modal pause consistent
TD206_WANTED PASS portrait-gig-pickup _panel inside viewport
TD206_WANTED PASS portrait-gig-pickup _panel clears wanted
TD206_WANTED PASS portrait-gig-pickup _panel clears pause
TD206_WANTED PASS portrait-gig-pickup _panel clears pad_left
TD206_WANTED PASS portrait-gig-pickup _panel clears pad_right
TD206_WANTED PASS portrait-gig-pickup _panel clears pad_gas
TD206_WANTED PASS portrait-gig-pickup _panel clears pad_brake
TD206_WANTED PASS portrait-gig-pickup _panel clears gig_/root/LowerCity/GigHud/@Control@7/Interact
TD206_WANTED PASS portrait-gig-pickup _panel clears gig_/root/LowerCity/GigHud/@Control@7/Map
TD206_WANTED PASS portrait-gig-pickup _panel clears gig_card
TD206_WANTED PASS portrait-gig-pickup action inside viewport
TD206_WANTED PASS portrait-gig-pickup action clears wanted
TD206_WANTED PASS portrait-gig-pickup action clears pause
TD206_WANTED PASS portrait-gig-pickup action clears pad_left
TD206_WANTED PASS portrait-gig-pickup action clears pad_right
TD206_WANTED PASS portrait-gig-pickup action clears pad_gas
TD206_WANTED PASS portrait-gig-pickup action clears pad_brake
TD206_WANTED PASS portrait-gig-pickup action clears gig_/root/LowerCity/GigHud/@Control@7/Interact
TD206_WANTED PASS portrait-gig-pickup action clears gig_/root/LowerCity/GigHud/@Control@7/Map
TD206_WANTED PASS portrait-gig-pickup action clears gig_card
TD206_WANTED PASS portrait-gig-pickup action at least44px
TD206_WANTED PASS portrait-gig-pickup range text at least17.5px
TD206_WANTED PASS portrait-gig-pickup modal pause consistent
TD206_WANTED PASS portrait-gig-settled _panel inside viewport
TD206_WANTED PASS portrait-gig-settled _panel clears wanted
TD206_WANTED PASS portrait-gig-settled _panel clears pause
TD206_WANTED PASS portrait-gig-settled _panel clears pad_left
TD206_WANTED PASS portrait-gig-settled _panel clears pad_right
TD206_WANTED PASS portrait-gig-settled _panel clears pad_gas
TD206_WANTED PASS portrait-gig-settled _panel clears pad_brake
TD206_WANTED PASS portrait-gig-settled _panel clears gig_/root/LowerCity/GigHud/@Control@7/Map
TD206_WANTED PASS portrait-gig-settled _panel clears gig_chit
TD206_WANTED PASS portrait-gig-settled action inside viewport
TD206_WANTED PASS portrait-gig-settled action clears wanted
TD206_WANTED PASS portrait-gig-settled action clears pause
TD206_WANTED PASS portrait-gig-settled action clears pad_left
TD206_WANTED PASS portrait-gig-settled action clears pad_right
TD206_WANTED PASS portrait-gig-settled action clears pad_gas
TD206_WANTED PASS portrait-gig-settled action clears pad_brake
TD206_WANTED PASS portrait-gig-settled action clears gig_/root/LowerCity/GigHud/@Control@7/Map
TD206_WANTED PASS portrait-gig-settled action clears gig_chit
TD206_WANTED PASS portrait-gig-settled action at least44px
TD206_WANTED PASS portrait-gig-settled range text at least17.5px
TD206_WANTED PASS portrait-gig-settled modal pause consistent
TD206_WANTED PASS portrait-fill-quote _panel inside viewport
TD206_WANTED PASS portrait-fill-quote _panel clears wanted
TD206_WANTED PASS portrait-fill-quote _panel clears pause
TD206_WANTED PASS portrait-fill-quote _panel clears pad_left
TD206_WANTED PASS portrait-fill-quote _panel clears pad_right
TD206_WANTED PASS portrait-fill-quote _panel clears pad_gas
TD206_WANTED PASS portrait-fill-quote _panel clears pad_brake
TD206_WANTED PASS portrait-fill-quote _panel clears gig_/root/LowerCity/GigHud/@Control@7/@VBoxContainer@22/@Button@384
TD206_WANTED PASS portrait-fill-quote _panel clears gig_/root/LowerCity/GigHud/@Control@7/@VBoxContainer@22/@Button@390
TD206_WANTED PASS portrait-fill-quote _panel clears gig_/root/LowerCity/GigHud/@Control@7/@VBoxContainer@22/@Button@396
TD206_WANTED PASS portrait-fill-quote _panel clears gig_/root/LowerCity/GigHud/@Control@7/Map
TD206_WANTED PASS portrait-fill-quote _panel clears gig_board
TD206_WANTED PASS portrait-fill-quote action inside viewport
TD206_WANTED PASS portrait-fill-quote action clears wanted
TD206_WANTED PASS portrait-fill-quote action clears pause
TD206_WANTED PASS portrait-fill-quote action clears pad_left
TD206_WANTED PASS portrait-fill-quote action clears pad_right
TD206_WANTED PASS portrait-fill-quote action clears pad_gas
TD206_WANTED PASS portrait-fill-quote action clears pad_brake
TD206_WANTED PASS portrait-fill-quote action clears gig_/root/LowerCity/GigHud/@Control@7/@VBoxContainer@22/@Button@384
TD206_WANTED PASS portrait-fill-quote action clears gig_/root/LowerCity/GigHud/@Control@7/@VBoxContainer@22/@Button@390
TD206_WANTED PASS portrait-fill-quote action clears gig_/root/LowerCity/GigHud/@Control@7/@VBoxContainer@22/@Button@396
TD206_WANTED PASS portrait-fill-quote action clears gig_/root/LowerCity/GigHud/@Control@7/Map
TD206_WANTED PASS portrait-fill-quote action clears gig_board
TD206_WANTED PASS portrait-fill-quote action at least44px
TD206_WANTED PASS portrait-fill-quote modal inside viewport
TD206_WANTED FAIL portrait-fill-quote quote clears Wanted
TD206_WANTED PASS portrait-fill-quote confirm_button inside viewport
TD206_WANTED PASS portrait-fill-quote confirm_button at least44px
TD206_WANTED PASS portrait-fill-quote cancel_button inside viewport
TD206_WANTED PASS portrait-fill-quote cancel_button at least44px
TD206_WANTED PASS portrait-fill-quote range text at least17.5px
TD206_WANTED PASS portrait-fill-quote modal pause consistent
TD206_WANTED PASS portrait-insufficient-fill _panel inside viewport
TD206_WANTED PASS portrait-insufficient-fill _panel clears wanted
TD206_WANTED PASS portrait-insufficient-fill _panel clears pause
TD206_WANTED PASS portrait-insufficient-fill _panel clears pad_left
TD206_WANTED PASS portrait-insufficient-fill _panel clears pad_right
TD206_WANTED PASS portrait-insufficient-fill _panel clears pad_gas
TD206_WANTED PASS portrait-insufficient-fill _panel clears pad_brake
TD206_WANTED PASS portrait-insufficient-fill _panel clears gig_/root/LowerCity/GigHud/@Control@7/@VBoxContainer@22/@Button@384
TD206_WANTED PASS portrait-insufficient-fill _panel clears gig_/root/LowerCity/GigHud/@Control@7/@VBoxContainer@22/@Button@390
TD206_WANTED PASS portrait-insufficient-fill _panel clears gig_/root/LowerCity/GigHud/@Control@7/@VBoxContainer@22/@Button@396
TD206_WANTED PASS portrait-insufficient-fill _panel clears gig_/root/LowerCity/GigHud/@Control@7/Map
TD206_WANTED PASS portrait-insufficient-fill _panel clears gig_board
TD206_WANTED PASS portrait-insufficient-fill action inside viewport
TD206_WANTED PASS portrait-insufficient-fill action clears wanted
TD206_WANTED PASS portrait-insufficient-fill action clears pause
TD206_WANTED PASS portrait-insufficient-fill action clears pad_left
TD206_WANTED PASS portrait-insufficient-fill action clears pad_right
TD206_WANTED PASS portrait-insufficient-fill action clears pad_gas
TD206_WANTED PASS portrait-insufficient-fill action clears pad_brake
TD206_WANTED PASS portrait-insufficient-fill action clears gig_/root/LowerCity/GigHud/@Control@7/@VBoxContainer@22/@Button@384
TD206_WANTED PASS portrait-insufficient-fill action clears gig_/root/LowerCity/GigHud/@Control@7/@VBoxContainer@22/@Button@390
TD206_WANTED PASS portrait-insufficient-fill action clears gig_/root/LowerCity/GigHud/@Control@7/@VBoxContainer@22/@Button@396
TD206_WANTED PASS portrait-insufficient-fill action clears gig_/root/LowerCity/GigHud/@Control@7/Map
TD206_WANTED PASS portrait-insufficient-fill action clears gig_board
TD206_WANTED PASS portrait-insufficient-fill action at least44px
TD206_WANTED PASS portrait-insufficient-fill modal inside viewport
TD206_WANTED FAIL portrait-insufficient-fill quote clears Wanted
TD206_WANTED PASS portrait-insufficient-fill confirm_button inside viewport
TD206_WANTED PASS portrait-insufficient-fill confirm_button at least44px
TD206_WANTED PASS portrait-insufficient-fill cancel_button inside viewport
TD206_WANTED PASS portrait-insufficient-fill cancel_button at least44px
TD206_WANTED PASS portrait-insufficient-fill range text at least17.5px
TD206_WANTED PASS portrait-insufficient-fill modal pause consistent
TD206_WANTED PASS portrait-tow-quote _panel inside viewport
TD206_WANTED PASS portrait-tow-quote _panel clears wanted
TD206_WANTED PASS portrait-tow-quote _panel clears pause
TD206_WANTED PASS portrait-tow-quote _panel clears pad_left
TD206_WANTED PASS portrait-tow-quote _panel clears pad_right
TD206_WANTED PASS portrait-tow-quote _panel clears pad_gas
TD206_WANTED PASS portrait-tow-quote _panel clears pad_brake
TD206_WANTED PASS portrait-tow-quote _panel clears gig_/root/LowerCity/GigHud/@Control@7/@VBoxContainer@22/@Button@384
TD206_WANTED PASS portrait-tow-quote _panel clears gig_/root/LowerCity/GigHud/@Control@7/@VBoxContainer@22/@Button@390
TD206_WANTED PASS portrait-tow-quote _panel clears gig_/root/LowerCity/GigHud/@Control@7/@VBoxContainer@22/@Button@396
TD206_WANTED PASS portrait-tow-quote _panel clears gig_/root/LowerCity/GigHud/@Control@7/Map
TD206_WANTED PASS portrait-tow-quote _panel clears gig_board
TD206_WANTED PASS portrait-tow-quote action inside viewport
TD206_WANTED PASS portrait-tow-quote action clears wanted
TD206_WANTED PASS portrait-tow-quote action clears pause
TD206_WANTED PASS portrait-tow-quote action clears pad_left
TD206_WANTED PASS portrait-tow-quote action clears pad_right
TD206_WANTED PASS portrait-tow-quote action clears pad_gas
TD206_WANTED PASS portrait-tow-quote action clears pad_brake
TD206_WANTED PASS portrait-tow-quote action clears gig_/root/LowerCity/GigHud/@Control@7/@VBoxContainer@22/@Button@384
TD206_WANTED PASS portrait-tow-quote action clears gig_/root/LowerCity/GigHud/@Control@7/@VBoxContainer@22/@Button@390
TD206_WANTED PASS portrait-tow-quote action clears gig_/root/LowerCity/GigHud/@Control@7/@VBoxContainer@22/@Button@396
TD206_WANTED PASS portrait-tow-quote action clears gig_/root/LowerCity/GigHud/@Control@7/Map
TD206_WANTED PASS portrait-tow-quote action clears gig_board
TD206_WANTED PASS portrait-tow-quote action at least44px
TD206_WANTED PASS portrait-tow-quote modal inside viewport
TD206_WANTED FAIL portrait-tow-quote quote clears Wanted
TD206_WANTED PASS portrait-tow-quote confirm_button inside viewport
TD206_WANTED PASS portrait-tow-quote confirm_button at least44px
TD206_WANTED PASS portrait-tow-quote cancel_button inside viewport
TD206_WANTED PASS portrait-tow-quote cancel_button at least44px
TD206_WANTED PASS portrait-tow-quote range text at least17.5px
TD206_WANTED PASS portrait-tow-quote modal pause consistent
TD206_WANTED PASS portrait-salvage-quote _panel inside viewport
TD206_WANTED PASS portrait-salvage-quote _panel clears wanted
TD206_WANTED PASS portrait-salvage-quote _panel clears pause
TD206_WANTED PASS portrait-salvage-quote _panel clears pad_left
TD206_WANTED PASS portrait-salvage-quote _panel clears pad_right
TD206_WANTED PASS portrait-salvage-quote _panel clears pad_gas
TD206_WANTED PASS portrait-salvage-quote _panel clears pad_brake
TD206_WANTED PASS portrait-salvage-quote _panel clears gig_/root/LowerCity/GigHud/@Control@7/@VBoxContainer@22/@Button@384
TD206_WANTED PASS portrait-salvage-quote _panel clears gig_/root/LowerCity/GigHud/@Control@7/@VBoxContainer@22/@Button@390
TD206_WANTED PASS portrait-salvage-quote _panel clears gig_/root/LowerCity/GigHud/@Control@7/@VBoxContainer@22/@Button@396
TD206_WANTED PASS portrait-salvage-quote _panel clears gig_/root/LowerCity/GigHud/@Control@7/Map
TD206_WANTED PASS portrait-salvage-quote _panel clears gig_board
TD206_WANTED PASS portrait-salvage-quote action inside viewport
TD206_WANTED PASS portrait-salvage-quote action clears wanted
TD206_WANTED PASS portrait-salvage-quote action clears pause
TD206_WANTED PASS portrait-salvage-quote action clears pad_left
TD206_WANTED PASS portrait-salvage-quote action clears pad_right
TD206_WANTED PASS portrait-salvage-quote action clears pad_gas
TD206_WANTED PASS portrait-salvage-quote action clears pad_brake
TD206_WANTED PASS portrait-salvage-quote action clears gig_/root/LowerCity/GigHud/@Control@7/@VBoxContainer@22/@Button@384
TD206_WANTED PASS portrait-salvage-quote action clears gig_/root/LowerCity/GigHud/@Control@7/@VBoxContainer@22/@Button@390
TD206_WANTED PASS portrait-salvage-quote action clears gig_/root/LowerCity/GigHud/@Control@7/@VBoxContainer@22/@Button@396
TD206_WANTED PASS portrait-salvage-quote action clears gig_/root/LowerCity/GigHud/@Control@7/Map
TD206_WANTED PASS portrait-salvage-quote action clears gig_board
TD206_WANTED PASS portrait-salvage-quote action at least44px
TD206_WANTED PASS portrait-salvage-quote modal inside viewport
TD206_WANTED FAIL portrait-salvage-quote quote clears Wanted
TD206_WANTED PASS portrait-salvage-quote confirm_button inside viewport
TD206_WANTED PASS portrait-salvage-quote confirm_button at least44px
TD206_WANTED PASS portrait-salvage-quote cancel_button inside viewport
TD206_WANTED PASS portrait-salvage-quote cancel_button at least44px
TD206_WANTED PASS portrait-salvage-quote range text at least17.5px
TD206_WANTED PASS portrait-salvage-quote modal pause consistent
TD206_WANTED PASS portrait-insufficient-home _panel inside viewport
TD206_WANTED PASS portrait-insufficient-home _panel clears wanted
TD206_WANTED PASS portrait-insufficient-home _panel clears pause
TD206_WANTED PASS portrait-insufficient-home _panel clears pad_left
TD206_WANTED PASS portrait-insufficient-home _panel clears pad_right
TD206_WANTED PASS portrait-insufficient-home _panel clears pad_gas
TD206_WANTED PASS portrait-insufficient-home _panel clears pad_brake
TD206_WANTED PASS portrait-insufficient-home _panel clears gig_/root/LowerCity/GigHud/@Control@7/@VBoxContainer@22/@Button@384
TD206_WANTED PASS portrait-insufficient-home _panel clears gig_/root/LowerCity/GigHud/@Control@7/@VBoxContainer@22/@Button@390
TD206_WANTED PASS portrait-insufficient-home _panel clears gig_/root/LowerCity/GigHud/@Control@7/@VBoxContainer@22/@Button@396
TD206_WANTED PASS portrait-insufficient-home _panel clears gig_/root/LowerCity/GigHud/@Control@7/Map
TD206_WANTED PASS portrait-insufficient-home _panel clears gig_board
TD206_WANTED PASS portrait-insufficient-home action inside viewport
TD206_WANTED PASS portrait-insufficient-home action clears wanted
TD206_WANTED PASS portrait-insufficient-home action clears pause
TD206_WANTED PASS portrait-insufficient-home action clears pad_left
TD206_WANTED PASS portrait-insufficient-home action clears pad_right
TD206_WANTED PASS portrait-insufficient-home action clears pad_gas
TD206_WANTED PASS portrait-insufficient-home action clears pad_brake
TD206_WANTED PASS portrait-insufficient-home action clears gig_/root/LowerCity/GigHud/@Control@7/@VBoxContainer@22/@Button@384
TD206_WANTED PASS portrait-insufficient-home action clears gig_/root/LowerCity/GigHud/@Control@7/@VBoxContainer@22/@Button@390
TD206_WANTED PASS portrait-insufficient-home action clears gig_/root/LowerCity/GigHud/@Control@7/@VBoxContainer@22/@Button@396
TD206_WANTED PASS portrait-insufficient-home action clears gig_/root/LowerCity/GigHud/@Control@7/Map
TD206_WANTED PASS portrait-insufficient-home action clears gig_board
TD206_WANTED PASS portrait-insufficient-home action at least44px
TD206_WANTED PASS portrait-insufficient-home modal inside viewport
TD206_WANTED FAIL portrait-insufficient-home quote clears Wanted
TD206_WANTED PASS portrait-insufficient-home confirm_button inside viewport
TD206_WANTED PASS portrait-insufficient-home confirm_button at least44px
TD206_WANTED PASS portrait-insufficient-home cancel_button inside viewport
TD206_WANTED PASS portrait-insufficient-home cancel_button at least44px
TD206_WANTED PASS portrait-insufficient-home restart_button inside viewport
TD206_WANTED PASS portrait-insufficient-home restart_button at least44px
TD206_WANTED PASS portrait-insufficient-home range text at least17.5px
TD206_WANTED PASS portrait-insufficient-home modal pause consistent
TD206_WANTED PASS portrait-run-over _panel inside viewport
TD206_WANTED PASS portrait-run-over _panel clears wanted
TD206_WANTED PASS portrait-run-over _panel clears pause
TD206_WANTED PASS portrait-run-over _panel clears pad_left
TD206_WANTED PASS portrait-run-over _panel clears pad_right
TD206_WANTED PASS portrait-run-over _panel clears pad_gas
TD206_WANTED PASS portrait-run-over _panel clears pad_brake
TD206_WANTED PASS portrait-run-over _panel clears gig_/root/LowerCity/GigHud/@Control@7/@VBoxContainer@22/@Button@384
TD206_WANTED PASS portrait-run-over _panel clears gig_/root/LowerCity/GigHud/@Control@7/@VBoxContainer@22/@Button@390
TD206_WANTED PASS portrait-run-over _panel clears gig_/root/LowerCity/GigHud/@Control@7/@VBoxContainer@22/@Button@396
TD206_WANTED PASS portrait-run-over _panel clears gig_/root/LowerCity/GigHud/@Control@7/Map
TD206_WANTED PASS portrait-run-over _panel clears gig_board
TD206_WANTED PASS portrait-run-over action inside viewport
TD206_WANTED PASS portrait-run-over action clears wanted
TD206_WANTED PASS portrait-run-over action clears pause
TD206_WANTED PASS portrait-run-over action clears pad_left
TD206_WANTED PASS portrait-run-over action clears pad_right
TD206_WANTED PASS portrait-run-over action clears pad_gas
TD206_WANTED PASS portrait-run-over action clears pad_brake
TD206_WANTED PASS portrait-run-over action clears gig_/root/LowerCity/GigHud/@Control@7/@VBoxContainer@22/@Button@384
TD206_WANTED PASS portrait-run-over action clears gig_/root/LowerCity/GigHud/@Control@7/@VBoxContainer@22/@Button@390
TD206_WANTED PASS portrait-run-over action clears gig_/root/LowerCity/GigHud/@Control@7/@VBoxContainer@22/@Button@396
TD206_WANTED PASS portrait-run-over action clears gig_/root/LowerCity/GigHud/@Control@7/Map
TD206_WANTED PASS portrait-run-over action clears gig_board
TD206_WANTED PASS portrait-run-over action at least44px
TD206_WANTED PASS portrait-run-over modal inside viewport
TD206_WANTED PASS portrait-run-over quote clears Wanted
TD206_WANTED PASS portrait-run-over restart_button inside viewport
TD206_WANTED PASS portrait-run-over restart_button at least44px
TD206_WANTED PASS portrait-run-over range text at least17.5px
TD206_WANTED PASS portrait-run-over modal pause consistent
TD206_WANTED_RESULT checks=796 failures=43
ERROR: Texture with GL ID of 123: leaked 349524 bytes.
   at: ~Utilities (drivers/gles3/storage/utilities.cpp:82)
ERROR: Texture with GL ID of 124: leaked 349524 bytes.
   at: ~Utilities (drivers/gles3/storage/utilities.cpp:82)
