Godot Engine v4.7.2.stable.official.ed1daf0bf - https://godotengine.org
WARNING: Could not set V-Sync mode, as changing V-Sync mode is not supported by the graphics driver.
     at: set_use_vsync (platform/linuxbsd/x11/gl_manager_x11.cpp:372)
OpenGL API 4.5 (Core Profile) Mesa 25.0.7-2+deb13u1 - Compatibility - Using Device: Mesa - llvmpipe (LLVM 19.1.7, 256 bits)

ERROR: Node not found: "WantedHud" (relative to "/root/LowerCity").
   at: get_node (scene/main/node.cpp:1975)
   GDScript backtrace (most recent call first):
       [0] run (res://tools/test_td206_wanted_layout.gd:80)
SCRIPT ERROR: Attempt to call function '_on_wanted_changed' in base 'null instance' on a null instance.
          at: wanted_state (res://tools/test_td206_wanted_layout.gd:65)
          GDScript backtrace (most recent call first):
              [0] wanted_state (res://tools/test_td206_wanted_layout.gd:65)
              [1] run (res://tools/test_td206_wanted_layout.gd:98)
              [2] frames (res://tools/test_td206_wanted_layout.gd:16)
SCRIPT ERROR: Invalid access to property or key '_panel' on a base object of type 'null instance'.
          at: controls (res://tools/test_td206_wanted_layout.gd:26)
          GDScript backtrace (most recent call first):
              [0] controls (res://tools/test_td206_wanted_layout.gd:26)
              [1] shot (res://tools/test_td206_wanted_layout.gd:39)
SCRIPT ERROR: Invalid access to property or key 'level' on a base object of type 'null instance'.
          at: shot (res://tools/test_td206_wanted_layout.gd:41)
          GDScript backtrace (most recent call first):
              [0] shot (res://tools/test_td206_wanted_layout.gd:41)
SCRIPT ERROR: Attempt to call function '_on_wanted_changed' in base 'null instance' on a null instance.
          at: wanted_state (res://tools/test_td206_wanted_layout.gd:65)
          GDScript backtrace (most recent call first):
              [0] wanted_state (res://tools/test_td206_wanted_layout.gd:65)
              [1] run (res://tools/test_td206_wanted_layout.gd:100)
              [2] shot (res://tools/test_td206_wanted_layout.gd:41)
SCRIPT ERROR: Invalid access to property or key '_panel' on a base object of type 'null instance'.
          at: controls (res://tools/test_td206_wanted_layout.gd:26)
          GDScript backtrace (most recent call first):
              [0] controls (res://tools/test_td206_wanted_layout.gd:26)
              [1] shot (res://tools/test_td206_wanted_layout.gd:39)
SCRIPT ERROR: Invalid access to property or key 'level' on a base object of type 'null instance'.
          at: shot (res://tools/test_td206_wanted_layout.gd:41)
          GDScript backtrace (most recent call first):
              [0] shot (res://tools/test_td206_wanted_layout.gd:41)
SCRIPT ERROR: Attempt to call function '_on_wanted_changed' in base 'null instance' on a null instance.
          at: wanted_state (res://tools/test_td206_wanted_layout.gd:65)
          GDScript backtrace (most recent call first):
              [0] wanted_state (res://tools/test_td206_wanted_layout.gd:65)
              [1] run (res://tools/test_td206_wanted_layout.gd:102)
              [2] shot (res://tools/test_td206_wanted_layout.gd:41)
SCRIPT ERROR: Invalid access to property or key '_panel' on a base object of type 'null instance'.
          at: controls (res://tools/test_td206_wanted_layout.gd:26)
          GDScript backtrace (most recent call first):
              [0] controls (res://tools/test_td206_wanted_layout.gd:26)
              [1] shot (res://tools/test_td206_wanted_layout.gd:39)
SCRIPT ERROR: Invalid access to property or key 'level' on a base object of type 'null instance'.
          at: shot (res://tools/test_td206_wanted_layout.gd:41)
          GDScript backtrace (most recent call first):
              [0] shot (res://tools/test_td206_wanted_layout.gd:41)
SCRIPT ERROR: Attempt to call function '_on_wanted_changed' in base 'null instance' on a null instance.
          at: wanted_state (res://tools/test_td206_wanted_layout.gd:65)
          GDScript backtrace (most recent call first):
              [0] wanted_state (res://tools/test_td206_wanted_layout.gd:65)
              [1] run (res://tools/test_td206_wanted_layout.gd:103)
              [2] shot (res://tools/test_td206_wanted_layout.gd:41)
SCRIPT ERROR: Invalid access to property or key '_panel' on a base object of type 'null instance'.
          at: controls (res://tools/test_td206_wanted_layout.gd:26)
          GDScript backtrace (most recent call first):
              [0] controls (res://tools/test_td206_wanted_layout.gd:26)
              [1] shot (res://tools/test_td206_wanted_layout.gd:39)
SCRIPT ERROR: Invalid access to property or key 'level' on a base object of type 'null instance'.
          at: shot (res://tools/test_td206_wanted_layout.gd:41)
          GDScript backtrace (most recent call first):
              [0] shot (res://tools/test_td206_wanted_layout.gd:41)
SCRIPT ERROR: Attempt to call function '_on_wanted_changed' in base 'null instance' on a null instance.
          at: wanted_state (res://tools/test_td206_wanted_layout.gd:65)
          GDScript backtrace (most recent call first):
              [0] wanted_state (res://tools/test_td206_wanted_layout.gd:65)
              [1] run (res://tools/test_td206_wanted_layout.gd:104)
              [2] shot (res://tools/test_td206_wanted_layout.gd:41)
SCRIPT ERROR: Invalid access to property or key '_panel' on a base object of type 'null instance'.
          at: controls (res://tools/test_td206_wanted_layout.gd:26)
          GDScript backtrace (most recent call first):
              [0] controls (res://tools/test_td206_wanted_layout.gd:26)
              [1] shot (res://tools/test_td206_wanted_layout.gd:39)
SCRIPT ERROR: Invalid access to property or key 'level' on a base object of type 'null instance'.
          at: shot (res://tools/test_td206_wanted_layout.gd:41)
          GDScript backtrace (most recent call first):
              [0] shot (res://tools/test_td206_wanted_layout.gd:41)
SCRIPT ERROR: Invalid access to property or key '_panel' on a base object of type 'null instance'.
          at: controls (res://tools/test_td206_wanted_layout.gd:26)
          GDScript backtrace (most recent call first):
              [0] controls (res://tools/test_td206_wanted_layout.gd:26)
              [1] shot (res://tools/test_td206_wanted_layout.gd:39)
SCRIPT ERROR: Invalid access to property or key 'level' on a base object of type 'null instance'.
          at: shot (res://tools/test_td206_wanted_layout.gd:41)
          GDScript backtrace (most recent call first):
              [0] shot (res://tools/test_td206_wanted_layout.gd:41)
SCRIPT ERROR: Invalid access to property or key '_panel' on a base object of type 'null instance'.
          at: controls (res://tools/test_td206_wanted_layout.gd:26)
          GDScript backtrace (most recent call first):
              [0] controls (res://tools/test_td206_wanted_layout.gd:26)
              [1] shot (res://tools/test_td206_wanted_layout.gd:39)
SCRIPT ERROR: Invalid access to property or key 'level' on a base object of type 'null instance'.
          at: shot (res://tools/test_td206_wanted_layout.gd:41)
          GDScript backtrace (most recent call first):
              [0] shot (res://tools/test_td206_wanted_layout.gd:41)
SCRIPT ERROR: Invalid access to property or key '_panel' on a base object of type 'null instance'.
          at: controls (res://tools/test_td206_wanted_layout.gd:26)
          GDScript backtrace (most recent call first):
              [0] controls (res://tools/test_td206_wanted_layout.gd:26)
              [1] shot (res://tools/test_td206_wanted_layout.gd:39)
SCRIPT ERROR: Invalid access to property or key 'level' on a base object of type 'null instance'.
          at: shot (res://tools/test_td206_wanted_layout.gd:41)
          GDScript backtrace (most recent call first):
              [0] shot (res://tools/test_td206_wanted_layout.gd:41)
SCRIPT ERROR: Attempt to call function '_on_wanted_changed' in base 'null instance' on a null instance.
          at: wanted_state (res://tools/test_td206_wanted_layout.gd:65)
          GDScript backtrace (most recent call first):
              [0] wanted_state (res://tools/test_td206_wanted_layout.gd:65)
              [1] run (res://tools/test_td206_wanted_layout.gd:115)
              [2] shot (res://tools/test_td206_wanted_layout.gd:41)
SCRIPT ERROR: Invalid access to property or key '_panel' on a base object of type 'null instance'.
          at: controls (res://tools/test_td206_wanted_layout.gd:26)
          GDScript backtrace (most recent call first):
              [0] controls (res://tools/test_td206_wanted_layout.gd:26)
              [1] shot (res://tools/test_td206_wanted_layout.gd:39)
SCRIPT ERROR: Invalid access to property or key 'level' on a base object of type 'null instance'.
          at: shot (res://tools/test_td206_wanted_layout.gd:41)
          GDScript backtrace (most recent call first):
              [0] shot (res://tools/test_td206_wanted_layout.gd:41)
SCRIPT ERROR: Invalid access to property or key '_panel' on a base object of type 'null instance'.
          at: controls (res://tools/test_td206_wanted_layout.gd:26)
          GDScript backtrace (most recent call first):
              [0] controls (res://tools/test_td206_wanted_layout.gd:26)
              [1] shot (res://tools/test_td206_wanted_layout.gd:39)
SCRIPT ERROR: Invalid access to property or key 'level' on a base object of type 'null instance'.
          at: shot (res://tools/test_td206_wanted_layout.gd:41)
          GDScript backtrace (most recent call first):
              [0] shot (res://tools/test_td206_wanted_layout.gd:41)
SCRIPT ERROR: Invalid access to property or key '_panel' on a base object of type 'null instance'.
          at: controls (res://tools/test_td206_wanted_layout.gd:26)
          GDScript backtrace (most recent call first):
              [0] controls (res://tools/test_td206_wanted_layout.gd:26)
              [1] shot (res://tools/test_td206_wanted_layout.gd:39)
SCRIPT ERROR: Invalid access to property or key 'level' on a base object of type 'null instance'.
          at: shot (res://tools/test_td206_wanted_layout.gd:41)
          GDScript backtrace (most recent call first):
              [0] shot (res://tools/test_td206_wanted_layout.gd:41)
SCRIPT ERROR: Invalid access to property or key '_panel' on a base object of type 'null instance'.
          at: controls (res://tools/test_td206_wanted_layout.gd:26)
          GDScript backtrace (most recent call first):
              [0] controls (res://tools/test_td206_wanted_layout.gd:26)
              [1] shot (res://tools/test_td206_wanted_layout.gd:39)
SCRIPT ERROR: Invalid access to property or key 'level' on a base object of type 'null instance'.
          at: shot (res://tools/test_td206_wanted_layout.gd:41)
          GDScript backtrace (most recent call first):
              [0] shot (res://tools/test_td206_wanted_layout.gd:41)
SCRIPT ERROR: Invalid access to property or key '_panel' on a base object of type 'null instance'.
          at: controls (res://tools/test_td206_wanted_layout.gd:26)
          GDScript backtrace (most recent call first):
              [0] controls (res://tools/test_td206_wanted_layout.gd:26)
              [1] shot (res://tools/test_td206_wanted_layout.gd:39)
SCRIPT ERROR: Invalid access to property or key 'level' on a base object of type 'null instance'.
          at: shot (res://tools/test_td206_wanted_layout.gd:41)
          GDScript backtrace (most recent call first):
              [0] shot (res://tools/test_td206_wanted_layout.gd:41)
SCRIPT ERROR: Invalid access to property or key '_panel' on a base object of type 'null instance'.
          at: controls (res://tools/test_td206_wanted_layout.gd:26)
          GDScript backtrace (most recent call first):
              [0] controls (res://tools/test_td206_wanted_layout.gd:26)
              [1] shot (res://tools/test_td206_wanted_layout.gd:39)
SCRIPT ERROR: Invalid access to property or key 'level' on a base object of type 'null instance'.
          at: shot (res://tools/test_td206_wanted_layout.gd:41)
          GDScript backtrace (most recent call first):
              [0] shot (res://tools/test_td206_wanted_layout.gd:41)
SCRIPT ERROR: Attempt to call function '_on_wanted_changed' in base 'null instance' on a null instance.
          at: wanted_state (res://tools/test_td206_wanted_layout.gd:65)
          GDScript backtrace (most recent call first):
              [0] wanted_state (res://tools/test_td206_wanted_layout.gd:65)
              [1] run (res://tools/test_td206_wanted_layout.gd:98)
              [2] shot (res://tools/test_td206_wanted_layout.gd:41)
SCRIPT ERROR: Invalid access to property or key '_panel' on a base object of type 'null instance'.
          at: controls (res://tools/test_td206_wanted_layout.gd:26)
          GDScript backtrace (most recent call first):
              [0] controls (res://tools/test_td206_wanted_layout.gd:26)
              [1] shot (res://tools/test_td206_wanted_layout.gd:39)
SCRIPT ERROR: Invalid access to property or key 'level' on a base object of type 'null instance'.
          at: shot (res://tools/test_td206_wanted_layout.gd:41)
          GDScript backtrace (most recent call first):
              [0] shot (res://tools/test_td206_wanted_layout.gd:41)
SCRIPT ERROR: Attempt to call function '_on_wanted_changed' in base 'null instance' on a null instance.
          at: wanted_state (res://tools/test_td206_wanted_layout.gd:65)
          GDScript backtrace (most recent call first):
              [0] wanted_state (res://tools/test_td206_wanted_layout.gd:65)
              [1] run (res://tools/test_td206_wanted_layout.gd:100)
              [2] shot (res://tools/test_td206_wanted_layout.gd:41)
SCRIPT ERROR: Invalid access to property or key '_panel' on a base object of type 'null instance'.
          at: controls (res://tools/test_td206_wanted_layout.gd:26)
          GDScript backtrace (most recent call first):
              [0] controls (res://tools/test_td206_wanted_layout.gd:26)
              [1] shot (res://tools/test_td206_wanted_layout.gd:39)
SCRIPT ERROR: Invalid access to property or key 'level' on a base object of type 'null instance'.
          at: shot (res://tools/test_td206_wanted_layout.gd:41)
          GDScript backtrace (most recent call first):
              [0] shot (res://tools/test_td206_wanted_layout.gd:41)
SCRIPT ERROR: Attempt to call function '_on_wanted_changed' in base 'null instance' on a null instance.
          at: wanted_state (res://tools/test_td206_wanted_layout.gd:65)
          GDScript backtrace (most recent call first):
              [0] wanted_state (res://tools/test_td206_wanted_layout.gd:65)
              [1] run (res://tools/test_td206_wanted_layout.gd:102)
              [2] shot (res://tools/test_td206_wanted_layout.gd:41)
SCRIPT ERROR: Invalid access to property or key '_panel' on a base object of type 'null instance'.
          at: controls (res://tools/test_td206_wanted_layout.gd:26)
          GDScript backtrace (most recent call first):
              [0] controls (res://tools/test_td206_wanted_layout.gd:26)
              [1] shot (res://tools/test_td206_wanted_layout.gd:39)
SCRIPT ERROR: Invalid access to property or key 'level' on a base object of type 'null instance'.
          at: shot (res://tools/test_td206_wanted_layout.gd:41)
          GDScript backtrace (most recent call first):
              [0] shot (res://tools/test_td206_wanted_layout.gd:41)
SCRIPT ERROR: Attempt to call function '_on_wanted_changed' in base 'null instance' on a null instance.
          at: wanted_state (res://tools/test_td206_wanted_layout.gd:65)
          GDScript backtrace (most recent call first):
              [0] wanted_state (res://tools/test_td206_wanted_layout.gd:65)
              [1] run (res://tools/test_td206_wanted_layout.gd:103)
              [2] shot (res://tools/test_td206_wanted_layout.gd:41)
SCRIPT ERROR: Invalid access to property or key '_panel' on a base object of type 'null instance'.
          at: controls (res://tools/test_td206_wanted_layout.gd:26)
          GDScript backtrace (most recent call first):
              [0] controls (res://tools/test_td206_wanted_layout.gd:26)
              [1] shot (res://tools/test_td206_wanted_layout.gd:39)
SCRIPT ERROR: Invalid access to property or key 'level' on a base object of type 'null instance'.
          at: shot (res://tools/test_td206_wanted_layout.gd:41)
          GDScript backtrace (most recent call first):
              [0] shot (res://tools/test_td206_wanted_layout.gd:41)
SCRIPT ERROR: Attempt to call function '_on_wanted_changed' in base 'null instance' on a null instance.
          at: wanted_state (res://tools/test_td206_wanted_layout.gd:65)
          GDScript backtrace (most recent call first):
              [0] wanted_state (res://tools/test_td206_wanted_layout.gd:65)
              [1] run (res://tools/test_td206_wanted_layout.gd:104)
              [2] shot (res://tools/test_td206_wanted_layout.gd:41)
SCRIPT ERROR: Invalid access to property or key '_panel' on a base object of type 'null instance'.
          at: controls (res://tools/test_td206_wanted_layout.gd:26)
          GDScript backtrace (most recent call first):
              [0] controls (res://tools/test_td206_wanted_layout.gd:26)
              [1] shot (res://tools/test_td206_wanted_layout.gd:39)
SCRIPT ERROR: Invalid access to property or key 'level' on a base object of type 'null instance'.
          at: shot (res://tools/test_td206_wanted_layout.gd:41)
          GDScript backtrace (most recent call first):
              [0] shot (res://tools/test_td206_wanted_layout.gd:41)
SCRIPT ERROR: Invalid access to property or key '_panel' on a base object of type 'null instance'.
          at: controls (res://tools/test_td206_wanted_layout.gd:26)
          GDScript backtrace (most recent call first):
              [0] controls (res://tools/test_td206_wanted_layout.gd:26)
              [1] shot (res://tools/test_td206_wanted_layout.gd:39)
SCRIPT ERROR: Invalid access to property or key 'level' on a base object of type 'null instance'.
          at: shot (res://tools/test_td206_wanted_layout.gd:41)
          GDScript backtrace (most recent call first):
              [0] shot (res://tools/test_td206_wanted_layout.gd:41)
SCRIPT ERROR: Invalid access to property or key '_panel' on a base object of type 'null instance'.
          at: controls (res://tools/test_td206_wanted_layout.gd:26)
          GDScript backtrace (most recent call first):
              [0] controls (res://tools/test_td206_wanted_layout.gd:26)
              [1] shot (res://tools/test_td206_wanted_layout.gd:39)
SCRIPT ERROR: Invalid access to property or key 'level' on a base object of type 'null instance'.
          at: shot (res://tools/test_td206_wanted_layout.gd:41)
          GDScript backtrace (most recent call first):
              [0] shot (res://tools/test_td206_wanted_layout.gd:41)
SCRIPT ERROR: Invalid access to property or key '_panel' on a base object of type 'null instance'.
          at: controls (res://tools/test_td206_wanted_layout.gd:26)
          GDScript backtrace (most recent call first):
              [0] controls (res://tools/test_td206_wanted_layout.gd:26)
              [1] shot (res://tools/test_td206_wanted_layout.gd:39)
SCRIPT ERROR: Invalid access to property or key 'level' on a base object of type 'null instance'.
          at: shot (res://tools/test_td206_wanted_layout.gd:41)
          GDScript backtrace (most recent call first):
              [0] shot (res://tools/test_td206_wanted_layout.gd:41)
SCRIPT ERROR: Attempt to call function '_on_wanted_changed' in base 'null instance' on a null instance.
          at: wanted_state (res://tools/test_td206_wanted_layout.gd:65)
          GDScript backtrace (most recent call first):
              [0] wanted_state (res://tools/test_td206_wanted_layout.gd:65)
              [1] run (res://tools/test_td206_wanted_layout.gd:115)
              [2] shot (res://tools/test_td206_wanted_layout.gd:41)
SCRIPT ERROR: Invalid access to property or key '_panel' on a base object of type 'null instance'.
          at: controls (res://tools/test_td206_wanted_layout.gd:26)
          GDScript backtrace (most recent call first):
              [0] controls (res://tools/test_td206_wanted_layout.gd:26)
              [1] shot (res://tools/test_td206_wanted_layout.gd:39)
SCRIPT ERROR: Invalid access to property or key 'level' on a base object of type 'null instance'.
          at: shot (res://tools/test_td206_wanted_layout.gd:41)
          GDScript backtrace (most recent call first):
              [0] shot (res://tools/test_td206_wanted_layout.gd:41)
SCRIPT ERROR: Invalid access to property or key '_panel' on a base object of type 'null instance'.
          at: controls (res://tools/test_td206_wanted_layout.gd:26)
          GDScript backtrace (most recent call first):
              [0] controls (res://tools/test_td206_wanted_layout.gd:26)
              [1] shot (res://tools/test_td206_wanted_layout.gd:39)
SCRIPT ERROR: Invalid access to property or key 'level' on a base object of type 'null instance'.
          at: shot (res://tools/test_td206_wanted_layout.gd:41)
          GDScript backtrace (most recent call first):
              [0] shot (res://tools/test_td206_wanted_layout.gd:41)
SCRIPT ERROR: Invalid access to property or key '_panel' on a base object of type 'null instance'.
          at: controls (res://tools/test_td206_wanted_layout.gd:26)
          GDScript backtrace (most recent call first):
              [0] controls (res://tools/test_td206_wanted_layout.gd:26)
              [1] shot (res://tools/test_td206_wanted_layout.gd:39)
SCRIPT ERROR: Invalid access to property or key 'level' on a base object of type 'null instance'.
          at: shot (res://tools/test_td206_wanted_layout.gd:41)
          GDScript backtrace (most recent call first):
              [0] shot (res://tools/test_td206_wanted_layout.gd:41)
SCRIPT ERROR: Invalid access to property or key '_panel' on a base object of type 'null instance'.
          at: controls (res://tools/test_td206_wanted_layout.gd:26)
          GDScript backtrace (most recent call first):
              [0] controls (res://tools/test_td206_wanted_layout.gd:26)
              [1] shot (res://tools/test_td206_wanted_layout.gd:39)
SCRIPT ERROR: Invalid access to property or key 'level' on a base object of type 'null instance'.
          at: shot (res://tools/test_td206_wanted_layout.gd:41)
          GDScript backtrace (most recent call first):
              [0] shot (res://tools/test_td206_wanted_layout.gd:41)
SCRIPT ERROR: Invalid access to property or key '_panel' on a base object of type 'null instance'.
          at: controls (res://tools/test_td206_wanted_layout.gd:26)
          GDScript backtrace (most recent call first):
              [0] controls (res://tools/test_td206_wanted_layout.gd:26)
              [1] shot (res://tools/test_td206_wanted_layout.gd:39)
SCRIPT ERROR: Invalid access to property or key 'level' on a base object of type 'null instance'.
          at: shot (res://tools/test_td206_wanted_layout.gd:41)
          GDScript backtrace (most recent call first):
              [0] shot (res://tools/test_td206_wanted_layout.gd:41)
SCRIPT ERROR: Invalid access to property or key '_panel' on a base object of type 'null instance'.
          at: controls (res://tools/test_td206_wanted_layout.gd:26)
          GDScript backtrace (most recent call first):
              [0] controls (res://tools/test_td206_wanted_layout.gd:26)
              [1] shot (res://tools/test_td206_wanted_layout.gd:39)
SCRIPT ERROR: Invalid access to property or key 'level' on a base object of type 'null instance'.
          at: shot (res://tools/test_td206_wanted_layout.gd:41)
          GDScript backtrace (most recent call first):
              [0] shot (res://tools/test_td206_wanted_layout.gd:41)
TD206_WANTED_RESULT checks=0 failures=0
ERROR: Texture with GL ID of 118: leaked 349524 bytes.
   at: ~Utilities (drivers/gles3/storage/utilities.cpp:82)
ERROR: Texture with GL ID of 119: leaked 349524 bytes.
   at: ~Utilities (drivers/gles3/storage/utilities.cpp:82)
