[menu] Godot Engine v4.7.2.stable.official.ed1daf0bf - https://godotengine.org
[menu] OpenGL API OpenGL ES 3.0 (WebGL 2.0 (OpenGL ES 3.0 Chromium)) - Compatibility - Using Device: WebKit - WebKit WebGL
[menu] Build configuration: Emscripten 4.0.20, single-threaded, no GDExtension support.
[menu] ERROR: Can't open file at path "res://models/props/showa/pole_bare.glb"
[menu]    at: append_from_file (modules/gltf/gltf_document.cpp:7347)
[menu]    GDScript backtrace (most recent call first):
[menu]        [0] _load_glb_mesh (res://scripts/slice/pole_kit_placer.gd:174)
[menu]        [1] _pole_meshes (res://scripts/slice/pole_kit_placer.gd:199)
[menu]        [2] _place_poles (res://scripts/slice/pole_kit_placer.gd:203)
[menu]        [3] _ready (res://scripts/slice/pole_kit_placer.gd:63)
[menu]        [4] prepare (res://scripts/race_loader.gd:66)
[menu] ERROR: POLE_KIT: GLB load failed: res://models/props/showa/pole_bare.glb
[menu]    at: push_error (core/variant/variant_utility.cpp:1023)
[menu]    GDScript backtrace (most recent call first):
[menu]        [0] _load_glb_mesh (res://scripts/slice/pole_kit_placer.gd:175)
[menu]        [1] _pole_meshes (res://scripts/slice/pole_kit_placer.gd:199)
[menu]        [2] _place_poles (res://scripts/slice/pole_kit_placer.gd:203)
[menu]        [3] _ready (res://scripts/slice/pole_kit_placer.gd:63)
[menu]        [4] prepare (res://scripts/race_loader.gd:66)
[menu] ERROR: Can't open file at path "res://models/props/showa/pole_transformer.glb"
[menu]    at: append_from_file (modules/gltf/gltf_document.cpp:7347)
[menu]    GDScript backtrace (most recent call first):
[menu]        [0] _load_glb_mesh (res://scripts/slice/pole_kit_placer.gd:174)
[menu]        [1] _pole_meshes (res://scripts/slice/pole_kit_placer.gd:199)
[menu]        [2] _place_poles (res://scripts/slice/pole_kit_placer.gd:203)
[menu]        [3] _ready (res://scripts/slice/pole_kit_placer.gd:63)
[menu]        [4] prepare (res://scripts/race_loader.gd:66)
[menu] ERROR: POLE_KIT: GLB load failed: res://models/props/showa/pole_transformer.glb
[menu]    at: push_error (core/variant/variant_utility.cpp:1023)
[menu]    GDScript backtrace (most recent call first):
[menu]        [0] _load_glb_mesh (res://scripts/slice/pole_kit_placer.gd:175)
[menu]        [1] _pole_meshes (res://scripts/slice/pole_kit_placer.gd:199)
[menu]        [2] _place_poles (res://scripts/slice/pole_kit_placer.gd:203)
[menu]        [3] _ready (res://scripts/slice/pole_kit_placer.gd:63)
[menu]        [4] prepare (res://scripts/race_loader.gd:66)
[menu] ERROR: Can't open file at path "res://models/props/showa/pole_streetlight.glb"
[menu]    at: append_from_file (modules/gltf/gltf_document.cpp:7347)
[menu]    GDScript backtrace (most recent call first):
[menu]        [0] _load_glb_mesh (res://scripts/slice/pole_kit_placer.gd:174)
[menu]        [1] _pole_meshes (res://scripts/slice/pole_kit_placer.gd:199)
[menu]        [2] _place_poles (res://scripts/slice/pole_kit_placer.gd:203)
[menu]        [3] _ready (res://scripts/slice/pole_kit_placer.gd:63)
[menu]        [4] prepare (res://scripts/race_loader.gd:66)
[menu] ERROR: POLE_KIT: GLB load failed: res://models/props/showa/pole_streetlight.glb
[menu]    at: push_error (core/variant/variant_utility.cpp:1023)
[menu]    GDScript backtrace (most recent call first):
[menu]        [0] _load_glb_mesh (res://scripts/slice/pole_kit_placer.gd:175)
[menu]        [1] _pole_meshes (res://scripts/slice/pole_kit_placer.gd:199)
[menu]        [2] _place_poles (res://scripts/slice/pole_kit_placer.gd:203)
[menu]        [3] _ready (res://scripts/slice/pole_kit_placer.gd:63)
[menu]        [4] prepare (res://scripts/race_loader.gd:66)
[menu] ERROR: Can't open file at path "res://models/props/showa/pole_corner.glb"
[menu]    at: append_from_file (modules/gltf/gltf_document.cpp:7347)
[menu]    GDScript backtrace (most recent call first):
[menu]        [0] _load_glb_mesh (res://scripts/slice/pole_kit_placer.gd:174)
[menu]        [1] _pole_meshes (res://scripts/slice/pole_kit_placer.gd:199)
[menu]        [2] _place_poles (res://scripts/slice/pole_kit_placer.gd:203)
[menu]        [3] _ready (res://scripts/slice/pole_kit_placer.gd:63)
[menu]        [4] prepare (res://scripts/race_loader.gd:66)
[menu] ERROR: POLE_KIT: GLB load failed: res://models/props/showa/pole_corner.glb
[menu]    at: push_error (core/variant/variant_utility.cpp:1023)
[menu]    GDScript backtrace (most recent call first):
[menu]        [0] _load_glb_mesh (res://scripts/slice/pole_kit_placer.gd:175)
[menu]        [1] _pole_meshes (res://scripts/slice/pole_kit_placer.gd:199)
[menu]        [2] _place_poles (res://scripts/slice/pole_kit_placer.gd:203)
[menu]        [3] _ready (res://scripts/slice/pole_kit_placer.gd:63)
[menu]        [4] prepare (res://scripts/race_loader.gd:66)
[menu] POLE_KIT placed=120 poles wires=30144 verts in 111ms
[menu] WARNING: Loaded resource as image file, this will not work on export: 'res://assets/showa/tex/sode_izakaya.png'. Instead, import the image file as an Image resource and load it normally as a resource.
[menu]    at: load_from_file (core/io/image.cpp:2780)
[menu]    GDScript backtrace (most recent call first):
[menu]        [0] _palette (res://scripts/slice/slice_world.gd:158)
[menu]        [1] _ready (res://scripts/slice/slice_world.gd:35)
[menu]        [2] _stage (res://scripts/slice/slice_world.gd:28)
[menu] ERROR: Error opening file 'res://assets/showa/tex/sode_izakaya.png'.
[menu]    at: load_image (core/io/image_loader.cpp:91)
[menu]    GDScript backtrace (most recent call first):
[menu]        [0] _palette (res://scripts/slice/slice_world.gd:158)
[menu]        [1] _ready (res://scripts/slice/slice_world.gd:35)
[menu]        [2] _stage (res://scripts/slice/slice_world.gd:28)
[menu] ERROR: Failed to load image. Error 7
[menu]    at: load_from_file (core/io/image.cpp:2787)
[menu]    GDScript backtrace (most recent call first):
[menu]        [0] _palette (res://scripts/slice/slice_world.gd:158)
[menu]        [1] _ready (res://scripts/slice/slice_world.gd:35)
[menu]        [2] _stage (res://scripts/slice/slice_world.gd:28)
[menu] WARNING: Loaded resource as image file, this will not work on export: 'res://assets/showa/tex/sode_pachinko.png'. Instead, import the image file as an Image resource and load it normally as a resource.
[menu]    at: load_from_file (core/io/image.cpp:2780)
[menu]    GDScript backtrace (most recent call first):
[menu]        [0] _palette (res://scripts/slice/slice_world.gd:158)
[menu]        [1] _ready (res://scripts/slice/slice_world.gd:35)
[menu]        [2] _stage (res://scripts/slice/slice_world.gd:28)
[menu] ERROR: Error opening file 'res://assets/showa/tex/sode_pachinko.png'.
[menu]    at: load_image (core/io/image_loader.cpp:91)
[menu]    GDScript backtrace (most recent call first):
[menu]        [0] _palette (res://scripts/slice/slice_world.gd:158)
[menu]        [1] _ready (res://scripts/slice/slice_world.gd:35)
[menu]        [2] _stage (res://scripts/slice/slice_world.gd:28)
[menu] ERROR: Failed to load image. Error 7
[menu]    at: load_from_file (core/io/image.cpp:2787)
[menu]    GDScript backtrace (most recent call first):
[menu]        [0] _palette (res://scripts/slice/slice_world.gd:158)
[menu]        [1] _ready (res://scripts/slice/slice_world.gd:35)
[menu]        [2] _stage (res://scripts/slice/slice_world.gd:28)
[menu] WARNING: Loaded resource as image file, this will not work on export: 'res://assets/showa/tex/sode_kissaten.png'. Instead, import the image file as an Image resource and load it normally as a resource.
[menu]    at: load_from_file (core/io/image.cpp:2780)
[menu]    GDScript backtrace (most recent call first):
[menu]        [0] _palette (res://scripts/slice/slice_world.gd:158)
[menu]        [1] _ready (res://scripts/slice/slice_world.gd:35)
[menu]        [2] _stage (res://scripts/slice/slice_world.gd:28)
[menu] ERROR: Error opening file 'res://assets/showa/tex/sode_kissaten.png'.
[menu]    at: load_image (core/io/image_loader.cpp:91)
[menu]    GDScript backtrace (most recent call first):
[menu]        [0] _palette (res://scripts/slice/slice_world.gd:158)
[menu]        [1] _ready (res://scripts/slice/slice_world.gd:35)
[menu]        [2] _stage (res://scripts/slice/slice_world.gd:28)
[menu] ERROR: Failed to load image. Error 7
[menu]    at: load_from_file (core/io/image.cpp:2787)
[menu]    GDScript backtrace (most recent call first):
[menu]        [0] _palette (res://scripts/slice/slice_world.gd:158)
[menu]        [1] _ready (res://scripts/slice/slice_world.gd:35)
[menu]        [2] _stage (res://scripts/slice/slice_world.gd:28)
[menu] WARNING: Loaded resource as image file, this will not work on export: 'res://assets/showa/tex/sode_yakkyoku.png'. Instead, import the image file as an Image resource and load it normally as a resource.
[menu]    at: load_from_file (core/io/image.cpp:2780)
[menu]    GDScript backtrace (most recent call first):
[menu]        [0] _palette (res://scripts/slice/slice_world.gd:158)
[menu]        [1] _ready (res://scripts/slice/slice_world.gd:35)
[menu]        [2] _stage (res://scripts/slice/slice_world.gd:28)
[menu] ERROR: Error opening file 'res://assets/showa/tex/sode_yakkyoku.png'.
[menu]    at: load_image (core/io/image_loader.cpp:91)
[menu]    GDScript backtrace (most recent call first):
[menu]        [0] _palette (res://scripts/slice/slice_world.gd:158)
[menu]        [1] _ready (res://scripts/slice/slice_world.gd:35)
[menu]        [2] _stage (res://scripts/slice/slice_world.gd:28)
[menu] ERROR: Failed to load image. Error 7
[menu]    at: load_from_file (core/io/image.cpp:2787)
[menu]    GDScript backtrace (most recent call first):
[menu]        [0] _palette (res://scripts/slice/slice_world.gd:158)
[menu]        [1] _ready (res://scripts/slice/slice_world.gd:35)
[menu]        [2] _stage (res://scripts/slice/slice_world.gd:28)
[menu] WARNING: Loaded resource as image file, this will not work on export: 'res://assets/showa/tex/sode_sushi.png'. Instead, import the image file as an Image resource and load it normally as a resource.
[menu]    at: load_from_file (core/io/image.cpp:2780)
[menu]    GDScript backtrace (most recent call first):
[menu]        [0] _palette (res://scripts/slice/slice_world.gd:158)
[menu]        [1] _ready (res://scripts/slice/slice_world.gd:35)
[menu]        [2] _stage (res://scripts/slice/slice_world.gd:28)
[menu] ERROR: Error opening file 'res://assets/showa/tex/sode_sushi.png'.
[menu]    at: load_image (core/io/image_loader.cpp:91)
[menu]    GDScript backtrace (most recent call first):
[menu]        [0] _palette (res://scripts/slice/slice_world.gd:158)
[menu]        [1] _ready (res://scripts/slice/slice_world.gd:35)
[menu]        [2] _stage (res://scripts/slice/slice_world.gd:28)
[menu] ERROR: Failed to load image. Error 7
[menu]    at: load_from_file (core/io/image.cpp:2787)
[menu]    GDScript backtrace (most recent call first):
[menu]        [0] _palette (res://scripts/slice/slice_world.gd:158)
[menu]        [1] _ready (res://scripts/slice/slice_world.gd:35)
[menu]        [2] _stage (res://scripts/slice/slice_world.gd:28)
[menu] WARNING: Loaded resource as image file, this will not work on export: 'res://assets/showa/tex/sode_sakaya.png'. Instead, import the image file as an Image resource and load it normally as a resource.
[menu]    at: load_from_file (core/io/image.cpp:2780)
[menu]    GDScript backtrace (most recent call first):
[menu]        [0] _palette (res://scripts/slice/slice_world.gd:158)
[menu]        [1] _ready (res://scripts/slice/slice_world.gd:35)
[menu]        [2] _stage (res://scripts/slice/slice_world.gd:28)
[menu] ERROR: Error opening file 'res://assets/showa/tex/sode_sakaya.png'.
[menu]    at: load_image (core/io/image_loader.cpp:91)
[menu]    GDScript backtrace (most recent call first):
[menu]        [0] _palette (res://scripts/slice/slice_world.gd:158)
[menu]        [1] _ready (res://scripts/slice/slice_world.gd:35)
[menu]        [2] _stage (res://scripts/slice/slice_world.gd:28)
[menu] ERROR: Failed to load image. Error 7
[menu]    at: load_from_file (core/io/image.cpp:2787)
[menu]    GDScript backtrace (most recent call first):
[menu]        [0] _palette (res://scripts/slice/slice_world.gd:158)
[menu]        [1] _ready (res://scripts/slice/slice_world.gd:35)
[menu]        [2] _stage (res://scripts/slice/slice_world.gd:28)
[menu] WARNING: Loaded resource as image file, this will not work on export: 'res://assets/showa/tex/sode_tabako.png'. Instead, import the image file as an Image resource and load it normally as a resource.
[menu]    at: load_from_file (core/io/image.cpp:2780)
[menu]    GDScript backtrace (most recent call first):
[menu]        [0] _palette (res://scripts/slice/slice_world.gd:158)
[menu]        [1] _ready (res://scripts/slice/slice_world.gd:35)
[menu]        [2] _stage (res://scripts/slice/slice_world.gd:28)
[menu] ERROR: Error opening file 'res://assets/showa/tex/sode_tabako.png'.
[menu]    at: load_image (core/io/image_loader.cpp:91)
[menu]    GDScript backtrace (most recent call first):
[menu]        [0] _palette (res://scripts/slice/slice_world.gd:158)
[menu]        [1] _ready (res://scripts/slice/slice_world.gd:35)
[menu]        [2] _stage (res://scripts/slice/slice_world.gd:28)
[menu] ERROR: Failed to load image. Error 7
[menu]    at: load_from_file (core/io/image.cpp:2787)
[menu]    GDScript backtrace (most recent call first):
[menu]        [0] _palette (res://scripts/slice/slice_world.gd:158)
[menu]        [1] _ready (res://scripts/slice/slice_world.gd:35)
[menu]        [2] _stage (res://scripts/slice/slice_world.gd:28)
[menu] WARNING: Loaded resource as image file, this will not work on export: 'res://assets/showa/tex/sode_soba.png'. Instead, import the image file as an Image resource and load it normally as a resource.
[menu]    at: load_from_file (core/io/image.cpp:2780)
[menu]    GDScript backtrace (most recent call first):
[menu]        [0] _palette (res://scripts/slice/slice_world.gd:158)
[menu]        [1] _ready (res://scripts/slice/slice_world.gd:35)
[menu]        [2] _stage (res://scripts/slice/slice_world.gd:28)
[menu] ERROR: Error opening file 'res://assets/showa/tex/sode_soba.png'.
[menu]    at: load_image (core/io/image_loader.cpp:91)
[menu]    GDScript backtrace (most recent call first):
[menu]        [0] _palette (res://scripts/slice/slice_world.gd:158)
[menu]        [1] _ready (res://scripts/slice/slice_world.gd:35)
[menu]        [2] _stage (res://scripts/slice/slice_world.gd:28)
[menu] ERROR: Failed to load image. Error 7
[menu]    at: load_from_file (core/io/image.cpp:2787)
[menu]    GDScript backtrace (most recent call first):
[menu]        [0] _palette (res://scripts/slice/slice_world.gd:158)
[menu]        [1] _ready (res://scripts/slice/slice_world.gd:35)
[menu]        [2] _stage (res://scripts/slice/slice_world.gd:28)
[menu] WARNING: Loaded resource as image file, this will not work on export: 'res://assets/showa/tex/enamel_atlas.png'. Instead, import the image file as an Image resource and load it normally as a resource.
[menu]    at: load_from_file (core/io/image.cpp:2780)
[menu]    GDScript backtrace (most recent call first):
[menu]        [0] _palette (res://scripts/slice/slice_world.gd:170)
[menu]        [1] _ready (res://scripts/slice/slice_world.gd:35)
[menu]        [2] _stage (res://scripts/slice/slice_world.gd:28)
[menu] ERROR: Error opening file 'res://assets/showa/tex/enamel_atlas.png'.
[menu]    at: load_image (core/io/image_loader.cpp:91)
[menu]    GDScript backtrace (most recent call first):
[menu]        [0] _palette (res://scripts/slice/slice_world.gd:170)
[menu]        [1] _ready (res://scripts/slice/slice_world.gd:35)
[menu]        [2] _stage (res://scripts/slice/slice_world.gd:28)
[menu] ERROR: Failed to load image. Error 7
[menu]    at: load_from_file (core/io/image.cpp:2787)
[menu]    GDScript backtrace (most recent call first):
[menu]        [0] _palette (res://scripts/slice/slice_world.gd:170)
[menu]        [1] _ready (res://scripts/slice/slice_world.gd:35)
[menu]        [2] _stage (res://scripts/slice/slice_world.gd:28)
[menu] [.WebGL-0x3f2c060cfe00] GL_INVALID_OPERATION: glBlitFramebuffer: Depth/stencil buffer format combination not allowed for blit.
[menu] TDLOAD {"prepare_ms":188419.45,"stages":[{"ms":0.045,"progress":0.7,"stage":"Preparing Tokyo Bay"},{"ms":962.31,"progress":0.72,"stage":"Preparing materials"},{"ms":1890.365,"progress":0.76,"stage":"Laying roads and terrain"},{"ms":2242.045,"progress":0.8,"stage":"Building the bridge"},{"ms":2300.32,"progress":0.83,"stage":"Opening the city streets"},{"ms":3091.315,"progress":0.87,"stage":"Assembling city geometry"},{"ms":3466.47,"progress":0.870430879712747,"stage":"Assembling city geometry"},{"ms":3620.02,"progress":0.870574506283663,"stage":"Assembling city geometry"},{"ms":3792.79,"progress":0.870718132854578,"stage":"Assembling city geometry"},{"ms":3963.27,"progress":0.870861759425494,"stage":"Assembling city geometry"},{"ms":4096.325,"progress":0.871005385996409,"stage":"Assembling city geometry"},{"ms":4296.145,"progress":0.871149012567325,"stage":"Assembling city geometry"},{"ms":4438.255,"progress":0.871436265709156,"stage":"Assembling city geometry"},{"ms":4605.685,"progress":0.871579892280072,"stage":"Assembling city geometry"},{"ms":4738.46,"progress":0.871723518850987,"stage":"Assembling city geometry"},{"ms":4938.535,"progress":0.872010771992819,"stage":"Assembling city geometry"},{"ms":5125.125,"progress":0.872154398563734,"stage":"Assembling city geometry"},{"ms":5311.65,"progress":0.87229802513465,"stage":"Assembling city geometry"},{"ms":5522.3,"progress":0.872441651705566,"stage":"Assembling city geometry"},{"ms":5707.5,"progress":0.872585278276481,"stage":"Assembling city geometry"},{"ms":5896.355,"progress":0.872728904847397,"stage":"Assembling city geometry"},{"ms":6100.145,"progress":0.872872531418312,"stage":"Assembling city geometry"},{"ms":6221.56,"progress":0.873016157989228,"stage":"Assembling city geometry"},{"ms":6363.035,"progress":0.873303411131059,"stage":"Assembling city geometry"},{"ms":6522.09,"progress":0.873447037701975,"stage":"Assembling city geometry"},{"ms":6637.375,"progress":0.87359066427289,"stage":"Assembling city geometry"},{"ms":6794.865,"progress":0.873734290843806,"stage":"Assembling city geometry"},{"ms":6964.15,"progress":0.873877917414722,"stage":"Assembling city geometry"},{"ms":7104.53,"progress":0.874021543985637,"stage":"Assembling city geometry"},{"ms":7294.57,"progress":0.874165170556553,"stage":"Assembling city geometry"},{"ms":7436.475,"progress":0.874308797127469,"stage":"Assembling city geometry"},{"ms":7595.395,"progress":0.874452423698384,"stage":"Assembling city geometry"},{"ms":7718.355,"progress":0.8745960502693,"stage":"Assembling city geometry"},{"ms":7885.485,"progress":0.874739676840215,"stage":"Assembling city geometry"},{"ms":8011.34,"progress":0.874883303411131,"stage":"Assembling city geometry"},{"ms":8170.385,"progress":0.875026929982047,"stage":"Assembling city geometry"},{"ms":8294.725,"progress":0.875170556552962,"stage":"Assembling city geometry"},{"ms":8483.04,"progress":0.875314183123878,"stage":"Assembling city geometry"},{"ms":8623.655,"progress":0.875601436265709,"stage":"Assembling city geometry"},{"ms":8802.655,"progress":0.875745062836625,"stage":"Assembling city geometry"},{"ms":8941.385,"progress":0.87588868940754,"stage":"Assembling city geometry"},{"ms":9089.18,"progress":0.876032315978456,"stage":"Assembling city geometry"},{"ms":9210.98,"progress":0.876175942549372,"stage":"Assembling city geometry"},{"ms":9375.59,"progress":0.876319569120287,"stage":"Assembling city geometry"},{"ms":9512.15,"progress":0.876463195691203,"stage":"Assembling city geometry"},{"ms":9661.445,"progress":0.876750448833034,"stage":"Assembling city geometry"},{"ms":9808.69,"progress":0.87689407540395,"stage":"Assembling city geometry"},{"ms":9981.26,"progress":0.877037701974865,"stage":"Assembling city geometry"},{"ms":10164.415,"progress":0.877181328545781,"stage":"Assembling city geometry"},{"ms":10309.145,"progress":0.877468581687612,"stage":"Assembling city geometry"},{"ms":10467.21,"progress":0.877612208258528,"stage":"Assembling city geometry"},{"ms":10607.15,"progress":0.877755834829443,"stage":"Assembling city geometry"},{"ms":10784.15,"progress":0.877899461400359,"stage":"Assembling city geometry"},{"ms":10914.04,"progress":0.878043087971275,"stage":"Assembling city geometry"},{"ms":11082.905,"progress":0.87818671454219,"stage":"Assembling city geometry"},{"ms":11217.645,"progress":0.878330341113106,"stage":"Assembling city geometry"},{"ms":11380.345,"progress":0.878473967684022,"stage":"Assembling city geometry"},{"ms":11514.11,"progress":0.878617594254937,"stage":"Assembling city geometry"},{"ms":11713.55,"progress":0.878761220825853,"stage":"Assembling city geometry"},{"ms":11903.63,"progress":0.878904847396768,"stage":"Assembling city geometry"},{"ms":11985.25,"progress":0.879048473967684,"stage":"Assembling city geometry"},{"ms":12077.66,"progress":0.8791921005386,"stage":"Assembling city geometry"},{"ms":12208.615,"progress":0.879335727109515,"stage":"Assembling city geometry"},{"ms":12368.32,"progress":0.879479353680431,"stage":"Assembling city geometry"},{"ms":12516.19,"progress":0.879622980251346,"stage":"Assembling city geometry"},{"ms":12666.645,"progress":0.879766606822262,"stage":"Assembling city geometry"},{"ms":12808.755,"progress":0.880053859964093,"stage":"Assembling city geometry"},{"ms":12983.175,"progress":0.880197486535009,"stage":"Assembling city geometry"},{"ms":13115.455,"progress":0.880341113105925,"stage":"Assembling city geometry"},{"ms":13276.805,"progress":0.88048473967684,"stage":"Assembling city geometry"},{"ms":13423.66,"progress":0.880628366247756,"stage":"Assembling city geometry"},{"ms":13595.915,"progress":0.881346499102334,"stage":"Assembling city geometry"},{"ms":13776.63,"progress":0.88149012567325,"stage":"Assembling city geometry"},{"ms":13910.67,"progress":0.881633752244165,"stage":"Assembling city geometry"},{"ms":14101.02,"progress":0.881777378815081,"stage":"Assembling city geometry"},{"ms":14284.93,"progress":0.881921005385996,"stage":"Assembling city geometry"},{"ms":14435.62,"progress":0.882064631956912,"stage":"Assembling city geometry"},{"ms":14596.875,"progress":0.882208258527828,"stage":"Assembling city geometry"},{"ms":14786.875,"progress":0.882351885098743,"stage":"Assembling city geometry"},{"ms":14999.08,"progress":0.882495511669659,"stage":"Assembling city geometry"},{"ms":15130.365,"progress":0.882639138240574,"stage":"Assembling city geometry"},{"ms":15316.25,"progress":0.88278276481149,"stage":"Assembling city geometry"},{"ms":15409.395,"progress":0.882926391382406,"stage":"Assembling city geometry"},{"ms":15524.55,"progress":0.883070017953321,"stage":"Assembling city geometry"},{"ms":15712.02,"progress":0.883213644524237,"stage":"Assembling city geometry"},{"ms":15810.465,"progress":0.883500897666068,"stage":"Assembling city geometry"},{"ms":15912.385,"progress":0.883644524236984,"stage":"Assembling city geometry"},{"ms":16022.22,"progress":0.883788150807899,"stage":"Assembling city geometry"},{"ms":16134.815,"progress":0.883931777378815,"stage":"Assembling city geometry"},{"ms":16261.59,"progress":0.884075403949731,"stage":"Assembling city geometry"},{"ms":16385.575,"progress":0.884219030520646,"stage":"Assembling city geometry"},{"ms":16506.845,"progress":0.884362657091562,"stage":"Assembling city geometry"},{"ms":16608.975,"progress":0.884506283662478,"stage":"Assembling city geometry"},{"ms":16737.505,"progress":0.884793536804309,"stage":"Assembling city geometry"},{"ms":16892.195,"progress":0.884937163375224,"stage":"Assembling city geometry"},{"ms":16997.025,"progress":0.88508078994614,"stage":"Assembling city geometry"},{"ms":17120.52,"progress":0.885224416517056,"stage":"Assembling city geometry"},{"ms":17265.975,"progress":0.885368043087971,"stage":"Assembling city geometry"},{"ms":17387.375,"progress":0.885511669658887,"stage":"Assembling city geometry"},{"ms":17489.5,"progress":0.885798922800718,"stage":"Assembling city geometry"},{"ms":17624.435,"progress":0.885942549371634,"stage":"Assembling city geometry"},{"ms":17772.795,"progress":0.886086175942549,"stage":"Assembling city geometry"},{"ms":17973.515,"progress":0.886229802513465,"stage":"Assembling city geometry"},{"ms":18095.23,"progress":0.886373429084381,"stage":"Assembling city geometry"},{"ms":18283.515,"progress":0.886517055655296,"stage":"Assembling city geometry"},{"ms":18495.945,"progress":0.886660682226212,"stage":"Assembling city geometry"},{"ms":18683.225,"progress":0.886804308797127,"stage":"Assembling city geometry"},{"ms":18837.2,"progress":0.886947935368043,"stage":"Assembling city geometry"},{"ms":19032.9,"progress":0.887091561938959,"stage":"Assembling city geometry"},{"ms":19184.775,"progress":0.887235188509874,"stage":"Assembling city geometry"},{"ms":19381.995,"progress":0.88737881508079,"stage":"Assembling city geometry"},{"ms":19567.36,"progress":0.887522441651706,"stage":"Assembling city geometry"},{"ms":19717.12,"progress":0.887809694793537,"stage":"Assembling city geometry"},{"ms":19935.955,"progress":0.887953321364452,"stage":"Assembling city geometry"},{"ms":20121.19,"progress":0.888096947935368,"stage":"Assembling city geometry"},{"ms":20281.18,"progress":0.888240574506284,"stage":"Assembling city geometry"},{"ms":20423.41,"progress":0.888384201077199,"stage":"Assembling city geometry"},{"ms":20580.24,"progress":0.888527827648115,"stage":"Assembling city geometry"},{"ms":20717.485,"progress":0.88867145421903,"stage":"Assembling city geometry"},{"ms":20909.675,"progress":0.888815080789946,"stage":"Assembling city geometry"},{"ms":21073.17,"progress":0.888958707360862,"stage":"Assembling city geometry"},{"ms":21209.295,"progress":0.889102333931777,"stage":"Assembling city geometry"},{"ms":21420.99,"progress":0.889245960502693,"stage":"Assembling city geometry"},{"ms":21574.61,"progress":0.889389587073609,"stage":"Assembling city geometry"},{"ms":21694.895,"progress":0.889533213644524,"stage":"Assembling city geometry"},{"ms":21869.1,"progress":0.889820466786356,"stage":"Assembling city geometry"},{"ms":21989.86,"progress":0.889964093357271,"stage":"Assembling city geometry"},{"ms":22132.025,"progress":0.890107719928187,"stage":"Assembling city geometry"},{"ms":22282.34,"progress":0.890251346499102,"stage":"Assembling city geometry"},{"ms":22465.07,"progress":0.890394973070018,"stage":"Assembling city geometry"},{"ms":22672.86,"progress":0.890682226211849,"stage":"Assembling city geometry"},{"ms":22804.92,"progress":0.890825852782765,"stage":"Assembling city geometry"},{"ms":22933.0,"progress":0.89096947935368,"stage":"Assembling city geometry"},{"ms":23110.195,"progress":0.891113105924596,"stage":"Assembling city geometry"},{"ms":23272.165,"progress":0.891256732495512,"stage":"Assembling city geometry"},{"ms":23423.135,"progress":0.891400359066427,"stage":"Assembling city geometry"},{"ms":23582.115,"progress":0.891543985637343,"stage":"Assembling city geometry"},{"ms":23762.545,"progress":0.891687612208259,"stage":"Assembling city geometry"},{"ms":23902.245,"progress":0.891831238779174,"stage":"Assembling city geometry"},{"ms":24067.675,"progress":0.89197486535009,"stage":"Assembling city geometry"},{"ms":24225.99,"progress":0.892118491921005,"stage":"Assembling city geometry"},{"ms":24411.535,"progress":0.892262118491921,"stage":"Assembling city geometry"},{"ms":24609.22,"progress":0.892405745062837,"stage":"Assembling city geometry"},{"ms":24796.665,"progress":0.892549371633752,"stage":"Assembling city geometry"},{"ms":25023.66,"progress":0.892692998204668,"stage":"Assembling city geometry"},{"ms":25199.92,"progress":0.892836624775583,"stage":"Assembling city geometry"},{"ms":25364.085,"progress":0.893123877917415,"stage":"Assembling city geometry"},{"ms":25527.665,"progress":0.89326750448833,"stage":"Assembling city geometry"},{"ms":25673.32,"progress":0.893411131059246,"stage":"Assembling city geometry"},{"ms":25808.05,"progress":0.893554757630162,"stage":"Assembling city geometry"},{"ms":25931.305,"progress":0.893698384201077,"stage":"Assembling city geometry"},{"ms":26076.48,"progress":0.893842010771993,"stage":"Assembling city geometry"},{"ms":26199.62,"progress":0.893985637342908,"stage":"Assembling city geometry"},{"ms":26331.085,"progress":0.894129263913824,"stage":"Assembling city geometry"},{"ms":26520.18,"progress":0.89427289048474,"stage":"Assembling city geometry"},{"ms":26695.49,"progress":0.894416517055655,"stage":"Assembling city geometry"},{"ms":26826.11,"progress":0.894560143626571,"stage":"Assembling city geometry"},{"ms":26995.885,"progress":0.894703770197486,"stage":"Assembling city geometry"},{"ms":27163.455,"progress":0.894847396768402,"stage":"Assembling city geometry"},{"ms":27314.86,"progress":0.894991023339318,"stage":"Assembling city geometry"},{"ms":27493.775,"progress":0.895134649910233,"stage":"Assembling city geometry"},{"ms":27665.965,"progress":0.895278276481149,"stage":"Assembling city geometry"},{"ms":27816.595,"progress":0.895421903052065,"stage":"Assembling city geometry"},{"ms":28004.85,"progress":0.89556552962298,"stage":"Assembling city geometry"},{"ms":28184.955,"progress":0.895709156193896,"stage":"Assembling city geometry"},{"ms":28369.555,"progress":0.895996409335727,"stage":"Assembling city geometry"},{"ms":28565.85,"progress":0.896140035906643,"stage":"Assembling city geometry"},{"ms":28724.61,"progress":0.896283662477558,"stage":"Assembling city geometry"},{"ms":28915.535,"progress":0.896427289048474,"stage":"Assembling city geometry"},{"ms":29088.565,"progress":0.89657091561939,"stage":"Assembling city geometry"},{"ms":29235.995,"progress":0.896858168761221,"stage":"Assembling city geometry"},{"ms":29462.71,"progress":0.897001795332136,"stage":"Assembling city geometry"},{"ms":29602.98,"progress":0.897289048473968,"stage":"Assembling city geometry"},{"ms":29804.82,"progress":0.897432675044883,"stage":"Assembling city geometry"},{"ms":29977.74,"progress":0.897576301615799,"stage":"Assembling city geometry"},{"ms":30139.685,"progress":0.897719928186715,"stage":"Assembling city geometry"},{"ms":30374.43,"progress":0.89786355475763,"stage":"Assembling city geometry"},{"ms":30602.145,"progress":0.898007181328546,"stage":"Assembling city geometry"},{"ms":30812.335,"progress":0.898150807899461,"stage":"Assembling city geometry"},{"ms":30978.405,"progress":0.898294434470377,"stage":"Assembling city geometry"},{"ms":31181.195,"progress":0.898438061041293,"stage":"Assembling city geometry"},{"ms":31335.91,"progress":0.898868940754039,"stage":"Assembling city geometry"},{"ms":31519.845,"progress":0.899299820466786,"stage":"Assembling city geometry"},{"ms":31704.91,"progress":0.899730700179533,"stage":"Assembling city geometry"},{"ms":31922.87,"progress":0.899874326750449,"stage":"Assembling city geometry"},{"ms":32117.905,"progress":0.90016157989228,"stage":"Assembling city geometry"},{"ms":32306.6,"progress":0.900305206463196,"stage":"Assembling city geometry"},{"ms":32465.495,"progress":0.900879712746858,"stage":"Assembling city geometry"},{"ms":32627.585,"progress":0.901023339317774,"stage":"Assembling city geometry"},{"ms":32794.225,"progress":0.901166965888689,"stage":"Assembling city geometry"},{"ms":33032.595,"progress":0.901310592459605,"stage":"Assembling city geometry"},{"ms":33229.07,"progress":0.901454219030521,"stage":"Assembling city geometry"},{"ms":33397.35,"progress":0.901597845601436,"stage":"Assembling city geometry"},{"ms":33526.155,"progress":0.901741472172352,"stage":"Assembling city geometry"},{"ms":33701.165,"progress":0.902028725314183,"stage":"Assembling city geometry"},{"ms":33909.025,"progress":0.902172351885099,"stage":"Assembling city geometry"},{"ms":34095.19,"progress":0.902315978456014,"stage":"Assembling city geometry"},{"ms":34239.31,"progress":0.90245960502693,"stage":"Assembling city geometry"},{"ms":34473.96,"progress":0.902603231597846,"stage":"Assembling city geometry"},{"ms":34621.335,"progress":0.902746858168761,"stage":"Assembling city geometry"},{"ms":34776.765,"progress":0.902890484739677,"stage":"Assembling city geometry"},{"ms":34930.97,"progress":0.903034111310592,"stage":"Assembling city geometry"},{"ms":35108.14,"progress":0.903177737881508,"stage":"Assembling city geometry"},{"ms":35294.995,"progress":0.903321364452424,"stage":"Assembling city geometry"},{"ms":35470.015,"progress":0.903464991023339,"stage":"Assembling city geometry"},{"ms":35628.37,"progress":0.903608617594255,"stage":"Assembling city geometry"},{"ms":35810.24,"progress":0.903752244165171,"stage":"Assembling city geometry"},{"ms":35997.675,"progress":0.903895870736086,"stage":"Assembling city geometry"},{"ms":36189.12,"progress":0.904039497307002,"stage":"Assembling city geometry"},{"ms":36386.36,"progress":0.904183123877917,"stage":"Assembling city geometry"},{"ms":36620.3,"progress":0.904326750448833,"stage":"Assembling city geometry"},{"ms":36814.18,"progress":0.904470377019749,"stage":"Assembling city geometry"},{"ms":37008.78,"progress":0.904614003590664,"stage":"Assembling city geometry"},{"ms":37190.975,"progress":0.90475763016158,"stage":"Assembling city geometry"},{"ms":37400.685,"progress":0.904901256732496,"stage":"Assembling city geometry"},{"ms":37567.19,"progress":0.905044883303411,"stage":"Assembling city geometry"},{"ms":37715.12,"progress":0.905188509874327,"stage":"Assembling city geometry"},{"ms":37896.78,"progress":0.905332136445242,"stage":"Assembling city geometry"},{"ms":38090.075,"progress":0.905475763016158,"stage":"Assembling city geometry"},{"ms":38280.505,"progress":0.905619389587074,"stage":"Assembling city geometry"},{"ms":38483.27,"progress":0.905763016157989,"stage":"Assembling city geometry"},{"ms":38626.72,"progress":0.905906642728905,"stage":"Assembling city geometry"},{"ms":38793.06,"progress":0.90605026929982,"stage":"Assembling city geometry"},{"ms":38964.625,"progress":0.906193895870736,"stage":"Assembling city geometry"},{"ms":39120.58,"progress":0.906481149012567,"stage":"Assembling city geometry"},{"ms":39301.35,"progress":0.906624775583483,"stage":"Assembling city geometry"},{"ms":39434.945,"progress":0.906768402154399,"stage":"Assembling city geometry"},{"ms":39588.325,"progress":0.906912028725314,"stage":"Assembling city geometry"},{"ms":39730.465,"progress":0.90705565529623,"stage":"Assembling city geometry"},{"ms":39878.045,"progress":0.907199281867145,"stage":"Assembling city geometry"},{"ms":40007.595,"progress":0.907342908438061,"stage":"Assembling city geometry"},{"ms":40184.235,"progress":0.907486535008977,"stage":"Assembling city geometry"},{"ms":40366.335,"progress":0.907630161579892,"stage":"Assembling city geometry"},{"ms":40493.25,"progress":0.907773788150808,"stage":"Assembling city geometry"},{"ms":40692.535,"progress":0.907917414721723,"stage":"Assembling city geometry"},{"ms":40882.825,"progress":0.908061041292639,"stage":"Assembling city geometry"},{"ms":41028.84,"progress":0.908204667863555,"stage":"Assembling city geometry"},{"ms":41204.39,"progress":0.90834829443447,"stage":"Assembling city geometry"},{"ms":41362.2,"progress":0.908491921005386,"stage":"Assembling city geometry"},{"ms":41562.63,"progress":0.908779174147217,"stage":"Assembling city geometry"},{"ms":41731.075,"progress":0.908922800718133,"stage":"Assembling city geometry"},{"ms":41906.995,"progress":0.909066427289049,"stage":"Assembling city geometry"},{"ms":42118.095,"progress":0.909210053859964,"stage":"Assembling city geometry"},{"ms":42312.435,"progress":0.90935368043088,"stage":"Assembling city geometry"},{"ms":42483.415,"progress":0.909497307001795,"stage":"Assembling city geometry"},{"ms":42693.615,"progress":0.909928186714542,"stage":"Assembling city geometry"},{"ms":42842.545,"progress":0.910071813285458,"stage":"Assembling city geometry"},{"ms":43006.54,"progress":0.910502692998205,"stage":"Assembling city geometry"},{"ms":43174.08,"progress":0.910789946140036,"stage":"Assembling city geometry"},{"ms":43310.74,"progress":0.910933572710952,"stage":"Assembling city geometry"},{"ms":43479.635,"progress":0.911077199281867,"stage":"Assembling city geometry"},{"ms":43601.925,"progress":0.911220825852783,"stage":"Assembling city geometry"},{"ms":43782.23,"progress":0.911364452423698,"stage":"Assembling city geometry"},{"ms":43928.01,"progress":0.911508078994614,"stage":"Assembling city geometry"},{"ms":44104.0,"progress":0.91165170556553,"stage":"Assembling city geometry"},{"ms":44278.75,"progress":0.911795332136445,"stage":"Assembling city geometry"},{"ms":44474.725,"progress":0.911938958707361,"stage":"Assembling city geometry"},{"ms":44627.29,"progress":0.912082585278276,"stage":"Assembling city geometry"},{"ms":44785.9,"progress":0.912226211849192,"stage":"Assembling city geometry"},{"ms":44930.86,"progress":0.912513464991023,"stage":"Assembling city geometry"},{"ms":45097.5,"progress":0.912657091561939,"stage":"Assembling city geometry"},{"ms":45261.75,"progress":0.912800718132855,"stage":"Assembling city geometry"},{"ms":45418.28,"progress":0.914093357271095,"stage":"Assembling city geometry"},{"ms":45588.575,"progress":0.914236983842011,"stage":"Assembling city geometry"},{"ms":45779.29,"progress":0.914380610412926,"stage":"Assembling city geometry"},{"ms":45915.845,"progress":0.914524236983842,"stage":"Assembling city geometry"},{"ms":46075.44,"progress":0.914667863554758,"stage":"Assembling city geometry"},{"ms":46226.615,"progress":0.914811490125673,"stage":"Assembling city geometry"},{"ms":46419.86,"progress":0.915098743267505,"stage":"Assembling city geometry"},{"ms":46588.535,"progress":0.91524236983842,"stage":"Assembling city geometry"},{"ms":46739.3,"progress":0.915385996409336,"stage":"Assembling city geometry"},{"ms":46921.065,"progress":0.915529622980251,"stage":"Assembling city geometry"},{"ms":47102.63,"progress":0.915673249551167,"stage":"Assembling city geometry"},{"ms":47310.16,"progress":0.915816876122083,"stage":"Assembling city geometry"},{"ms":47494.83,"progress":0.915960502692998,"stage":"Assembling city geometry"},{"ms":47691.56,"progress":0.916104129263914,"stage":"Assembling city geometry"},{"ms":47839.02,"progress":0.916247755834829,"stage":"Assembling city geometry"},{"ms":48039.685,"progress":0.916391382405745,"stage":"Assembling city geometry"},{"ms":48263.845,"progress":0.916535008976661,"stage":"Assembling city geometry"},{"ms":48433.82,"progress":0.916678635547576,"stage":"Assembling city geometry"},{"ms":48669.91,"progress":0.916822262118492,"stage":"Assembling city geometry"},{"ms":48881.765,"progress":0.916965888689408,"stage":"Assembling city geometry"},{"ms":49031.585,"progress":0.917109515260323,"stage":"Assembling city geometry"},{"ms":49222.855,"progress":0.917253141831239,"stage":"Assembling city geometry"},{"ms":49381.95,"progress":0.917396768402154,"stage":"Assembling city geometry"},{"ms":49512.47,"progress":0.91754039497307,"stage":"Assembling city geometry"},{"ms":49680.0,"progress":0.917684021543986,"stage":"Assembling city geometry"},{"ms":49876.825,"progress":0.917827648114901,"stage":"Assembling city geometry"},{"ms":50087.52,"progress":0.917971274685817,"stage":"Assembling city geometry"},{"ms":50262.925,"progress":0.918114901256732,"stage":"Assembling city geometry"},{"ms":50430.665,"progress":0.918258527827648,"stage":"Assembling city geometry"},{"ms":50613.045,"progress":0.919263913824057,"stage":"Assembling city geometry"},{"ms":50798.955,"progress":0.919694793536804,"stage":"Assembling city geometry"},{"ms":50915.51,"progress":0.91983842010772,"stage":"Assembling city geometry"},{"ms":51119.005,"progress":0.919982046678636,"stage":"Assembling city geometry"},{"ms":51396.815,"progress":0.920269299820467,"stage":"Assembling city geometry"},{"ms":51677.24,"progress":0.920412926391382,"stage":"Assembling city geometry"},{"ms":51821.19,"progress":0.920556552962298,"stage":"Assembling city geometry"},{"ms":52024.26,"progress":0.920700179533214,"stage":"Assembling city geometry"},{"ms":52191.99,"progress":0.920843806104129,"stage":"Assembling city geometry"},{"ms":52382.205,"progress":0.920987432675045,"stage":"Assembling city geometry"},{"ms":52588.265,"progress":0.921131059245961,"stage":"Assembling city geometry"},{"ms":52723.97,"progress":0.921274685816876,"stage":"Assembling city geometry"},{"ms":52929.31,"progress":0.921418312387792,"stage":"Assembling city geometry"},{"ms":53100.005,"progress":0.921561938958707,"stage":"Assembling city geometry"},{"ms":53274.795,"progress":0.921849192100539,"stage":"Assembling city geometry"},{"ms":53463.025,"progress":0.921992818671454,"stage":"Assembling city geometry"},{"ms":53618.385,"progress":0.92213644524237,"stage":"Assembling city geometry"},{"ms":53785.825,"progress":0.922280071813285,"stage":"Assembling city geometry"},{"ms":53969.235,"progress":0.922423698384201,"stage":"Assembling city geometry"},{"ms":54131.88,"progress":0.922567324955117,"stage":"Assembling city geometry"},{"ms":54270.495,"progress":0.922710951526032,"stage":"Assembling city geometry"},{"ms":54427.41,"progress":0.922854578096948,"stage":"Assembling city geometry"},{"ms":54609.105,"progress":0.922998204667864,"stage":"Assembling city geometry"},{"ms":54767.175,"progress":0.923141831238779,"stage":"Assembling city geometry"},{"ms":54928.13,"progress":0.923285457809695,"stage":"Assembling city geometry"},{"ms":55078.415,"progress":0.92342908438061,"stage":"Assembling city geometry"},{"ms":55230.865,"progress":0.923572710951526,"stage":"Assembling city geometry"},{"ms":55386.58,"progress":0.923716337522442,"stage":"Assembling city geometry"},{"ms":55504.405,"progress":0.924003590664273,"stage":"Assembling city geometry"},{"ms":55673.89,"progress":0.924147217235189,"stage":"Assembling city geometry"},{"ms":55818.09,"progress":0.924290843806104,"stage":"Assembling city geometry"},{"ms":56023.145,"progress":0.92443447037702,"stage":"Assembling city geometry"},{"ms":56219.205,"progress":0.924578096947935,"stage":"Assembling city geometry"},{"ms":56402.82,"progress":0.924721723518851,"stage":"Assembling city geometry"},{"ms":56578.735,"progress":0.924865350089767,"stage":"Assembling city geometry"},{"ms":56723.66,"progress":0.925008976660682,"stage":"Assembling city geometry"},{"ms":56892.665,"progress":0.925152603231598,"stage":"Assembling city geometry"},{"ms":57078.27,"progress":0.925296229802513,"stage":"Assembling city geometry"},{"ms":57230.97,"progress":0.925439856373429,"stage":"Assembling city geometry"},{"ms":57370.85,"progress":0.925583482944345,"stage":"Assembling city geometry"},{"ms":57516.495,"progress":0.92572710951526,"stage":"Assembling city geometry"},{"ms":57675.78,"progress":0.925870736086176,"stage":"Assembling city geometry"},{"ms":57803.465,"progress":0.926014362657092,"stage":"Assembling city geometry"},{"ms":57930.955,"progress":0.926157989228007,"stage":"Assembling city geometry"},{"ms":57966.825,"progress":0.926301615798923,"stage":"Assembling city geometry"},{"ms":58220.34,"progress":0.926445242369838,"stage":"Assembling city geometry"},{"ms":58412.595,"progress":0.926588868940754,"stage":"Assembling city geometry"},{"ms":58602.455,"progress":0.92673249551167,"stage":"Assembling city geometry"},{"ms":58805.305,"progress":0.926876122082585,"stage":"Assembling city geometry"},{"ms":58985.09,"progress":0.927019748653501,"stage":"Assembling city geometry"},{"ms":59171.935,"progress":0.927163375224416,"stage":"Assembling city geometry"},{"ms":59339.8,"progress":0.927307001795332,"stage":"Assembling city geometry"},{"ms":59514.835,"progress":0.927450628366248,"stage":"Assembling city geometry"},{"ms":59667.57,"progress":0.927594254937163,"stage":"Assembling city geometry"},{"ms":59865.625,"progress":0.927737881508079,"stage":"Assembling city geometry"},{"ms":60038.8,"progress":0.927881508078995,"stage":"Assembling city geometry"},{"ms":60223.67,"progress":0.92802513464991,"stage":"Assembling city geometry"},{"ms":60410.225,"progress":0.928168761220826,"stage":"Assembling city geometry"},{"ms":60593.31,"progress":0.928312387791742,"stage":"Assembling city geometry"},{"ms":60803.725,"progress":0.928456014362657,"stage":"Assembling city geometry"},{"ms":60929.955,"progress":0.928599640933573,"stage":"Assembling city geometry"},{"ms":61120.945,"progress":0.928743267504488,"stage":"Assembling city geometry"},{"ms":61305.175,"progress":0.928886894075404,"stage":"Assembling city geometry"},{"ms":61536.41,"progress":0.92903052064632,"stage":"Assembling city geometry"},{"ms":61711.06,"progress":0.929174147217235,"stage":"Assembling city geometry"},{"ms":61898.68,"progress":0.929317773788151,"stage":"Assembling city geometry"},{"ms":62021.98,"progress":0.929461400359066,"stage":"Assembling city geometry"},{"ms":62214.785,"progress":0.929605026929982,"stage":"Assembling city geometry"},{"ms":62338.65,"progress":0.929748653500898,"stage":"Assembling city geometry"},{"ms":62561.065,"progress":0.929892280071813,"stage":"Assembling city geometry"},{"ms":62714.285,"progress":0.930035906642729,"stage":"Assembling city geometry"},{"ms":62914.68,"progress":0.930179533213645,"stage":"Assembling city geometry"},{"ms":63039.295,"progress":0.930610412926391,"stage":"Assembling city geometry"},{"ms":63200.775,"progress":0.930754039497307,"stage":"Assembling city geometry"},{"ms":63370.37,"progress":0.930897666068223,"stage":"Assembling city geometry"},{"ms":63515.26,"progress":0.931041292639138,"stage":"Assembling city geometry"},{"ms":63680.995,"progress":0.931184919210054,"stage":"Assembling city geometry"},{"ms":63861.015,"progress":0.931328545780969,"stage":"Assembling city geometry"},{"ms":63994.63,"progress":0.931472172351885,"stage":"Assembling city geometry"},{"ms":64171.17,"progress":0.931615798922801,"stage":"Assembling city geometry"},{"ms":64322.195,"progress":0.931759425493716,"stage":"Assembling city geometry"},{"ms":64498.94,"progress":0.931903052064632,"stage":"Assembling city geometry"},{"ms":64635.11,"progress":0.932046678635548,"stage":"Assembling city geometry"},{"ms":64824.31,"progress":0.932190305206463,"stage":"Assembling city geometry"},{"ms":64971.355,"progress":0.932333931777379,"stage":"Assembling city geometry"},{"ms":65122.995,"progress":0.93262118491921,"stage":"Assembling city geometry"},{"ms":65304.99,"progress":0.932764811490126,"stage":"Assembling city geometry"},{"ms":65470.98,"progress":0.932908438061041,"stage":"Assembling city geometry"},{"ms":65618.935,"progress":0.933052064631957,"stage":"Assembling city geometry"},{"ms":65781.215,"progress":0.933195691202872,"stage":"Assembling city geometry"},{"ms":65965.835,"progress":0.933339317773788,"stage":"Assembling city geometry"},{"ms":66092.66,"progress":0.933482944344704,"stage":"Assembling city geometry"},{"ms":66237.04,"progress":0.933626570915619,"stage":"Assembling city geometry"},{"ms":66419.98,"progress":0.933770197486535,"stage":"Assembling city geometry"},{"ms":66612.675,"progress":0.933913824057451,"stage":"Assembling city geometry"},{"ms":66769.78,"progress":0.934057450628366,"stage":"Assembling city geometry"},{"ms":66927.235,"progress":0.934344703770198,"stage":"Assembling city geometry"},{"ms":67114.035,"progress":0.934631956912029,"stage":"Assembling city geometry"},{"ms":67227.32,"progress":0.934775583482944,"stage":"Assembling city geometry"},{"ms":67390.655,"progress":0.93491921005386,"stage":"Assembling city geometry"},{"ms":67511.605,"progress":0.935206463195691,"stage":"Assembling city geometry"},{"ms":67673.85,"progress":0.935637342908438,"stage":"Assembling city geometry"},{"ms":67864.71,"progress":0.935780969479354,"stage":"Assembling city geometry"},{"ms":67987.78,"progress":0.935924596050269,"stage":"Assembling city geometry"},{"ms":68223.865,"progress":0.936068222621185,"stage":"Assembling city geometry"},{"ms":68260.915,"progress":0.936211849192101,"stage":"Assembling city geometry"},{"ms":68418.92,"progress":0.936355475763016,"stage":"Assembling city geometry"},{"ms":68531.55,"progress":0.936642728904847,"stage":"Assembling city geometry"},{"ms":68560.595,"progress":0.936786355475763,"stage":"Assembling city geometry"},{"ms":68830.63,"progress":0.936929982046679,"stage":"Assembling city geometry"},{"ms":68860.975,"progress":0.937360861759425,"stage":"Assembling city geometry"},{"ms":69025.59,"progress":0.937504488330341,"stage":"Assembling city geometry"},{"ms":69161.11,"progress":0.937648114901257,"stage":"Assembling city geometry"},{"ms":69326.82,"progress":0.937791741472172,"stage":"Assembling city geometry"},{"ms":69467.54,"progress":0.937935368043088,"stage":"Assembling city geometry"},{"ms":69672.825,"progress":0.938222621184919,"stage":"Assembling city geometry"},{"ms":69823.335,"progress":0.938366247755835,"stage":"Assembling city geometry"},{"ms":70016.85,"progress":0.938653500897666,"stage":"Assembling city geometry"},{"ms":70184.43,"progress":0.938940754039497,"stage":"Assembling city geometry"},{"ms":70315.865,"progress":0.939084380610413,"stage":"Assembling city geometry"},{"ms":70439.645,"progress":0.939228007181329,"stage":"Assembling city geometry"},{"ms":70604.515,"progress":0.939371633752244,"stage":"Assembling city geometry"},{"ms":70793.03,"progress":0.93951526032316,"stage":"Assembling city geometry"},{"ms":70979.605,"progress":0.939658886894075,"stage":"Assembling city geometry"},{"ms":71186.795,"progress":0.939802513464991,"stage":"Assembling city geometry"},{"ms":71373.67,"progress":0.939946140035907,"stage":"Assembling city geometry"},{"ms":71538.765,"progress":0.940089766606822,"stage":"Assembling city geometry"},{"ms":71696.53,"progress":0.940233393177738,"stage":"Assembling city geometry"},{"ms":71821.865,"progress":0.940377019748654,"stage":"Assembling city geometry"},{"ms":72006.66,"progress":0.940520646319569,"stage":"Assembling city geometry"},{"ms":72216.105,"progress":0.9408078994614,"stage":"Assembling city geometry"},{"ms":72596.485,"progress":0.940951526032316,"stage":"Assembling city geometry"},{"ms":72900.615,"progress":0.941095152603232,"stage":"Assembling city geometry"},{"ms":73199.93,"progress":0.941238779174147,"stage":"Assembling city geometry"},{"ms":73463.435,"progress":0.941382405745063,"stage":"Assembling city geometry"},{"ms":73729.155,"progress":0.941526032315978,"stage":"Assembling city geometry"},{"ms":74009.555,"progress":0.941669658886894,"stage":"Assembling city geometry"},{"ms":74291.63,"progress":0.94181328545781,"stage":"Assembling city geometry"},{"ms":74574.43,"progress":0.941956912028725,"stage":"Assembling city geometry"},{"ms":74886.995,"progress":0.942100538599641,"stage":"Assembling city geometry"},{"ms":75183.565,"progress":0.942244165170557,"stage":"Assembling city geometry"},{"ms":75485.325,"progress":0.942387791741472,"stage":"Assembling city geometry"},{"ms":75894.985,"progress":0.942531418312388,"stage":"Assembling city geometry"},{"ms":76198.555,"progress":0.942675044883303,"stage":"Assembling city geometry"},{"ms":76575.93,"progress":0.942818671454219,"stage":"Assembling city geometry"},{"ms":76962.68,"progress":0.942962298025135,"stage":"Assembling city geometry"},{"ms":77280.165,"progress":0.94310592459605,"stage":"Assembling city geometry"},{"ms":77699.965,"progress":0.943249551166966,"stage":"Assembling city geometry"},{"ms":78094.08,"progress":0.943393177737881,"stage":"Assembling city geometry"},{"ms":78432.025,"progress":0.943536804308797,"stage":"Assembling city geometry"},{"ms":78838.935,"progress":0.943680430879713,"stage":"Assembling city geometry"},{"ms":79173.315,"progress":0.943967684021544,"stage":"Assembling city geometry"},{"ms":79304.005,"progress":0.94411131059246,"stage":"Assembling city geometry"},{"ms":79431.18,"progress":0.944254937163375,"stage":"Assembling city geometry"},{"ms":79634.55,"progress":0.944398563734291,"stage":"Assembling city geometry"},{"ms":79793.76,"progress":0.944542190305206,"stage":"Assembling city geometry"},{"ms":79938.555,"progress":0.944685816876122,"stage":"Assembling city geometry"},{"ms":80082.56,"progress":0.944973070017953,"stage":"Assembling city geometry"},{"ms":80213.17,"progress":0.945116696588869,"stage":"Assembling city geometry"},{"ms":80427.395,"progress":0.945260323159785,"stage":"Assembling city geometry"},{"ms":80716.245,"progress":0.945547576301616,"stage":"Assembling city geometry"},{"ms":81033.64,"progress":0.945691202872531,"stage":"Assembling city geometry"},{"ms":81406.965,"progress":0.946122082585278,"stage":"Assembling city geometry"},{"ms":81716.04,"progress":0.946265709156194,"stage":"Assembling city geometry"},{"ms":82076.94,"progress":0.94640933572711,"stage":"Assembling city geometry"},{"ms":82379.615,"progress":0.946552962298025,"stage":"Assembling city geometry"},{"ms":82713.795,"progress":0.946696588868941,"stage":"Assembling city geometry"},{"ms":83127.475,"progress":0.946840215439856,"stage":"Assembling city geometry"},{"ms":83484.215,"progress":0.946983842010772,"stage":"Assembling city geometry"},{"ms":83863.175,"progress":0.947127468581688,"stage":"Assembling city geometry"},{"ms":84262.785,"progress":0.947271095152603,"stage":"Assembling city geometry"},{"ms":84624.5,"progress":0.947414721723519,"stage":"Assembling city geometry"},{"ms":85019.09,"progress":0.947558348294435,"stage":"Assembling city geometry"},{"ms":85338.31,"progress":0.94770197486535,"stage":"Assembling city geometry"},{"ms":85608.35,"progress":0.947845601436266,"stage":"Assembling city geometry"},{"ms":85789.205,"progress":0.947989228007181,"stage":"Assembling city geometry"},{"ms":85967.725,"progress":0.948132854578097,"stage":"Assembling city geometry"},{"ms":86125.39,"progress":0.948276481149013,"stage":"Assembling city geometry"},{"ms":86321.885,"progress":0.948420107719928,"stage":"Assembling city geometry"},{"ms":86516.025,"progress":0.948563734290844,"stage":"Assembling city geometry"},{"ms":86675.265,"progress":0.948994614003591,"stage":"Assembling city geometry"},{"ms":86887.26,"progress":0.949138240574506,"stage":"Assembling city geometry"},{"ms":87099.44,"progress":0.949281867145422,"stage":"Assembling city geometry"},{"ms":87402.05,"progress":0.949569120287253,"stage":"Assembling city geometry"},{"ms":87873.51,"progress":0.949712746858169,"stage":"Assembling city geometry"},{"ms":88400.78,"progress":0.949856373429084,"stage":"Assembling city geometry"},{"ms":90997.715,"progress":0.97,"stage":"Warming lights and materials"},{"ms":99898.295,"progress":0.970517857142857,"stage":"Warming lights and materials"},{"ms":109141.5,"progress":0.971035714285714,"stage":"Warming lights and materials"},{"ms":115489.48,"progress":0.971553571428571,"stage":"Warming lights and materials"},{"ms":116799.875,"progress":0.972071428571429,"stage":"Warming lights and materials"},{"ms":118211.54,"progress":0.972589285714286,"stage":"Warming lights and materials"},{"ms":119109.065,"progress":0.973107142857143,"stage":"Warming lights and materials"},{"ms":119734.745,"progress":0.973625,"stage":"Warming lights and materials"},{"ms":120419.745,"progress":0.974142857142857,"stage":"Warming lights and materials"},{"ms":122224.405,"progress":0.974660714285714,"stage":"Warming lights and materials"},{"ms":124427.55,"progress":0.975178571428571,"stage":"Warming lights and materials"},{"ms":127918.175,"progress":0.975696428571429,"stage":"Warming lights and materials"},{"ms":129304.955,"progress":0.976214285714286,"stage":"Warming lights and materials"},{"ms":131038.935,"progress":0.976732142857143,"stage":"Warming lights and materials"},{"ms":132232.52,"progress":0.97725,"stage":"Warming lights and materials"},{"ms":133165.825,"progress":0.977767857142857,"stage":"Warming lights and materials"},{"ms":134796.155,"progress":0.978285714285714,"stage":"Warming lights and materials"},{"ms":136678.555,"progress":0.978803571428571,"stage":"Warming lights and materials"},{"ms":137887.585,"progress":0.979321428571429,"stage":"Warming lights and materials"},{"ms":138833.54,"progress":0.979839285714286,"stage":"Warming lights and materials"},{"ms":139790.515,"progress":0.980357142857143,"stage":"Warming lights and materials"},{"ms":140593.025,"progress":0.980875,"stage":"Warming lights and materials"},{"ms":141821.235,"progress":0.981392857142857,"stage":"Warming lights and materials"},{"ms":142998.365,"progress":0.981910714285714,"stage":"Warming lights and materials"},{"ms":143994.685,"progress":0.982428571428571,"stage":"Warming lights and materials"},{"ms":145187.755,"progress":0.982946428571429,"stage":"Warming traffic models"},{"ms":146180.835,"progress":0.983464285714286,"stage":"Warming traffic models"},{"ms":147432.42,"progress":0.983982142857143,"stage":"Warming traffic models"},{"ms":148634.065,"progress":0.9845,"stage":"Warming traffic models"},{"ms":151387.045,"progress":0.985017857142857,"stage":"Warming traffic models"},{"ms":153474.475,"progress":0.985535714285714,"stage":"Warming traffic models"},{"ms":154793.42,"progress":0.986053571428571,"stage":"Warming traffic models"},{"ms":155728.6,"progress":0.986571428571429,"stage":"Warming traffic models"},{"ms":156972.275,"progress":0.987089285714286,"stage":"Warming traffic models"},{"ms":158095.235,"progress":0.987607142857143,"stage":"Warming traffic models"},{"ms":158841.0,"progress":0.988125,"stage":"Warming traffic models"},{"ms":159516.195,"progress":0.988642857142857,"stage":"Warming traffic models"},{"ms":160802.49,"progress":0.989160714285714,"stage":"Warming traffic models"},{"ms":161977.165,"progress":0.989678571428571,"stage":"Warming traffic models"},{"ms":163229.67,"progress":0.990196428571429,"stage":"Warming traffic models"},{"ms":164224.765,"progress":0.990714285714286,"stage":"Warming traffic models"},{"ms":165308.215,"progress":0.991232142857143,"stage":"Warming traffic models"},{"ms":167105.405,"progress":0.99175,"stage":"Warming traffic models"},{"ms":168680.25,"progress":0.992267857142857,"stage":"Warming traffic models"},{"ms":170413.73,"progress":0.992785714285714,"stage":"Warming traffic models"},{"ms":172640.465,"progress":0.993303571428571,"stage":"Warming traffic models"},{"ms":174375.96,"progress":0.993821428571429,"stage":"Warming traffic models"},{"ms":176133.605,"progress":0.994339285714286,"stage":"Warming traffic models"},{"ms":177791.175,"progress":0.994857142857143,"stage":"Warming traffic models"},{"ms":179435.125,"progress":0.995375,"stage":"Warming lights and materials"},{"ms":180712.91,"progress":0.995892857142857,"stage":"Warming lights and materials"},{"ms":181894.075,"progress":0.996410714285714,"stage":"Warming lights and materials"},{"ms":183195.195,"progress":0.996928571428571,"stage":"Warming lights and materials"},{"ms":188411.82,"progress":0.999,"stage":"Warming countdown and HUD"},{"ms":188419.155,"progress":1.0,"stage":"Ready to race"}]}
[menu] WARNING: This control can't grab focus. Use set_focus_mode() and set_focus_behavior_recursive() to allow a control to get focus.
[menu]    at: grab_focus (scene/gui/control.cpp:3011)
[menu]    GDScript backtrace (most recent call first):
[menu]        [0] _ready (res://scripts/main_menu.gd:61)
[menu]        [1] prepare (res://scripts/race_loader.gd:147)
[menu]        [2] warm_entry_ui (res://scripts/slice/slice_race.gd:90)
[lower-city] ERROR: Error calling deferred method: 'Node(anime_look.gd)::_style_late': Cannot convert argument 1 from Object to Object.
[lower-city]    at: _call_function (core/object/message_queue.cpp:220)
[lower-city] ERROR: Error calling deferred method: 'Node(anime_look.gd)::_style_late': Cannot convert argument 1 from Object to Object.
[lower-city]    at: _call_function (core/object/message_queue.cpp:220)
[lower-city] ERROR: Error calling deferred method: 'Node(anime_look.gd)::_style_late': Cannot convert argument 1 from Object to Object.
[lower-city]    at: _call_function (core/object/message_queue.cpp:220)
[lower-city] ERROR: Error calling deferred method: 'Node(anime_look.gd)::_style_late': Cannot convert argument 1 from Object to Object.
[lower-city]    at: _call_function (core/object/message_queue.cpp:220)
[lower-city] ERROR: Error calling deferred method: 'Node(anime_look.gd)::_style_late': Cannot convert argument 1 from Object to Object.
[lower-city]    at: _call_function (core/object/message_queue.cpp:220)
[lower-city] ERROR: Error calling deferred method: 'Node(anime_look.gd)::_style_late': Cannot convert argument 1 from Object to Object.
[lower-city]    at: _call_function (core/object/message_queue.cpp:220)
[lower-city] ERROR: Error calling deferred method: 'Node(anime_look.gd)::_style_late': Cannot convert argument 1 from Object to Object.
[lower-city]    at: _call_function (core/object/message_queue.cpp:220)
[lower-city] ERROR: Error calling deferred method: 'Node(anime_look.gd)::_style_late': Cannot convert argument 1 from Object to Object.
[lower-city]    at: _call_function (core/object/message_queue.cpp:220)
[lower-city] ERROR: Error calling deferred method: 'Node(anime_look.gd)::_style_late': Cannot convert argument 1 from Object to Object.
[lower-city]    at: _call_function (core/object/message_queue.cpp:220)
[lower-city] ERROR: Error calling deferred method: 'Node(anime_look.gd)::_style_late': Cannot convert argument 1 from Object to Object.
[lower-city]    at: _call_function (core/object/message_queue.cpp:220)
[lower-city] ERROR: Error calling deferred method: 'Node(anime_look.gd)::_style_late': Cannot convert argument 1 from Object to Object.
[lower-city]    at: _call_function (core/object/message_queue.cpp:220)
[lower-city] ERROR: Error calling deferred method: 'Node(anime_look.gd)::_style_late': Cannot convert argument 1 from Object to Object.
[lower-city]    at: _call_function (core/object/message_queue.cpp:220)
[lower-city] ERROR: Error calling deferred method: 'Node(anime_look.gd)::_style_late': Cannot convert argument 1 from Object to Object.
[lower-city]    at: _call_function (core/object/message_queue.cpp:220)
[lower-city] ERROR: Error calling deferred method: 'Node(anime_look.gd)::_style_late': Cannot convert argument 1 from Object to Object.
[lower-city]    at: _call_function (core/object/message_queue.cpp:220)
[lower-city] ERROR: Error calling deferred method: 'Node(anime_look.gd)::_style_late': Cannot convert argument 1 from Object to Object.
[lower-city]    at: _call_function (core/object/message_queue.cpp:220)
[lower-city] ERROR: Error calling deferred method: 'Node(anime_look.gd)::_style_late': Cannot convert argument 1 from Object to Object.
[lower-city]    at: _call_function (core/object/message_queue.cpp:220)
[lower-city] ERROR: Error calling deferred method: 'Node(anime_look.gd)::_style_late': Cannot convert argument 1 from Object to Object.
[lower-city]    at: _call_function (core/object/message_queue.cpp:220)
[lower-city] ERROR: Error calling deferred method: 'Node(anime_look.gd)::_style_late': Cannot convert argument 1 from Object to Object.
[lower-city]    at: _call_function (core/object/message_queue.cpp:220)
[lower-city] ERROR: Error calling deferred method: 'Node(anime_look.gd)::_style_late': Cannot convert argument 1 from Object to Object.
[lower-city]    at: _call_function (core/object/message_queue.cpp:220)
[lower-city] ERROR: Error calling deferred method: 'Node(anime_look.gd)::_style_late': Cannot convert argument 1 from Object to Object.
[lower-city]    at: _call_function (core/object/message_queue.cpp:220)
[lower-city] ERROR: Error calling deferred method: 'Node(anime_look.gd)::_style_late': Cannot convert argument 1 from Object to Object.
[lower-city]    at: _call_function (core/object/message_queue.cpp:220)
[lower-city] ERROR: Error calling deferred method: 'Node(anime_look.gd)::_style_late': Cannot convert argument 1 from Object to Object.
[lower-city]    at: _call_function (core/object/message_queue.cpp:220)
