[menu] Godot Engine v4.7.2.stable.official.ed1daf0bf - https://godotengine.org
[menu] OpenGL API OpenGL ES 3.0 (WebGL 2.0 (OpenGL ES 3.0 Chromium)) - Compatibility - Using Device: WebKit - WebKit WebGL
[menu] Build configuration: Emscripten 4.0.20, single-threaded, no GDExtension support.
[menu] ERROR: Can't open file at path "res://models/props/showa/pole_bare.glb"
[menu]    at: append_from_file (modules/gltf/gltf_document.cpp:7347)
[menu]    GDScript backtrace (most recent call first):
[menu]        [0] _load_glb_mesh (res://scripts/slice/pole_kit_placer.gd:174)
[menu]        [1] _pole_meshes (res://scripts/slice/pole_kit_placer.gd:199)
[menu]        [2] _place_poles (res://scripts/slice/pole_kit_placer.gd:203)
[menu]        [3] _ready (res://scripts/slice/pole_kit_placer.gd:63)
[menu]        [4] prepare (res://scripts/race_loader.gd:66)
[menu] ERROR: POLE_KIT: GLB load failed: res://models/props/showa/pole_bare.glb
[menu]    at: push_error (core/variant/variant_utility.cpp:1023)
[menu]    GDScript backtrace (most recent call first):
[menu]        [0] _load_glb_mesh (res://scripts/slice/pole_kit_placer.gd:175)
[menu]        [1] _pole_meshes (res://scripts/slice/pole_kit_placer.gd:199)
[menu]        [2] _place_poles (res://scripts/slice/pole_kit_placer.gd:203)
[menu]        [3] _ready (res://scripts/slice/pole_kit_placer.gd:63)
[menu]        [4] prepare (res://scripts/race_loader.gd:66)
[menu] ERROR: Can't open file at path "res://models/props/showa/pole_transformer.glb"
[menu]    at: append_from_file (modules/gltf/gltf_document.cpp:7347)
[menu]    GDScript backtrace (most recent call first):
[menu]        [0] _load_glb_mesh (res://scripts/slice/pole_kit_placer.gd:174)
[menu]        [1] _pole_meshes (res://scripts/slice/pole_kit_placer.gd:199)
[menu]        [2] _place_poles (res://scripts/slice/pole_kit_placer.gd:203)
[menu]        [3] _ready (res://scripts/slice/pole_kit_placer.gd:63)
[menu]        [4] prepare (res://scripts/race_loader.gd:66)
[menu] ERROR: POLE_KIT: GLB load failed: res://models/props/showa/pole_transformer.glb
[menu]    at: push_error (core/variant/variant_utility.cpp:1023)
[menu]    GDScript backtrace (most recent call first):
[menu]        [0] _load_glb_mesh (res://scripts/slice/pole_kit_placer.gd:175)
[menu]        [1] _pole_meshes (res://scripts/slice/pole_kit_placer.gd:199)
[menu]        [2] _place_poles (res://scripts/slice/pole_kit_placer.gd:203)
[menu]        [3] _ready (res://scripts/slice/pole_kit_placer.gd:63)
[menu]        [4] prepare (res://scripts/race_loader.gd:66)
[menu] ERROR: Can't open file at path "res://models/props/showa/pole_streetlight.glb"
[menu]    at: append_from_file (modules/gltf/gltf_document.cpp:7347)
[menu]    GDScript backtrace (most recent call first):
[menu]        [0] _load_glb_mesh (res://scripts/slice/pole_kit_placer.gd:174)
[menu]        [1] _pole_meshes (res://scripts/slice/pole_kit_placer.gd:199)
[menu]        [2] _place_poles (res://scripts/slice/pole_kit_placer.gd:203)
[menu]        [3] _ready (res://scripts/slice/pole_kit_placer.gd:63)
[menu]        [4] prepare (res://scripts/race_loader.gd:66)
[menu] ERROR: POLE_KIT: GLB load failed: res://models/props/showa/pole_streetlight.glb
[menu]    at: push_error (core/variant/variant_utility.cpp:1023)
[menu]    GDScript backtrace (most recent call first):
[menu]        [0] _load_glb_mesh (res://scripts/slice/pole_kit_placer.gd:175)
[menu]        [1] _pole_meshes (res://scripts/slice/pole_kit_placer.gd:199)
[menu]        [2] _place_poles (res://scripts/slice/pole_kit_placer.gd:203)
[menu]        [3] _ready (res://scripts/slice/pole_kit_placer.gd:63)
[menu]        [4] prepare (res://scripts/race_loader.gd:66)
[menu] ERROR: Can't open file at path "res://models/props/showa/pole_corner.glb"
[menu]    at: append_from_file (modules/gltf/gltf_document.cpp:7347)
[menu]    GDScript backtrace (most recent call first):
[menu]        [0] _load_glb_mesh (res://scripts/slice/pole_kit_placer.gd:174)
[menu]        [1] _pole_meshes (res://scripts/slice/pole_kit_placer.gd:199)
[menu]        [2] _place_poles (res://scripts/slice/pole_kit_placer.gd:203)
[menu]        [3] _ready (res://scripts/slice/pole_kit_placer.gd:63)
[menu]        [4] prepare (res://scripts/race_loader.gd:66)
[menu] ERROR: POLE_KIT: GLB load failed: res://models/props/showa/pole_corner.glb
[menu]    at: push_error (core/variant/variant_utility.cpp:1023)
[menu]    GDScript backtrace (most recent call first):
[menu]        [0] _load_glb_mesh (res://scripts/slice/pole_kit_placer.gd:175)
[menu]        [1] _pole_meshes (res://scripts/slice/pole_kit_placer.gd:199)
[menu]        [2] _place_poles (res://scripts/slice/pole_kit_placer.gd:203)
[menu]        [3] _ready (res://scripts/slice/pole_kit_placer.gd:63)
[menu]        [4] prepare (res://scripts/race_loader.gd:66)
[menu] POLE_KIT placed=120 poles wires=30144 verts in 77ms
[menu] WARNING: Loaded resource as image file, this will not work on export: 'res://assets/showa/tex/sode_izakaya.png'. Instead, import the image file as an Image resource and load it normally as a resource.
[menu]    at: load_from_file (core/io/image.cpp:2780)
[menu]    GDScript backtrace (most recent call first):
[menu]        [0] _palette (res://scripts/slice/slice_world.gd:158)
[menu]        [1] _ready (res://scripts/slice/slice_world.gd:35)
[menu]        [2] _stage (res://scripts/slice/slice_world.gd:28)
[menu] ERROR: Error opening file 'res://assets/showa/tex/sode_izakaya.png'.
[menu]    at: load_image (core/io/image_loader.cpp:91)
[menu]    GDScript backtrace (most recent call first):
[menu]        [0] _palette (res://scripts/slice/slice_world.gd:158)
[menu]        [1] _ready (res://scripts/slice/slice_world.gd:35)
[menu]        [2] _stage (res://scripts/slice/slice_world.gd:28)
[menu] ERROR: Failed to load image. Error 7
[menu]    at: load_from_file (core/io/image.cpp:2787)
[menu]    GDScript backtrace (most recent call first):
[menu]        [0] _palette (res://scripts/slice/slice_world.gd:158)
[menu]        [1] _ready (res://scripts/slice/slice_world.gd:35)
[menu]        [2] _stage (res://scripts/slice/slice_world.gd:28)
[menu] WARNING: Loaded resource as image file, this will not work on export: 'res://assets/showa/tex/sode_pachinko.png'. Instead, import the image file as an Image resource and load it normally as a resource.
[menu]    at: load_from_file (core/io/image.cpp:2780)
[menu]    GDScript backtrace (most recent call first):
[menu]        [0] _palette (res://scripts/slice/slice_world.gd:158)
[menu]        [1] _ready (res://scripts/slice/slice_world.gd:35)
[menu]        [2] _stage (res://scripts/slice/slice_world.gd:28)
[menu] ERROR: Error opening file 'res://assets/showa/tex/sode_pachinko.png'.
[menu]    at: load_image (core/io/image_loader.cpp:91)
[menu]    GDScript backtrace (most recent call first):
[menu]        [0] _palette (res://scripts/slice/slice_world.gd:158)
[menu]        [1] _ready (res://scripts/slice/slice_world.gd:35)
[menu]        [2] _stage (res://scripts/slice/slice_world.gd:28)
[menu] ERROR: Failed to load image. Error 7
[menu]    at: load_from_file (core/io/image.cpp:2787)
[menu]    GDScript backtrace (most recent call first):
[menu]        [0] _palette (res://scripts/slice/slice_world.gd:158)
[menu]        [1] _ready (res://scripts/slice/slice_world.gd:35)
[menu]        [2] _stage (res://scripts/slice/slice_world.gd:28)
[menu] WARNING: Loaded resource as image file, this will not work on export: 'res://assets/showa/tex/sode_kissaten.png'. Instead, import the image file as an Image resource and load it normally as a resource.
[menu]    at: load_from_file (core/io/image.cpp:2780)
[menu]    GDScript backtrace (most recent call first):
[menu]        [0] _palette (res://scripts/slice/slice_world.gd:158)
[menu]        [1] _ready (res://scripts/slice/slice_world.gd:35)
[menu]        [2] _stage (res://scripts/slice/slice_world.gd:28)
[menu] ERROR: Error opening file 'res://assets/showa/tex/sode_kissaten.png'.
[menu]    at: load_image (core/io/image_loader.cpp:91)
[menu]    GDScript backtrace (most recent call first):
[menu]        [0] _palette (res://scripts/slice/slice_world.gd:158)
[menu]        [1] _ready (res://scripts/slice/slice_world.gd:35)
[menu]        [2] _stage (res://scripts/slice/slice_world.gd:28)
[menu] ERROR: Failed to load image. Error 7
[menu]    at: load_from_file (core/io/image.cpp:2787)
[menu]    GDScript backtrace (most recent call first):
[menu]        [0] _palette (res://scripts/slice/slice_world.gd:158)
[menu]        [1] _ready (res://scripts/slice/slice_world.gd:35)
[menu]        [2] _stage (res://scripts/slice/slice_world.gd:28)
[menu] WARNING: Loaded resource as image file, this will not work on export: 'res://assets/showa/tex/sode_yakkyoku.png'. Instead, import the image file as an Image resource and load it normally as a resource.
[menu]    at: load_from_file (core/io/image.cpp:2780)
[menu]    GDScript backtrace (most recent call first):
[menu]        [0] _palette (res://scripts/slice/slice_world.gd:158)
[menu]        [1] _ready (res://scripts/slice/slice_world.gd:35)
[menu]        [2] _stage (res://scripts/slice/slice_world.gd:28)
[menu] ERROR: Error opening file 'res://assets/showa/tex/sode_yakkyoku.png'.
[menu]    at: load_image (core/io/image_loader.cpp:91)
[menu]    GDScript backtrace (most recent call first):
[menu]        [0] _palette (res://scripts/slice/slice_world.gd:158)
[menu]        [1] _ready (res://scripts/slice/slice_world.gd:35)
[menu]        [2] _stage (res://scripts/slice/slice_world.gd:28)
[menu] ERROR: Failed to load image. Error 7
[menu]    at: load_from_file (core/io/image.cpp:2787)
[menu]    GDScript backtrace (most recent call first):
[menu]        [0] _palette (res://scripts/slice/slice_world.gd:158)
[menu]        [1] _ready (res://scripts/slice/slice_world.gd:35)
[menu]        [2] _stage (res://scripts/slice/slice_world.gd:28)
[menu] WARNING: Loaded resource as image file, this will not work on export: 'res://assets/showa/tex/sode_sushi.png'. Instead, import the image file as an Image resource and load it normally as a resource.
[menu]    at: load_from_file (core/io/image.cpp:2780)
[menu]    GDScript backtrace (most recent call first):
[menu]        [0] _palette (res://scripts/slice/slice_world.gd:158)
[menu]        [1] _ready (res://scripts/slice/slice_world.gd:35)
[menu]        [2] _stage (res://scripts/slice/slice_world.gd:28)
[menu] ERROR: Error opening file 'res://assets/showa/tex/sode_sushi.png'.
[menu]    at: load_image (core/io/image_loader.cpp:91)
[menu]    GDScript backtrace (most recent call first):
[menu]        [0] _palette (res://scripts/slice/slice_world.gd:158)
[menu]        [1] _ready (res://scripts/slice/slice_world.gd:35)
[menu]        [2] _stage (res://scripts/slice/slice_world.gd:28)
[menu] ERROR: Failed to load image. Error 7
[menu]    at: load_from_file (core/io/image.cpp:2787)
[menu]    GDScript backtrace (most recent call first):
[menu]        [0] _palette (res://scripts/slice/slice_world.gd:158)
[menu]        [1] _ready (res://scripts/slice/slice_world.gd:35)
[menu]        [2] _stage (res://scripts/slice/slice_world.gd:28)
[menu] WARNING: Loaded resource as image file, this will not work on export: 'res://assets/showa/tex/sode_sakaya.png'. Instead, import the image file as an Image resource and load it normally as a resource.
[menu]    at: load_from_file (core/io/image.cpp:2780)
[menu]    GDScript backtrace (most recent call first):
[menu]        [0] _palette (res://scripts/slice/slice_world.gd:158)
[menu]        [1] _ready (res://scripts/slice/slice_world.gd:35)
[menu]        [2] _stage (res://scripts/slice/slice_world.gd:28)
[menu] ERROR: Error opening file 'res://assets/showa/tex/sode_sakaya.png'.
[menu]    at: load_image (core/io/image_loader.cpp:91)
[menu]    GDScript backtrace (most recent call first):
[menu]        [0] _palette (res://scripts/slice/slice_world.gd:158)
[menu]        [1] _ready (res://scripts/slice/slice_world.gd:35)
[menu]        [2] _stage (res://scripts/slice/slice_world.gd:28)
[menu] ERROR: Failed to load image. Error 7
[menu]    at: load_from_file (core/io/image.cpp:2787)
[menu]    GDScript backtrace (most recent call first):
[menu]        [0] _palette (res://scripts/slice/slice_world.gd:158)
[menu]        [1] _ready (res://scripts/slice/slice_world.gd:35)
[menu]        [2] _stage (res://scripts/slice/slice_world.gd:28)
[menu] WARNING: Loaded resource as image file, this will not work on export: 'res://assets/showa/tex/sode_tabako.png'. Instead, import the image file as an Image resource and load it normally as a resource.
[menu]    at: load_from_file (core/io/image.cpp:2780)
[menu]    GDScript backtrace (most recent call first):
[menu]        [0] _palette (res://scripts/slice/slice_world.gd:158)
[menu]        [1] _ready (res://scripts/slice/slice_world.gd:35)
[menu]        [2] _stage (res://scripts/slice/slice_world.gd:28)
[menu] ERROR: Error opening file 'res://assets/showa/tex/sode_tabako.png'.
[menu]    at: load_image (core/io/image_loader.cpp:91)
[menu]    GDScript backtrace (most recent call first):
[menu]        [0] _palette (res://scripts/slice/slice_world.gd:158)
[menu]        [1] _ready (res://scripts/slice/slice_world.gd:35)
[menu]        [2] _stage (res://scripts/slice/slice_world.gd:28)
[menu] ERROR: Failed to load image. Error 7
[menu]    at: load_from_file (core/io/image.cpp:2787)
[menu]    GDScript backtrace (most recent call first):
[menu]        [0] _palette (res://scripts/slice/slice_world.gd:158)
[menu]        [1] _ready (res://scripts/slice/slice_world.gd:35)
[menu]        [2] _stage (res://scripts/slice/slice_world.gd:28)
[menu] WARNING: Loaded resource as image file, this will not work on export: 'res://assets/showa/tex/sode_soba.png'. Instead, import the image file as an Image resource and load it normally as a resource.
[menu]    at: load_from_file (core/io/image.cpp:2780)
[menu]    GDScript backtrace (most recent call first):
[menu]        [0] _palette (res://scripts/slice/slice_world.gd:158)
[menu]        [1] _ready (res://scripts/slice/slice_world.gd:35)
[menu]        [2] _stage (res://scripts/slice/slice_world.gd:28)
[menu] ERROR: Error opening file 'res://assets/showa/tex/sode_soba.png'.
[menu]    at: load_image (core/io/image_loader.cpp:91)
[menu]    GDScript backtrace (most recent call first):
[menu]        [0] _palette (res://scripts/slice/slice_world.gd:158)
[menu]        [1] _ready (res://scripts/slice/slice_world.gd:35)
[menu]        [2] _stage (res://scripts/slice/slice_world.gd:28)
[menu] ERROR: Failed to load image. Error 7
[menu]    at: load_from_file (core/io/image.cpp:2787)
[menu]    GDScript backtrace (most recent call first):
[menu]        [0] _palette (res://scripts/slice/slice_world.gd:158)
[menu]        [1] _ready (res://scripts/slice/slice_world.gd:35)
[menu]        [2] _stage (res://scripts/slice/slice_world.gd:28)
[menu] WARNING: Loaded resource as image file, this will not work on export: 'res://assets/showa/tex/enamel_atlas.png'. Instead, import the image file as an Image resource and load it normally as a resource.
[menu]    at: load_from_file (core/io/image.cpp:2780)
[menu]    GDScript backtrace (most recent call first):
[menu]        [0] _palette (res://scripts/slice/slice_world.gd:170)
[menu]        [1] _ready (res://scripts/slice/slice_world.gd:35)
[menu]        [2] _stage (res://scripts/slice/slice_world.gd:28)
[menu] ERROR: Error opening file 'res://assets/showa/tex/enamel_atlas.png'.
[menu]    at: load_image (core/io/image_loader.cpp:91)
[menu]    GDScript backtrace (most recent call first):
[menu]        [0] _palette (res://scripts/slice/slice_world.gd:170)
[menu]        [1] _ready (res://scripts/slice/slice_world.gd:35)
[menu]        [2] _stage (res://scripts/slice/slice_world.gd:28)
[menu] ERROR: Failed to load image. Error 7
[menu]    at: load_from_file (core/io/image.cpp:2787)
[menu]    GDScript backtrace (most recent call first):
[menu]        [0] _palette (res://scripts/slice/slice_world.gd:170)
[menu]        [1] _ready (res://scripts/slice/slice_world.gd:35)
[menu]        [2] _stage (res://scripts/slice/slice_world.gd:28)
[menu] [.WebGL-0x1d9c05eb6800] GL_INVALID_OPERATION: glBlitFramebuffer: Depth/stencil buffer format combination not allowed for blit.
[menu] TDLOAD {"prepare_ms":60724.035,"stages":[{"ms":0.025,"progress":0.7,"stage":"Preparing Tokyo Bay"},{"ms":497.635,"progress":0.72,"stage":"Preparing materials"},{"ms":1151.17,"progress":0.76,"stage":"Laying roads and terrain"},{"ms":1307.53,"progress":0.8,"stage":"Building the bridge"},{"ms":1317.715,"progress":0.83,"stage":"Opening the city streets"},{"ms":1746.39,"progress":0.87,"stage":"Assembling city geometry"},{"ms":1863.845,"progress":0.870143626570916,"stage":"Assembling city geometry"},{"ms":1917.31,"progress":0.870287253141831,"stage":"Assembling city geometry"},{"ms":1967.995,"progress":0.870574506283663,"stage":"Assembling city geometry"},{"ms":2026.05,"progress":0.870718132854578,"stage":"Assembling city geometry"},{"ms":2077.2,"progress":0.871149012567325,"stage":"Assembling city geometry"},{"ms":2130.12,"progress":0.871292639138241,"stage":"Assembling city geometry"},{"ms":2166.78,"progress":0.871436265709156,"stage":"Assembling city geometry"},{"ms":2204.905,"progress":0.871579892280072,"stage":"Assembling city geometry"},{"ms":2226.455,"progress":0.871867145421903,"stage":"Assembling city geometry"},{"ms":2302.245,"progress":0.872010771992819,"stage":"Assembling city geometry"},{"ms":2361.26,"progress":0.872154398563734,"stage":"Assembling city geometry"},{"ms":2400.91,"progress":0.872441651705566,"stage":"Assembling city geometry"},{"ms":2447.155,"progress":0.872585278276481,"stage":"Assembling city geometry"},{"ms":2489.095,"progress":0.872728904847397,"stage":"Assembling city geometry"},{"ms":2538.57,"progress":0.872872531418312,"stage":"Assembling city geometry"},{"ms":2578.095,"progress":0.873016157989228,"stage":"Assembling city geometry"},{"ms":2627.195,"progress":0.873159784560144,"stage":"Assembling city geometry"},{"ms":2666.2,"progress":0.873303411131059,"stage":"Assembling city geometry"},{"ms":2705.97,"progress":0.873447037701975,"stage":"Assembling city geometry"},{"ms":2751.225,"progress":0.873877917414722,"stage":"Assembling city geometry"},{"ms":2793.05,"progress":0.874165170556553,"stage":"Assembling city geometry"},{"ms":2840.09,"progress":0.874308797127469,"stage":"Assembling city geometry"},{"ms":2878.615,"progress":0.874452423698384,"stage":"Assembling city geometry"},{"ms":2925.02,"progress":0.8745960502693,"stage":"Assembling city geometry"},{"ms":2963.09,"progress":0.874739676840215,"stage":"Assembling city geometry"},{"ms":3001.055,"progress":0.874883303411131,"stage":"Assembling city geometry"},{"ms":3043.91,"progress":0.875026929982047,"stage":"Assembling city geometry"},{"ms":3081.88,"progress":0.875170556552962,"stage":"Assembling city geometry"},{"ms":3133.045,"progress":0.875314183123878,"stage":"Assembling city geometry"},{"ms":3169.775,"progress":0.875457809694794,"stage":"Assembling city geometry"},{"ms":3219.23,"progress":0.875601436265709,"stage":"Assembling city geometry"},{"ms":3254.86,"progress":0.875745062836625,"stage":"Assembling city geometry"},{"ms":3294.8,"progress":0.87588868940754,"stage":"Assembling city geometry"},{"ms":3341.245,"progress":0.876032315978456,"stage":"Assembling city geometry"},{"ms":3379.39,"progress":0.876175942549372,"stage":"Assembling city geometry"},{"ms":3428.445,"progress":0.876319569120287,"stage":"Assembling city geometry"},{"ms":3466.875,"progress":0.876463195691203,"stage":"Assembling city geometry"},{"ms":3505.575,"progress":0.876606822262119,"stage":"Assembling city geometry"},{"ms":3548.98,"progress":0.876750448833034,"stage":"Assembling city geometry"},{"ms":3587.43,"progress":0.87689407540395,"stage":"Assembling city geometry"},{"ms":3637.055,"progress":0.877181328545781,"stage":"Assembling city geometry"},{"ms":3675.14,"progress":0.877324955116697,"stage":"Assembling city geometry"},{"ms":3724.755,"progress":0.877468581687612,"stage":"Assembling city geometry"},{"ms":3762.795,"progress":0.877612208258528,"stage":"Assembling city geometry"},{"ms":3804.185,"progress":0.877755834829443,"stage":"Assembling city geometry"},{"ms":3848.025,"progress":0.877899461400359,"stage":"Assembling city geometry"},{"ms":3890.495,"progress":0.87818671454219,"stage":"Assembling city geometry"},{"ms":3941.575,"progress":0.878330341113106,"stage":"Assembling city geometry"},{"ms":3983.65,"progress":0.878473967684022,"stage":"Assembling city geometry"},{"ms":4033.25,"progress":0.878617594254937,"stage":"Assembling city geometry"},{"ms":4074.555,"progress":0.878761220825853,"stage":"Assembling city geometry"},{"ms":4124.98,"progress":0.878904847396768,"stage":"Assembling city geometry"},{"ms":4162.485,"progress":0.879048473967684,"stage":"Assembling city geometry"},{"ms":4206.04,"progress":0.8791921005386,"stage":"Assembling city geometry"},{"ms":4250.775,"progress":0.879335727109515,"stage":"Assembling city geometry"},{"ms":4292.235,"progress":0.879479353680431,"stage":"Assembling city geometry"},{"ms":4342.52,"progress":0.879622980251346,"stage":"Assembling city geometry"},{"ms":4377.49,"progress":0.879766606822262,"stage":"Assembling city geometry"},{"ms":4425.4,"progress":0.879910233393178,"stage":"Assembling city geometry"},{"ms":4466.61,"progress":0.880053859964093,"stage":"Assembling city geometry"},{"ms":4508.09,"progress":0.880197486535009,"stage":"Assembling city geometry"},{"ms":4553.33,"progress":0.880341113105925,"stage":"Assembling city geometry"},{"ms":4595.17,"progress":0.88048473967684,"stage":"Assembling city geometry"},{"ms":4645.995,"progress":0.880628366247756,"stage":"Assembling city geometry"},{"ms":4690.145,"progress":0.880771992818671,"stage":"Assembling city geometry"},{"ms":4738.53,"progress":0.880915619389587,"stage":"Assembling city geometry"},{"ms":4774.77,"progress":0.881059245960503,"stage":"Assembling city geometry"},{"ms":4825.08,"progress":0.881202872531418,"stage":"Assembling city geometry"},{"ms":4861.285,"progress":0.881346499102334,"stage":"Assembling city geometry"},{"ms":4900.445,"progress":0.88149012567325,"stage":"Assembling city geometry"},{"ms":4942.55,"progress":0.881633752244165,"stage":"Assembling city geometry"},{"ms":4978.49,"progress":0.881777378815081,"stage":"Assembling city geometry"},{"ms":5027.34,"progress":0.881921005385996,"stage":"Assembling city geometry"},{"ms":5063.345,"progress":0.882064631956912,"stage":"Assembling city geometry"},{"ms":5100.53,"progress":0.882208258527828,"stage":"Assembling city geometry"},{"ms":5145.79,"progress":0.882351885098743,"stage":"Assembling city geometry"},{"ms":5188.14,"progress":0.882495511669659,"stage":"Assembling city geometry"},{"ms":5246.915,"progress":0.882639138240574,"stage":"Assembling city geometry"},{"ms":5290.82,"progress":0.882926391382406,"stage":"Assembling city geometry"},{"ms":5342.11,"progress":0.883070017953321,"stage":"Assembling city geometry"},{"ms":5385.71,"progress":0.883213644524237,"stage":"Assembling city geometry"},{"ms":5438.385,"progress":0.883357271095153,"stage":"Assembling city geometry"},{"ms":5485.195,"progress":0.883500897666068,"stage":"Assembling city geometry"},{"ms":5548.475,"progress":0.883644524236984,"stage":"Assembling city geometry"},{"ms":5585.895,"progress":0.883788150807899,"stage":"Assembling city geometry"},{"ms":5633.22,"progress":0.883931777378815,"stage":"Assembling city geometry"},{"ms":5673.795,"progress":0.884075403949731,"stage":"Assembling city geometry"},{"ms":5723.69,"progress":0.884362657091562,"stage":"Assembling city geometry"},{"ms":5779.13,"progress":0.887522441651706,"stage":"Assembling city geometry"},{"ms":5815.945,"progress":0.887666068222621,"stage":"Assembling city geometry"},{"ms":5854.805,"progress":0.887953321364452,"stage":"Assembling city geometry"},{"ms":5891.94,"progress":0.888096947935368,"stage":"Assembling city geometry"},{"ms":5940.25,"progress":0.888384201077199,"stage":"Assembling city geometry"},{"ms":5981.825,"progress":0.88867145421903,"stage":"Assembling city geometry"},{"ms":6030.85,"progress":0.888958707360862,"stage":"Assembling city geometry"},{"ms":6071.335,"progress":0.889102333931777,"stage":"Assembling city geometry"},{"ms":6124.635,"progress":0.889245960502693,"stage":"Assembling city geometry"},{"ms":6168.35,"progress":0.889533213644524,"stage":"Assembling city geometry"},{"ms":6226.365,"progress":0.889820466786356,"stage":"Assembling city geometry"},{"ms":6262.445,"progress":0.889964093357271,"stage":"Assembling city geometry"},{"ms":6297.82,"progress":0.890107719928187,"stage":"Assembling city geometry"},{"ms":6339.81,"progress":0.890251346499102,"stage":"Assembling city geometry"},{"ms":6374.52,"progress":0.890538599640934,"stage":"Assembling city geometry"},{"ms":6424.605,"progress":0.890682226211849,"stage":"Assembling city geometry"},{"ms":6460.59,"progress":0.89096947935368,"stage":"Assembling city geometry"},{"ms":6498.87,"progress":0.891256732495512,"stage":"Assembling city geometry"},{"ms":6542.89,"progress":0.891543985637343,"stage":"Assembling city geometry"},{"ms":6578.41,"progress":0.891831238779174,"stage":"Assembling city geometry"},{"ms":6632.515,"progress":0.89197486535009,"stage":"Assembling city geometry"},{"ms":6667.08,"progress":0.892118491921005,"stage":"Assembling city geometry"},{"ms":6705.95,"progress":0.892262118491921,"stage":"Assembling city geometry"},{"ms":6754.92,"progress":0.892549371633752,"stage":"Assembling city geometry"},{"ms":6823.18,"progress":0.892692998204668,"stage":"Assembling city geometry"},{"ms":6867.22,"progress":0.892836624775583,"stage":"Assembling city geometry"},{"ms":6924.06,"progress":0.892980251346499,"stage":"Assembling city geometry"},{"ms":6962.695,"progress":0.893123877917415,"stage":"Assembling city geometry"},{"ms":7003.045,"progress":0.89326750448833,"stage":"Assembling city geometry"},{"ms":7045.495,"progress":0.893411131059246,"stage":"Assembling city geometry"},{"ms":7079.765,"progress":0.893554757630162,"stage":"Assembling city geometry"},{"ms":7128.25,"progress":0.893698384201077,"stage":"Assembling city geometry"},{"ms":7167.85,"progress":0.893842010771993,"stage":"Assembling city geometry"},{"ms":7208.695,"progress":0.893985637342908,"stage":"Assembling city geometry"},{"ms":7254.505,"progress":0.894129263913824,"stage":"Assembling city geometry"},{"ms":7295.315,"progress":0.89427289048474,"stage":"Assembling city geometry"},{"ms":7351.08,"progress":0.894416517055655,"stage":"Assembling city geometry"},{"ms":7395.425,"progress":0.894703770197486,"stage":"Assembling city geometry"},{"ms":7444.48,"progress":0.894847396768402,"stage":"Assembling city geometry"},{"ms":7482.855,"progress":0.895134649910233,"stage":"Assembling city geometry"},{"ms":7533.78,"progress":0.895278276481149,"stage":"Assembling city geometry"},{"ms":7575.145,"progress":0.895421903052065,"stage":"Assembling city geometry"},{"ms":7628.74,"progress":0.895709156193896,"stage":"Assembling city geometry"},{"ms":7667.72,"progress":0.895852782764812,"stage":"Assembling city geometry"},{"ms":7705.02,"progress":0.895996409335727,"stage":"Assembling city geometry"},{"ms":7752.31,"progress":0.896140035906643,"stage":"Assembling city geometry"},{"ms":7789.415,"progress":0.896283662477558,"stage":"Assembling city geometry"},{"ms":7838.78,"progress":0.896427289048474,"stage":"Assembling city geometry"},{"ms":7882.035,"progress":0.89657091561939,"stage":"Assembling city geometry"},{"ms":7938.21,"progress":0.896858168761221,"stage":"Assembling city geometry"},{"ms":7978.24,"progress":0.897145421903052,"stage":"Assembling city geometry"},{"ms":8028.495,"progress":0.897289048473968,"stage":"Assembling city geometry"},{"ms":8069.04,"progress":0.897432675044883,"stage":"Assembling city geometry"},{"ms":8112.48,"progress":0.897719928186715,"stage":"Assembling city geometry"},{"ms":8157.795,"progress":0.898007181328546,"stage":"Assembling city geometry"},{"ms":8199.46,"progress":0.898150807899461,"stage":"Assembling city geometry"},{"ms":8252.955,"progress":0.898294434470377,"stage":"Assembling city geometry"},{"ms":8293.13,"progress":0.898438061041293,"stage":"Assembling city geometry"},{"ms":8344.515,"progress":0.898581687612208,"stage":"Assembling city geometry"},{"ms":8381.35,"progress":0.898725314183124,"stage":"Assembling city geometry"},{"ms":8431.0,"progress":0.898868940754039,"stage":"Assembling city geometry"},{"ms":8472.915,"progress":0.899156193895871,"stage":"Assembling city geometry"},{"ms":8533.85,"progress":0.899299820466786,"stage":"Assembling city geometry"},{"ms":8578.735,"progress":0.899443447037702,"stage":"Assembling city geometry"},{"ms":8633.02,"progress":0.899587073608618,"stage":"Assembling city geometry"},{"ms":8670.8,"progress":0.899730700179533,"stage":"Assembling city geometry"},{"ms":8709.78,"progress":0.899874326750449,"stage":"Assembling city geometry"},{"ms":8753.805,"progress":0.900017953321364,"stage":"Assembling city geometry"},{"ms":8792.745,"progress":0.90016157989228,"stage":"Assembling city geometry"},{"ms":8845.74,"progress":0.900305206463196,"stage":"Assembling city geometry"},{"ms":8883.615,"progress":0.900448833034111,"stage":"Assembling city geometry"},{"ms":8931.565,"progress":0.900592459605027,"stage":"Assembling city geometry"},{"ms":8969.51,"progress":0.900736086175943,"stage":"Assembling city geometry"},{"ms":9008.74,"progress":0.900879712746858,"stage":"Assembling city geometry"},{"ms":9054.09,"progress":0.901023339317774,"stage":"Assembling city geometry"},{"ms":9094.55,"progress":0.901166965888689,"stage":"Assembling city geometry"},{"ms":9141.58,"progress":0.901310592459605,"stage":"Assembling city geometry"},{"ms":9180.845,"progress":0.901454219030521,"stage":"Assembling city geometry"},{"ms":9229.8,"progress":0.901597845601436,"stage":"Assembling city geometry"},{"ms":9264.82,"progress":0.901741472172352,"stage":"Assembling city geometry"},{"ms":9305.17,"progress":0.901885098743267,"stage":"Assembling city geometry"},{"ms":9361.215,"progress":0.902028725314183,"stage":"Assembling city geometry"},{"ms":9403.545,"progress":0.902172351885099,"stage":"Assembling city geometry"},{"ms":9447.88,"progress":0.902315978456014,"stage":"Assembling city geometry"},{"ms":9488.61,"progress":0.90245960502693,"stage":"Assembling city geometry"},{"ms":9539.72,"progress":0.902603231597846,"stage":"Assembling city geometry"},{"ms":9577.92,"progress":0.902746858168761,"stage":"Assembling city geometry"},{"ms":9625.55,"progress":0.902890484739677,"stage":"Assembling city geometry"},{"ms":9663.165,"progress":0.903034111310592,"stage":"Assembling city geometry"},{"ms":9702.29,"progress":0.903177737881508,"stage":"Assembling city geometry"},{"ms":9754.57,"progress":0.903321364452424,"stage":"Assembling city geometry"},{"ms":9792.07,"progress":0.903464991023339,"stage":"Assembling city geometry"},{"ms":9841.225,"progress":0.903608617594255,"stage":"Assembling city geometry"},{"ms":9879.51,"progress":0.903752244165171,"stage":"Assembling city geometry"},{"ms":9929.43,"progress":0.903895870736086,"stage":"Assembling city geometry"},{"ms":9970.825,"progress":0.904039497307002,"stage":"Assembling city geometry"},{"ms":10025.485,"progress":0.904183123877917,"stage":"Assembling city geometry"},{"ms":10063.49,"progress":0.904326750448833,"stage":"Assembling city geometry"},{"ms":10105.77,"progress":0.904470377019749,"stage":"Assembling city geometry"},{"ms":10151.875,"progress":0.904614003590664,"stage":"Assembling city geometry"},{"ms":10230.125,"progress":0.90475763016158,"stage":"Assembling city geometry"},{"ms":10270.105,"progress":0.904901256732496,"stage":"Assembling city geometry"},{"ms":10307.65,"progress":0.905044883303411,"stage":"Assembling city geometry"},{"ms":10346.365,"progress":0.905332136445242,"stage":"Assembling city geometry"},{"ms":10389.78,"progress":0.905475763016158,"stage":"Assembling city geometry"},{"ms":10439.17,"progress":0.905619389587074,"stage":"Assembling city geometry"},{"ms":10475.955,"progress":0.905763016157989,"stage":"Assembling city geometry"},{"ms":10529.165,"progress":0.905906642728905,"stage":"Assembling city geometry"},{"ms":10571.69,"progress":0.90605026929982,"stage":"Assembling city geometry"},{"ms":10628.29,"progress":0.906193895870736,"stage":"Assembling city geometry"},{"ms":10671.215,"progress":0.906337522441652,"stage":"Assembling city geometry"},{"ms":10724.615,"progress":0.906481149012567,"stage":"Assembling city geometry"},{"ms":10763.36,"progress":0.906624775583483,"stage":"Assembling city geometry"},{"ms":10803.705,"progress":0.906768402154399,"stage":"Assembling city geometry"},{"ms":10852.14,"progress":0.906912028725314,"stage":"Assembling city geometry"},{"ms":10896.47,"progress":0.90705565529623,"stage":"Assembling city geometry"},{"ms":10945.865,"progress":0.907199281867145,"stage":"Assembling city geometry"},{"ms":10991.84,"progress":0.907342908438061,"stage":"Assembling city geometry"},{"ms":11049.86,"progress":0.907486535008977,"stage":"Assembling city geometry"},{"ms":11091.245,"progress":0.907630161579892,"stage":"Assembling city geometry"},{"ms":11147.915,"progress":0.907773788150808,"stage":"Assembling city geometry"},{"ms":11191.845,"progress":0.907917414721723,"stage":"Assembling city geometry"},{"ms":11250.88,"progress":0.908061041292639,"stage":"Assembling city geometry"},{"ms":11296.5,"progress":0.908204667863555,"stage":"Assembling city geometry"},{"ms":11353.28,"progress":0.90834829443447,"stage":"Assembling city geometry"},{"ms":11397.185,"progress":0.908491921005386,"stage":"Assembling city geometry"},{"ms":11454.38,"progress":0.908635547576302,"stage":"Assembling city geometry"},{"ms":11501.28,"progress":0.908779174147217,"stage":"Assembling city geometry"},{"ms":11557.035,"progress":0.908922800718133,"stage":"Assembling city geometry"},{"ms":11593.65,"progress":0.909066427289049,"stage":"Assembling city geometry"},{"ms":11659.99,"progress":0.909210053859964,"stage":"Assembling city geometry"},{"ms":11701.135,"progress":0.90935368043088,"stage":"Assembling city geometry"},{"ms":11745.255,"progress":0.909497307001795,"stage":"Assembling city geometry"},{"ms":11785.52,"progress":0.909640933572711,"stage":"Assembling city geometry"},{"ms":11844.225,"progress":0.909784560143627,"stage":"Assembling city geometry"},{"ms":11886.465,"progress":0.909928186714542,"stage":"Assembling city geometry"},{"ms":11940.635,"progress":0.910071813285458,"stage":"Assembling city geometry"},{"ms":11977.51,"progress":0.910215439856373,"stage":"Assembling city geometry"},{"ms":12033.985,"progress":0.910359066427289,"stage":"Assembling city geometry"},{"ms":12074.415,"progress":0.910502692998205,"stage":"Assembling city geometry"},{"ms":12133.725,"progress":0.91064631956912,"stage":"Assembling city geometry"},{"ms":12177.635,"progress":0.910789946140036,"stage":"Assembling city geometry"},{"ms":12230.47,"progress":0.910933572710952,"stage":"Assembling city geometry"},{"ms":12274.875,"progress":0.911077199281867,"stage":"Assembling city geometry"},{"ms":12335.385,"progress":0.911220825852783,"stage":"Assembling city geometry"},{"ms":12376.59,"progress":0.911364452423698,"stage":"Assembling city geometry"},{"ms":12432.405,"progress":0.911508078994614,"stage":"Assembling city geometry"},{"ms":12473.36,"progress":0.91165170556553,"stage":"Assembling city geometry"},{"ms":12529.315,"progress":0.911795332136445,"stage":"Assembling city geometry"},{"ms":12570.05,"progress":0.911938958707361,"stage":"Assembling city geometry"},{"ms":12623.335,"progress":0.912082585278276,"stage":"Assembling city geometry"},{"ms":12661.385,"progress":0.912226211849192,"stage":"Assembling city geometry"},{"ms":12697.09,"progress":0.912369838420108,"stage":"Assembling city geometry"},{"ms":12745.385,"progress":0.912513464991023,"stage":"Assembling city geometry"},{"ms":12786.53,"progress":0.912657091561939,"stage":"Assembling city geometry"},{"ms":12838.835,"progress":0.912800718132855,"stage":"Assembling city geometry"},{"ms":12877.31,"progress":0.91294434470377,"stage":"Assembling city geometry"},{"ms":12924.575,"progress":0.913087971274686,"stage":"Assembling city geometry"},{"ms":12967.035,"progress":0.913231597845601,"stage":"Assembling city geometry"},{"ms":13024.185,"progress":0.913375224416517,"stage":"Assembling city geometry"},{"ms":13063.79,"progress":0.913518850987433,"stage":"Assembling city geometry"},{"ms":13100.56,"progress":0.913806104129264,"stage":"Assembling city geometry"},{"ms":13147.315,"progress":0.914093357271095,"stage":"Assembling city geometry"},{"ms":13184.355,"progress":0.914236983842011,"stage":"Assembling city geometry"},{"ms":13239.22,"progress":0.914524236983842,"stage":"Assembling city geometry"},{"ms":13283.955,"progress":0.914811490125673,"stage":"Assembling city geometry"},{"ms":13335.335,"progress":0.914955116696589,"stage":"Assembling city geometry"},{"ms":13379.295,"progress":0.915385996409336,"stage":"Assembling city geometry"},{"ms":13429.91,"progress":0.915529622980251,"stage":"Assembling city geometry"},{"ms":13470.95,"progress":0.915673249551167,"stage":"Assembling city geometry"},{"ms":13524.81,"progress":0.915816876122083,"stage":"Assembling city geometry"},{"ms":13567.475,"progress":0.915960502692998,"stage":"Assembling city geometry"},{"ms":13608.54,"progress":0.916104129263914,"stage":"Assembling city geometry"},{"ms":13666.33,"progress":0.916247755834829,"stage":"Assembling city geometry"},{"ms":13725.24,"progress":0.916391382405745,"stage":"Assembling city geometry"},{"ms":13763.91,"progress":0.916535008976661,"stage":"Assembling city geometry"},{"ms":13803.755,"progress":0.916678635547576,"stage":"Assembling city geometry"},{"ms":13856.505,"progress":0.916822262118492,"stage":"Assembling city geometry"},{"ms":13898.735,"progress":0.916965888689408,"stage":"Assembling city geometry"},{"ms":13953.255,"progress":0.917109515260323,"stage":"Assembling city geometry"},{"ms":13996.505,"progress":0.917253141831239,"stage":"Assembling city geometry"},{"ms":14050.205,"progress":0.917396768402154,"stage":"Assembling city geometry"},{"ms":14092.025,"progress":0.918114901256732,"stage":"Assembling city geometry"},{"ms":14144.79,"progress":0.918258527827648,"stage":"Assembling city geometry"},{"ms":14185.59,"progress":0.918545780969479,"stage":"Assembling city geometry"},{"ms":14238.73,"progress":0.918689407540395,"stage":"Assembling city geometry"},{"ms":14276.99,"progress":0.918833034111311,"stage":"Assembling city geometry"},{"ms":14329.145,"progress":0.918976660682226,"stage":"Assembling city geometry"},{"ms":14368.425,"progress":0.919120287253142,"stage":"Assembling city geometry"},{"ms":14406.895,"progress":0.919263913824057,"stage":"Assembling city geometry"},{"ms":14456.735,"progress":0.919407540394973,"stage":"Assembling city geometry"},{"ms":14498.91,"progress":0.919694793536804,"stage":"Assembling city geometry"},{"ms":14550.03,"progress":0.91983842010772,"stage":"Assembling city geometry"},{"ms":14591.455,"progress":0.919982046678636,"stage":"Assembling city geometry"},{"ms":14641.345,"progress":0.920125673249551,"stage":"Assembling city geometry"},{"ms":14705.845,"progress":0.920269299820467,"stage":"Assembling city geometry"},{"ms":14745.575,"progress":0.920412926391382,"stage":"Assembling city geometry"},{"ms":14783.73,"progress":0.920556552962298,"stage":"Assembling city geometry"},{"ms":14832.52,"progress":0.920700179533214,"stage":"Assembling city geometry"},{"ms":14866.57,"progress":0.920843806104129,"stage":"Assembling city geometry"},{"ms":14901.335,"progress":0.920987432675045,"stage":"Assembling city geometry"},{"ms":14961.83,"progress":0.921131059245961,"stage":"Assembling city geometry"},{"ms":15031.43,"progress":0.921274685816876,"stage":"Assembling city geometry"},{"ms":15077.325,"progress":0.921418312387792,"stage":"Assembling city geometry"},{"ms":15124.53,"progress":0.921561938958707,"stage":"Assembling city geometry"},{"ms":15167.725,"progress":0.921705565529623,"stage":"Assembling city geometry"},{"ms":15212.715,"progress":0.921849192100539,"stage":"Assembling city geometry"},{"ms":15258.335,"progress":0.92213644524237,"stage":"Assembling city geometry"},{"ms":15295.64,"progress":0.922280071813285,"stage":"Assembling city geometry"},{"ms":15348.955,"progress":0.922423698384201,"stage":"Assembling city geometry"},{"ms":15387.88,"progress":0.922710951526032,"stage":"Assembling city geometry"},{"ms":15440.145,"progress":0.922854578096948,"stage":"Assembling city geometry"},{"ms":15480.15,"progress":0.922998204667864,"stage":"Assembling city geometry"},{"ms":15525.94,"progress":0.923141831238779,"stage":"Assembling city geometry"},{"ms":15559.095,"progress":0.923285457809695,"stage":"Assembling city geometry"},{"ms":15593.74,"progress":0.92342908438061,"stage":"Assembling city geometry"},{"ms":15642.36,"progress":0.923572710951526,"stage":"Assembling city geometry"},{"ms":15682.585,"progress":0.923716337522442,"stage":"Assembling city geometry"},{"ms":15738.005,"progress":0.923859964093357,"stage":"Assembling city geometry"},{"ms":15778.195,"progress":0.924003590664273,"stage":"Assembling city geometry"},{"ms":15828.24,"progress":0.924147217235189,"stage":"Assembling city geometry"},{"ms":15867.635,"progress":0.924290843806104,"stage":"Assembling city geometry"},{"ms":15907.99,"progress":0.92443447037702,"stage":"Assembling city geometry"},{"ms":15963.78,"progress":0.924578096947935,"stage":"Assembling city geometry"},{"ms":16000.335,"progress":0.924721723518851,"stage":"Assembling city geometry"},{"ms":16050.23,"progress":0.924865350089767,"stage":"Assembling city geometry"},{"ms":16085.14,"progress":0.925008976660682,"stage":"Assembling city geometry"},{"ms":16131.13,"progress":0.925152603231598,"stage":"Assembling city geometry"},{"ms":16171.405,"progress":0.925296229802513,"stage":"Assembling city geometry"},{"ms":16224.585,"progress":0.925439856373429,"stage":"Assembling city geometry"},{"ms":16259.925,"progress":0.92572710951526,"stage":"Assembling city geometry"},{"ms":16295.22,"progress":0.925870736086176,"stage":"Assembling city geometry"},{"ms":16343.365,"progress":0.926014362657092,"stage":"Assembling city geometry"},{"ms":16384.8,"progress":0.926157989228007,"stage":"Assembling city geometry"},{"ms":16436.535,"progress":0.926301615798923,"stage":"Assembling city geometry"},{"ms":16493.805,"progress":0.926445242369838,"stage":"Assembling city geometry"},{"ms":16534.795,"progress":0.926588868940754,"stage":"Assembling city geometry"},{"ms":16573.19,"progress":0.92673249551167,"stage":"Assembling city geometry"},{"ms":16615.965,"progress":0.926876122082585,"stage":"Assembling city geometry"},{"ms":16657.535,"progress":0.927019748653501,"stage":"Assembling city geometry"},{"ms":16695.86,"progress":0.927163375224416,"stage":"Assembling city geometry"},{"ms":16741.525,"progress":0.927450628366248,"stage":"Assembling city geometry"},{"ms":16775.34,"progress":0.927594254937163,"stage":"Assembling city geometry"},{"ms":16824.675,"progress":0.927737881508079,"stage":"Assembling city geometry"},{"ms":16858.49,"progress":0.927881508078995,"stage":"Assembling city geometry"},{"ms":16894.225,"progress":0.92802513464991,"stage":"Assembling city geometry"},{"ms":16937.73,"progress":0.928168761220826,"stage":"Assembling city geometry"},{"ms":16975.015,"progress":0.928456014362657,"stage":"Assembling city geometry"},{"ms":17025.42,"progress":0.928599640933573,"stage":"Assembling city geometry"},{"ms":17065.61,"progress":0.928743267504488,"stage":"Assembling city geometry"},{"ms":17104.195,"progress":0.928886894075404,"stage":"Assembling city geometry"},{"ms":17147.555,"progress":0.92903052064632,"stage":"Assembling city geometry"},{"ms":17187.09,"progress":0.929174147217235,"stage":"Assembling city geometry"},{"ms":17233.145,"progress":0.929317773788151,"stage":"Assembling city geometry"},{"ms":17267.985,"progress":0.929461400359066,"stage":"Assembling city geometry"},{"ms":17301.83,"progress":0.929605026929982,"stage":"Assembling city geometry"},{"ms":17345.175,"progress":0.929748653500898,"stage":"Assembling city geometry"},{"ms":17380.04,"progress":0.929892280071813,"stage":"Assembling city geometry"},{"ms":17427.61,"progress":0.930035906642729,"stage":"Assembling city geometry"},{"ms":17476.035,"progress":0.930179533213645,"stage":"Assembling city geometry"},{"ms":17527.145,"progress":0.93032315978456,"stage":"Assembling city geometry"},{"ms":17570.15,"progress":0.930466786355476,"stage":"Assembling city geometry"},{"ms":17623.925,"progress":0.930610412926391,"stage":"Assembling city geometry"},{"ms":17663.59,"progress":0.930754039497307,"stage":"Assembling city geometry"},{"ms":17700.79,"progress":0.930897666068223,"stage":"Assembling city geometry"},{"ms":17743.98,"progress":0.931041292639138,"stage":"Assembling city geometry"},{"ms":17781.3,"progress":0.931184919210054,"stage":"Assembling city geometry"},{"ms":17829.34,"progress":0.931328545780969,"stage":"Assembling city geometry"},{"ms":17871.875,"progress":0.931472172351885,"stage":"Assembling city geometry"},{"ms":17924.49,"progress":0.931615798922801,"stage":"Assembling city geometry"},{"ms":17967.7,"progress":0.931759425493716,"stage":"Assembling city geometry"},{"ms":18005.52,"progress":0.931903052064632,"stage":"Assembling city geometry"},{"ms":18053.105,"progress":0.932046678635548,"stage":"Assembling city geometry"},{"ms":18089.0,"progress":0.932190305206463,"stage":"Assembling city geometry"},{"ms":18137.475,"progress":0.932333931777379,"stage":"Assembling city geometry"},{"ms":18175.145,"progress":0.93262118491921,"stage":"Assembling city geometry"},{"ms":18223.22,"progress":0.932764811490126,"stage":"Assembling city geometry"},{"ms":18266.11,"progress":0.933052064631957,"stage":"Assembling city geometry"},{"ms":18307.36,"progress":0.933195691202872,"stage":"Assembling city geometry"},{"ms":18348.775,"progress":0.933339317773788,"stage":"Assembling city geometry"},{"ms":18387.24,"progress":0.933482944344704,"stage":"Assembling city geometry"},{"ms":18436.41,"progress":0.933626570915619,"stage":"Assembling city geometry"},{"ms":18477.24,"progress":0.933770197486535,"stage":"Assembling city geometry"},{"ms":18529.91,"progress":0.933913824057451,"stage":"Assembling city geometry"},{"ms":18568.735,"progress":0.934057450628366,"stage":"Assembling city geometry"},{"ms":18607.855,"progress":0.934201077199282,"stage":"Assembling city geometry"},{"ms":18657.175,"progress":0.934344703770198,"stage":"Assembling city geometry"},{"ms":18695.65,"progress":0.934488330341113,"stage":"Assembling city geometry"},{"ms":18746.355,"progress":0.934631956912029,"stage":"Assembling city geometry"},{"ms":18791.355,"progress":0.934775583482944,"stage":"Assembling city geometry"},{"ms":18843.525,"progress":0.93491921005386,"stage":"Assembling city geometry"},{"ms":18885.715,"progress":0.935062836624776,"stage":"Assembling city geometry"},{"ms":18932.5,"progress":0.935206463195691,"stage":"Assembling city geometry"},{"ms":18969.31,"progress":0.935350089766607,"stage":"Assembling city geometry"},{"ms":19007.16,"progress":0.935493716337522,"stage":"Assembling city geometry"},{"ms":19051.505,"progress":0.935780969479354,"stage":"Assembling city geometry"},{"ms":19087.39,"progress":0.935924596050269,"stage":"Assembling city geometry"},{"ms":19149.9,"progress":0.936068222621185,"stage":"Assembling city geometry"},{"ms":19200.215,"progress":0.936211849192101,"stage":"Assembling city geometry"},{"ms":19250.765,"progress":0.936355475763016,"stage":"Assembling city geometry"},{"ms":19297.23,"progress":0.936499102333932,"stage":"Assembling city geometry"},{"ms":19352.025,"progress":0.936642728904847,"stage":"Assembling city geometry"},{"ms":19394.505,"progress":0.936786355475763,"stage":"Assembling city geometry"},{"ms":19446.665,"progress":0.936929982046679,"stage":"Assembling city geometry"},{"ms":19489.925,"progress":0.937073608617594,"stage":"Assembling city geometry"},{"ms":19544.695,"progress":0.93721723518851,"stage":"Assembling city geometry"},{"ms":19583.5,"progress":0.937360861759425,"stage":"Assembling city geometry"},{"ms":19634.985,"progress":0.937504488330341,"stage":"Assembling city geometry"},{"ms":19676.26,"progress":0.937648114901257,"stage":"Assembling city geometry"},{"ms":19728.615,"progress":0.937791741472172,"stage":"Assembling city geometry"},{"ms":19767.755,"progress":0.937935368043088,"stage":"Assembling city geometry"},{"ms":19805.61,"progress":0.938222621184919,"stage":"Assembling city geometry"},{"ms":19857.025,"progress":0.938366247755835,"stage":"Assembling city geometry"},{"ms":19904.175,"progress":0.938653500897666,"stage":"Assembling city geometry"},{"ms":19963.74,"progress":0.938797127468582,"stage":"Assembling city geometry"},{"ms":20025.94,"progress":0.938940754039497,"stage":"Assembling city geometry"},{"ms":20085.575,"progress":0.939084380610413,"stage":"Assembling city geometry"},{"ms":20146.45,"progress":0.939228007181329,"stage":"Assembling city geometry"},{"ms":20189.4,"progress":0.939371633752244,"stage":"Assembling city geometry"},{"ms":20236.565,"progress":0.93951526032316,"stage":"Assembling city geometry"},{"ms":20292.515,"progress":0.939658886894075,"stage":"Assembling city geometry"},{"ms":20344.475,"progress":0.939946140035907,"stage":"Assembling city geometry"},{"ms":20389.59,"progress":0.940089766606822,"stage":"Assembling city geometry"},{"ms":20444.5,"progress":0.940233393177738,"stage":"Assembling city geometry"},{"ms":20489.555,"progress":0.940377019748654,"stage":"Assembling city geometry"},{"ms":20541.96,"progress":0.941095152603232,"stage":"Assembling city geometry"},{"ms":20587.35,"progress":0.941238779174147,"stage":"Assembling city geometry"},{"ms":20651.26,"progress":0.941382405745063,"stage":"Assembling city geometry"},{"ms":20697.89,"progress":0.941526032315978,"stage":"Assembling city geometry"},{"ms":20748.6,"progress":0.94181328545781,"stage":"Assembling city geometry"},{"ms":20789.375,"progress":0.941956912028725,"stage":"Assembling city geometry"},{"ms":20846.73,"progress":0.942100538599641,"stage":"Assembling city geometry"},{"ms":20890.6,"progress":0.942387791741472,"stage":"Assembling city geometry"},{"ms":20952.64,"progress":0.942675044883303,"stage":"Assembling city geometry"},{"ms":20998.31,"progress":0.942962298025135,"stage":"Assembling city geometry"},{"ms":21055.355,"progress":0.94310592459605,"stage":"Assembling city geometry"},{"ms":21102.35,"progress":0.943393177737881,"stage":"Assembling city geometry"},{"ms":21122.755,"progress":0.943680430879713,"stage":"Assembling city geometry"},{"ms":21225.02,"progress":0.943967684021544,"stage":"Assembling city geometry"},{"ms":21276.885,"progress":0.944254937163375,"stage":"Assembling city geometry"},{"ms":21334.995,"progress":0.944542190305206,"stage":"Assembling city geometry"},{"ms":21380.42,"progress":0.944685816876122,"stage":"Assembling city geometry"},{"ms":21429.035,"progress":0.944829443447038,"stage":"Assembling city geometry"},{"ms":21492.525,"progress":0.945260323159785,"stage":"Assembling city geometry"},{"ms":21541.36,"progress":0.9454039497307,"stage":"Assembling city geometry"},{"ms":21591.225,"progress":0.945691202872531,"stage":"Assembling city geometry"},{"ms":21648.52,"progress":0.945978456014363,"stage":"Assembling city geometry"},{"ms":21724.24,"progress":0.946265709156194,"stage":"Assembling city geometry"},{"ms":21774.89,"progress":0.94640933572711,"stage":"Assembling city geometry"},{"ms":21835.16,"progress":0.946696588868941,"stage":"Assembling city geometry"},{"ms":21880.92,"progress":0.946840215439856,"stage":"Assembling city geometry"},{"ms":21938.49,"progress":0.946983842010772,"stage":"Assembling city geometry"},{"ms":21985.27,"progress":0.947414721723519,"stage":"Assembling city geometry"},{"ms":22044.86,"progress":0.947558348294435,"stage":"Assembling city geometry"},{"ms":22093.635,"progress":0.94770197486535,"stage":"Assembling city geometry"},{"ms":22150.615,"progress":0.947845601436266,"stage":"Assembling city geometry"},{"ms":22199.965,"progress":0.947989228007181,"stage":"Assembling city geometry"},{"ms":22257.175,"progress":0.948132854578097,"stage":"Assembling city geometry"},{"ms":22301.53,"progress":0.948276481149013,"stage":"Assembling city geometry"},{"ms":22359.93,"progress":0.948420107719928,"stage":"Assembling city geometry"},{"ms":22404.15,"progress":0.948563734290844,"stage":"Assembling city geometry"},{"ms":22424.945,"progress":0.948707360861759,"stage":"Assembling city geometry"},{"ms":22501.71,"progress":0.948850987432675,"stage":"Assembling city geometry"},{"ms":22557.235,"progress":0.948994614003591,"stage":"Assembling city geometry"},{"ms":22596.33,"progress":0.949138240574506,"stage":"Assembling city geometry"},{"ms":22650.0,"progress":0.949281867145422,"stage":"Assembling city geometry"},{"ms":22694.195,"progress":0.949425493716338,"stage":"Assembling city geometry"},{"ms":22747.11,"progress":0.949569120287253,"stage":"Assembling city geometry"},{"ms":22795.13,"progress":0.949856373429084,"stage":"Assembling city geometry"},{"ms":23516.34,"progress":0.97,"stage":"Warming lights and materials"},{"ms":26927.31,"progress":0.970517857142857,"stage":"Warming lights and materials"},{"ms":33062.005,"progress":0.971035714285714,"stage":"Warming lights and materials"},{"ms":37009.28,"progress":0.971553571428571,"stage":"Warming lights and materials"},{"ms":37438.8,"progress":0.972071428571429,"stage":"Warming lights and materials"},{"ms":37909.14,"progress":0.972589285714286,"stage":"Warming lights and materials"},{"ms":38208.805,"progress":0.973107142857143,"stage":"Warming lights and materials"},{"ms":38437.98,"progress":0.973625,"stage":"Warming lights and materials"},{"ms":38646.125,"progress":0.974142857142857,"stage":"Warming lights and materials"},{"ms":39778.57,"progress":0.974660714285714,"stage":"Warming lights and materials"},{"ms":40801.895,"progress":0.975178571428571,"stage":"Warming lights and materials"},{"ms":41817.53,"progress":0.975696428571429,"stage":"Warming lights and materials"},{"ms":42198.095,"progress":0.976214285714286,"stage":"Warming lights and materials"},{"ms":42592.885,"progress":0.976732142857143,"stage":"Warming lights and materials"},{"ms":42948.785,"progress":0.97725,"stage":"Warming lights and materials"},{"ms":43257.06,"progress":0.977767857142857,"stage":"Warming lights and materials"},{"ms":43625.855,"progress":0.978285714285714,"stage":"Warming lights and materials"},{"ms":44081.525,"progress":0.978803571428571,"stage":"Warming lights and materials"},{"ms":44376.575,"progress":0.979321428571429,"stage":"Warming lights and materials"},{"ms":44723.315,"progress":0.979839285714286,"stage":"Warming lights and materials"},{"ms":44742.645,"progress":0.980357142857143,"stage":"Warming lights and materials"},{"ms":45371.315,"progress":0.980875,"stage":"Warming lights and materials"},{"ms":45817.03,"progress":0.981392857142857,"stage":"Warming lights and materials"},{"ms":46291.115,"progress":0.981910714285714,"stage":"Warming lights and materials"},{"ms":47151.025,"progress":0.982428571428571,"stage":"Warming lights and materials"},{"ms":47195.725,"progress":0.982946428571429,"stage":"Warming traffic models"},{"ms":47546.415,"progress":0.983464285714286,"stage":"Warming traffic models"},{"ms":47934.405,"progress":0.983982142857143,"stage":"Warming traffic models"},{"ms":48367.25,"progress":0.9845,"stage":"Warming traffic models"},{"ms":49509.485,"progress":0.985017857142857,"stage":"Warming traffic models"},{"ms":50246.535,"progress":0.985535714285714,"stage":"Warming traffic models"},{"ms":50593.92,"progress":0.986053571428571,"stage":"Warming traffic models"},{"ms":50925.715,"progress":0.986571428571429,"stage":"Warming traffic models"},{"ms":51303.52,"progress":0.987089285714286,"stage":"Warming traffic models"},{"ms":51672.465,"progress":0.987607142857143,"stage":"Warming traffic models"},{"ms":51992.84,"progress":0.988125,"stage":"Warming traffic models"},{"ms":52323.34,"progress":0.988642857142857,"stage":"Warming traffic models"},{"ms":52647.065,"progress":0.989160714285714,"stage":"Warming traffic models"},{"ms":52972.95,"progress":0.989678571428571,"stage":"Warming traffic models"},{"ms":53297.08,"progress":0.990196428571429,"stage":"Warming traffic models"},{"ms":53643.78,"progress":0.990714285714286,"stage":"Warming traffic models"},{"ms":54072.88,"progress":0.991232142857143,"stage":"Warming traffic models"},{"ms":54564.875,"progress":0.99175,"stage":"Warming traffic models"},{"ms":55051.625,"progress":0.992267857142857,"stage":"Warming traffic models"},{"ms":55589.97,"progress":0.992785714285714,"stage":"Warming traffic models"},{"ms":56097.085,"progress":0.993303571428571,"stage":"Warming traffic models"},{"ms":56567.25,"progress":0.993821428571429,"stage":"Warming traffic models"},{"ms":57014.845,"progress":0.994339285714286,"stage":"Warming traffic models"},{"ms":57441.71,"progress":0.994857142857143,"stage":"Warming traffic models"},{"ms":57837.895,"progress":0.995375,"stage":"Warming lights and materials"},{"ms":58264.665,"progress":0.995892857142857,"stage":"Warming lights and materials"},{"ms":58648.615,"progress":0.996410714285714,"stage":"Warming lights and materials"},{"ms":59032.64,"progress":0.996928571428571,"stage":"Warming lights and materials"},{"ms":60719.26,"progress":0.999,"stage":"Warming countdown and HUD"},{"ms":60723.72,"progress":1.0,"stage":"Ready to race"}]}
[menu] WARNING: This control can't grab focus. Use set_focus_mode() and set_focus_behavior_recursive() to allow a control to get focus.
[menu]    at: grab_focus (scene/gui/control.cpp:3011)
[menu]    GDScript backtrace (most recent call first):
[menu]        [0] _ready (res://scripts/main_menu.gd:61)
[menu]        [1] prepare (res://scripts/race_loader.gd:147)
[menu]        [2] warm_entry_ui (res://scripts/slice/slice_race.gd:90)
[lower-city] WARNING: 'res://scenes/cop_car.tscn': In external resource #0, invalid UID: 'uid://bv1a8jlijkcus' - using text path instead: 'res://scripts/cop_car.gd'.
[lower-city]    at: open (core/io/resource_format_binary.cpp:1028)
[lower-city]    GDScript backtrace (most recent call first):
[lower-city]        [0] _on_lower_city (res://scripts/main_menu.gd:219)
[lower-city] WARNING: 'res://scenes/city_traffic.tscn': In external resource #0, invalid UID: 'uid://csayqyhd8g7ou' - using text path instead: 'res://scripts/traffic/city_traffic.gd'.
[lower-city]    at: open (core/io/resource_format_binary.cpp:1028)
[lower-city]    GDScript backtrace (most recent call first):
[lower-city]        [0] _spawn_traffic (res://scripts/lower_city/lower_city.gd:173)
[lower-city]        [1] _ready (res://scripts/lower_city/lower_city.gd:49)
[lower-city] WARNING: 'res://scenes/cop_manager.tscn': In external resource #0, invalid UID: 'uid://2puw7wpup7hw' - using text path instead: 'res://scripts/cop_manager.gd'.
[lower-city]    at: open (core/io/resource_format_binary.cpp:1028)
[lower-city]    GDScript backtrace (most recent call first):
[lower-city]        [0] _spawn_cops (res://scripts/lower_city/lower_city.gd:195)
[lower-city]        [1] _ready (res://scripts/lower_city/lower_city.gd:50)
[lower-city] ERROR: Error calling deferred method: 'Node(anime_look.gd)::_style_late': Cannot convert argument 1 from Object to Object.
[lower-city]    at: _call_function (core/object/message_queue.cpp:220)
[lower-city] ERROR: Error calling deferred method: 'Node(anime_look.gd)::_style_late': Cannot convert argument 1 from Object to Object.
[lower-city]    at: _call_function (core/object/message_queue.cpp:220)
[lower-city] ERROR: Error calling deferred method: 'Node(anime_look.gd)::_style_late': Cannot convert argument 1 from Object to Object.
[lower-city]    at: _call_function (core/object/message_queue.cpp:220)
[lower-city] ERROR: Error calling deferred method: 'Node(anime_look.gd)::_style_late': Cannot convert argument 1 from Object to Object.
[lower-city]    at: _call_function (core/object/message_queue.cpp:220)
[lower-city] ERROR: Error calling deferred method: 'Node(anime_look.gd)::_style_late': Cannot convert argument 1 from Object to Object.
[lower-city]    at: _call_function (core/object/message_queue.cpp:220)
[lower-city] ERROR: Error calling deferred method: 'Node(anime_look.gd)::_style_late': Cannot convert argument 1 from Object to Object.
[lower-city]    at: _call_function (core/object/message_queue.cpp:220)
[lower-city] ERROR: Error calling deferred method: 'Node(anime_look.gd)::_style_late': Cannot convert argument 1 from Object to Object.
[lower-city]    at: _call_function (core/object/message_queue.cpp:220)
[lower-city] ERROR: Error calling deferred method: 'Node(anime_look.gd)::_style_late': Cannot convert argument 1 from Object to Object.
[lower-city]    at: _call_function (core/object/message_queue.cpp:220)
[lower-city] ERROR: Error calling deferred method: 'Node(anime_look.gd)::_style_late': Cannot convert argument 1 from Object to Object.
[lower-city]    at: _call_function (core/object/message_queue.cpp:220)
[lower-city] ERROR: Error calling deferred method: 'Node(anime_look.gd)::_style_late': Cannot convert argument 1 from Object to Object.
[lower-city]    at: _call_function (core/object/message_queue.cpp:220)
[lower-city] ERROR: Error calling deferred method: 'Node(anime_look.gd)::_style_late': Cannot convert argument 1 from Object to Object.
[lower-city]    at: _call_function (core/object/message_queue.cpp:220)
[lower-city] ERROR: Error calling deferred method: 'Node(anime_look.gd)::_style_late': Cannot convert argument 1 from Object to Object.
[lower-city]    at: _call_function (core/object/message_queue.cpp:220)
[lower-city] ERROR: Error calling deferred method: 'Node(anime_look.gd)::_style_late': Cannot convert argument 1 from Object to Object.
[lower-city]    at: _call_function (core/object/message_queue.cpp:220)
[lower-city] ERROR: Error calling deferred method: 'Node(anime_look.gd)::_style_late': Cannot convert argument 1 from Object to Object.
[lower-city]    at: _call_function (core/object/message_queue.cpp:220)
[lower-city] ERROR: Error calling deferred method: 'Node(anime_look.gd)::_style_late': Cannot convert argument 1 from Object to Object.
[lower-city]    at: _call_function (core/object/message_queue.cpp:220)
[lower-city] ERROR: Error calling deferred method: 'Node(anime_look.gd)::_style_late': Cannot convert argument 1 from Object to Object.
[lower-city]    at: _call_function (core/object/message_queue.cpp:220)
[lower-city] ERROR: Error calling deferred method: 'Node(anime_look.gd)::_style_late': Cannot convert argument 1 from Object to Object.
[lower-city]    at: _call_function (core/object/message_queue.cpp:220)
[lower-city] ERROR: Error calling deferred method: 'Node(anime_look.gd)::_style_late': Cannot convert argument 1 from Object to Object.
[lower-city]    at: _call_function (core/object/message_queue.cpp:220)
[lower-city] ERROR: Error calling deferred method: 'Node(anime_look.gd)::_style_late': Cannot convert argument 1 from Object to Object.
[lower-city]    at: _call_function (core/object/message_queue.cpp:220)
[lower-city] ERROR: Error calling deferred method: 'Node(anime_look.gd)::_style_late': Cannot convert argument 1 from Object to Object.
[lower-city]    at: _call_function (core/object/message_queue.cpp:220)
[lower-city] ERROR: Error calling deferred method: 'Node(anime_look.gd)::_style_late': Cannot convert argument 1 from Object to Object.
[lower-city]    at: _call_function (core/object/message_queue.cpp:220)
[lower-city] ERROR: Error calling deferred method: 'Node(anime_look.gd)::_style_late': Cannot convert argument 1 from Object to Object.
[lower-city]    at: _call_function (core/object/message_queue.cpp:220)
