[menu] Godot Engine v4.7.2.stable.official.ed1daf0bf - https://godotengine.org
[menu] OpenGL API OpenGL ES 3.0 (WebGL 2.0 (OpenGL ES 3.0 Chromium)) - Compatibility - Using Device: WebKit - WebKit WebGL
[menu] Build configuration: Emscripten 4.0.20, single-threaded, no GDExtension support.
[menu] ERROR: Can't open file at path "res://models/props/showa/pole_bare.glb"
[menu]    at: append_from_file (modules/gltf/gltf_document.cpp:7347)
[menu]    GDScript backtrace (most recent call first):
[menu]        [0] _load_glb_mesh (res://scripts/slice/pole_kit_placer.gd:174)
[menu]        [1] _pole_meshes (res://scripts/slice/pole_kit_placer.gd:199)
[menu]        [2] _place_poles (res://scripts/slice/pole_kit_placer.gd:203)
[menu]        [3] _ready (res://scripts/slice/pole_kit_placer.gd:63)
[menu]        [4] prepare (res://scripts/race_loader.gd:66)
[menu] ERROR: POLE_KIT: GLB load failed: res://models/props/showa/pole_bare.glb
[menu]    at: push_error (core/variant/variant_utility.cpp:1023)
[menu]    GDScript backtrace (most recent call first):
[menu]        [0] _load_glb_mesh (res://scripts/slice/pole_kit_placer.gd:175)
[menu]        [1] _pole_meshes (res://scripts/slice/pole_kit_placer.gd:199)
[menu]        [2] _place_poles (res://scripts/slice/pole_kit_placer.gd:203)
[menu]        [3] _ready (res://scripts/slice/pole_kit_placer.gd:63)
[menu]        [4] prepare (res://scripts/race_loader.gd:66)
[menu] ERROR: Can't open file at path "res://models/props/showa/pole_transformer.glb"
[menu]    at: append_from_file (modules/gltf/gltf_document.cpp:7347)
[menu]    GDScript backtrace (most recent call first):
[menu]        [0] _load_glb_mesh (res://scripts/slice/pole_kit_placer.gd:174)
[menu]        [1] _pole_meshes (res://scripts/slice/pole_kit_placer.gd:199)
[menu]        [2] _place_poles (res://scripts/slice/pole_kit_placer.gd:203)
[menu]        [3] _ready (res://scripts/slice/pole_kit_placer.gd:63)
[menu]        [4] prepare (res://scripts/race_loader.gd:66)
[menu] ERROR: POLE_KIT: GLB load failed: res://models/props/showa/pole_transformer.glb
[menu]    at: push_error (core/variant/variant_utility.cpp:1023)
[menu]    GDScript backtrace (most recent call first):
[menu]        [0] _load_glb_mesh (res://scripts/slice/pole_kit_placer.gd:175)
[menu]        [1] _pole_meshes (res://scripts/slice/pole_kit_placer.gd:199)
[menu]        [2] _place_poles (res://scripts/slice/pole_kit_placer.gd:203)
[menu]        [3] _ready (res://scripts/slice/pole_kit_placer.gd:63)
[menu]        [4] prepare (res://scripts/race_loader.gd:66)
[menu] ERROR: Can't open file at path "res://models/props/showa/pole_streetlight.glb"
[menu]    at: append_from_file (modules/gltf/gltf_document.cpp:7347)
[menu]    GDScript backtrace (most recent call first):
[menu]        [0] _load_glb_mesh (res://scripts/slice/pole_kit_placer.gd:174)
[menu]        [1] _pole_meshes (res://scripts/slice/pole_kit_placer.gd:199)
[menu]        [2] _place_poles (res://scripts/slice/pole_kit_placer.gd:203)
[menu]        [3] _ready (res://scripts/slice/pole_kit_placer.gd:63)
[menu]        [4] prepare (res://scripts/race_loader.gd:66)
[menu] ERROR: POLE_KIT: GLB load failed: res://models/props/showa/pole_streetlight.glb
[menu]    at: push_error (core/variant/variant_utility.cpp:1023)
[menu]    GDScript backtrace (most recent call first):
[menu]        [0] _load_glb_mesh (res://scripts/slice/pole_kit_placer.gd:175)
[menu]        [1] _pole_meshes (res://scripts/slice/pole_kit_placer.gd:199)
[menu]        [2] _place_poles (res://scripts/slice/pole_kit_placer.gd:203)
[menu]        [3] _ready (res://scripts/slice/pole_kit_placer.gd:63)
[menu]        [4] prepare (res://scripts/race_loader.gd:66)
[menu] ERROR: Can't open file at path "res://models/props/showa/pole_corner.glb"
[menu]    at: append_from_file (modules/gltf/gltf_document.cpp:7347)
[menu]    GDScript backtrace (most recent call first):
[menu]        [0] _load_glb_mesh (res://scripts/slice/pole_kit_placer.gd:174)
[menu]        [1] _pole_meshes (res://scripts/slice/pole_kit_placer.gd:199)
[menu]        [2] _place_poles (res://scripts/slice/pole_kit_placer.gd:203)
[menu]        [3] _ready (res://scripts/slice/pole_kit_placer.gd:63)
[menu]        [4] prepare (res://scripts/race_loader.gd:66)
[menu] ERROR: POLE_KIT: GLB load failed: res://models/props/showa/pole_corner.glb
[menu]    at: push_error (core/variant/variant_utility.cpp:1023)
[menu]    GDScript backtrace (most recent call first):
[menu]        [0] _load_glb_mesh (res://scripts/slice/pole_kit_placer.gd:175)
[menu]        [1] _pole_meshes (res://scripts/slice/pole_kit_placer.gd:199)
[menu]        [2] _place_poles (res://scripts/slice/pole_kit_placer.gd:203)
[menu]        [3] _ready (res://scripts/slice/pole_kit_placer.gd:63)
[menu]        [4] prepare (res://scripts/race_loader.gd:66)
[menu] POLE_KIT placed=120 poles wires=30144 verts in 59ms
[menu] WARNING: Loaded resource as image file, this will not work on export: 'res://assets/showa/tex/sode_izakaya.png'. Instead, import the image file as an Image resource and load it normally as a resource.
[menu]    at: load_from_file (core/io/image.cpp:2780)
[menu]    GDScript backtrace (most recent call first):
[menu]        [0] _palette (res://scripts/slice/slice_world.gd:158)
[menu]        [1] _ready (res://scripts/slice/slice_world.gd:35)
[menu]        [2] _stage (res://scripts/slice/slice_world.gd:28)
[menu] ERROR: Error opening file 'res://assets/showa/tex/sode_izakaya.png'.
[menu]    at: load_image (core/io/image_loader.cpp:91)
[menu]    GDScript backtrace (most recent call first):
[menu]        [0] _palette (res://scripts/slice/slice_world.gd:158)
[menu]        [1] _ready (res://scripts/slice/slice_world.gd:35)
[menu]        [2] _stage (res://scripts/slice/slice_world.gd:28)
[menu] ERROR: Failed to load image. Error 7
[menu]    at: load_from_file (core/io/image.cpp:2787)
[menu]    GDScript backtrace (most recent call first):
[menu]        [0] _palette (res://scripts/slice/slice_world.gd:158)
[menu]        [1] _ready (res://scripts/slice/slice_world.gd:35)
[menu]        [2] _stage (res://scripts/slice/slice_world.gd:28)
[menu] WARNING: Loaded resource as image file, this will not work on export: 'res://assets/showa/tex/sode_pachinko.png'. Instead, import the image file as an Image resource and load it normally as a resource.
[menu]    at: load_from_file (core/io/image.cpp:2780)
[menu]    GDScript backtrace (most recent call first):
[menu]        [0] _palette (res://scripts/slice/slice_world.gd:158)
[menu]        [1] _ready (res://scripts/slice/slice_world.gd:35)
[menu]        [2] _stage (res://scripts/slice/slice_world.gd:28)
[menu] ERROR: Error opening file 'res://assets/showa/tex/sode_pachinko.png'.
[menu]    at: load_image (core/io/image_loader.cpp:91)
[menu]    GDScript backtrace (most recent call first):
[menu]        [0] _palette (res://scripts/slice/slice_world.gd:158)
[menu]        [1] _ready (res://scripts/slice/slice_world.gd:35)
[menu]        [2] _stage (res://scripts/slice/slice_world.gd:28)
[menu] ERROR: Failed to load image. Error 7
[menu]    at: load_from_file (core/io/image.cpp:2787)
[menu]    GDScript backtrace (most recent call first):
[menu]        [0] _palette (res://scripts/slice/slice_world.gd:158)
[menu]        [1] _ready (res://scripts/slice/slice_world.gd:35)
[menu]        [2] _stage (res://scripts/slice/slice_world.gd:28)
[menu] WARNING: Loaded resource as image file, this will not work on export: 'res://assets/showa/tex/sode_kissaten.png'. Instead, import the image file as an Image resource and load it normally as a resource.
[menu]    at: load_from_file (core/io/image.cpp:2780)
[menu]    GDScript backtrace (most recent call first):
[menu]        [0] _palette (res://scripts/slice/slice_world.gd:158)
[menu]        [1] _ready (res://scripts/slice/slice_world.gd:35)
[menu]        [2] _stage (res://scripts/slice/slice_world.gd:28)
[menu] ERROR: Error opening file 'res://assets/showa/tex/sode_kissaten.png'.
[menu]    at: load_image (core/io/image_loader.cpp:91)
[menu]    GDScript backtrace (most recent call first):
[menu]        [0] _palette (res://scripts/slice/slice_world.gd:158)
[menu]        [1] _ready (res://scripts/slice/slice_world.gd:35)
[menu]        [2] _stage (res://scripts/slice/slice_world.gd:28)
[menu] ERROR: Failed to load image. Error 7
[menu]    at: load_from_file (core/io/image.cpp:2787)
[menu]    GDScript backtrace (most recent call first):
[menu]        [0] _palette (res://scripts/slice/slice_world.gd:158)
[menu]        [1] _ready (res://scripts/slice/slice_world.gd:35)
[menu]        [2] _stage (res://scripts/slice/slice_world.gd:28)
[menu] WARNING: Loaded resource as image file, this will not work on export: 'res://assets/showa/tex/sode_yakkyoku.png'. Instead, import the image file as an Image resource and load it normally as a resource.
[menu]    at: load_from_file (core/io/image.cpp:2780)
[menu]    GDScript backtrace (most recent call first):
[menu]        [0] _palette (res://scripts/slice/slice_world.gd:158)
[menu]        [1] _ready (res://scripts/slice/slice_world.gd:35)
[menu]        [2] _stage (res://scripts/slice/slice_world.gd:28)
[menu] ERROR: Error opening file 'res://assets/showa/tex/sode_yakkyoku.png'.
[menu]    at: load_image (core/io/image_loader.cpp:91)
[menu]    GDScript backtrace (most recent call first):
[menu]        [0] _palette (res://scripts/slice/slice_world.gd:158)
[menu]        [1] _ready (res://scripts/slice/slice_world.gd:35)
[menu]        [2] _stage (res://scripts/slice/slice_world.gd:28)
[menu] ERROR: Failed to load image. Error 7
[menu]    at: load_from_file (core/io/image.cpp:2787)
[menu]    GDScript backtrace (most recent call first):
[menu]        [0] _palette (res://scripts/slice/slice_world.gd:158)
[menu]        [1] _ready (res://scripts/slice/slice_world.gd:35)
[menu]        [2] _stage (res://scripts/slice/slice_world.gd:28)
[menu] WARNING: Loaded resource as image file, this will not work on export: 'res://assets/showa/tex/sode_sushi.png'. Instead, import the image file as an Image resource and load it normally as a resource.
[menu]    at: load_from_file (core/io/image.cpp:2780)
[menu]    GDScript backtrace (most recent call first):
[menu]        [0] _palette (res://scripts/slice/slice_world.gd:158)
[menu]        [1] _ready (res://scripts/slice/slice_world.gd:35)
[menu]        [2] _stage (res://scripts/slice/slice_world.gd:28)
[menu] ERROR: Error opening file 'res://assets/showa/tex/sode_sushi.png'.
[menu]    at: load_image (core/io/image_loader.cpp:91)
[menu]    GDScript backtrace (most recent call first):
[menu]        [0] _palette (res://scripts/slice/slice_world.gd:158)
[menu]        [1] _ready (res://scripts/slice/slice_world.gd:35)
[menu]        [2] _stage (res://scripts/slice/slice_world.gd:28)
[menu] ERROR: Failed to load image. Error 7
[menu]    at: load_from_file (core/io/image.cpp:2787)
[menu]    GDScript backtrace (most recent call first):
[menu]        [0] _palette (res://scripts/slice/slice_world.gd:158)
[menu]        [1] _ready (res://scripts/slice/slice_world.gd:35)
[menu]        [2] _stage (res://scripts/slice/slice_world.gd:28)
[menu] WARNING: Loaded resource as image file, this will not work on export: 'res://assets/showa/tex/sode_sakaya.png'. Instead, import the image file as an Image resource and load it normally as a resource.
[menu]    at: load_from_file (core/io/image.cpp:2780)
[menu]    GDScript backtrace (most recent call first):
[menu]        [0] _palette (res://scripts/slice/slice_world.gd:158)
[menu]        [1] _ready (res://scripts/slice/slice_world.gd:35)
[menu]        [2] _stage (res://scripts/slice/slice_world.gd:28)
[menu] ERROR: Error opening file 'res://assets/showa/tex/sode_sakaya.png'.
[menu]    at: load_image (core/io/image_loader.cpp:91)
[menu]    GDScript backtrace (most recent call first):
[menu]        [0] _palette (res://scripts/slice/slice_world.gd:158)
[menu]        [1] _ready (res://scripts/slice/slice_world.gd:35)
[menu]        [2] _stage (res://scripts/slice/slice_world.gd:28)
[menu] ERROR: Failed to load image. Error 7
[menu]    at: load_from_file (core/io/image.cpp:2787)
[menu]    GDScript backtrace (most recent call first):
[menu]        [0] _palette (res://scripts/slice/slice_world.gd:158)
[menu]        [1] _ready (res://scripts/slice/slice_world.gd:35)
[menu]        [2] _stage (res://scripts/slice/slice_world.gd:28)
[menu] WARNING: Loaded resource as image file, this will not work on export: 'res://assets/showa/tex/sode_tabako.png'. Instead, import the image file as an Image resource and load it normally as a resource.
[menu]    at: load_from_file (core/io/image.cpp:2780)
[menu]    GDScript backtrace (most recent call first):
[menu]        [0] _palette (res://scripts/slice/slice_world.gd:158)
[menu]        [1] _ready (res://scripts/slice/slice_world.gd:35)
[menu]        [2] _stage (res://scripts/slice/slice_world.gd:28)
[menu] ERROR: Error opening file 'res://assets/showa/tex/sode_tabako.png'.
[menu]    at: load_image (core/io/image_loader.cpp:91)
[menu]    GDScript backtrace (most recent call first):
[menu]        [0] _palette (res://scripts/slice/slice_world.gd:158)
[menu]        [1] _ready (res://scripts/slice/slice_world.gd:35)
[menu]        [2] _stage (res://scripts/slice/slice_world.gd:28)
[menu] ERROR: Failed to load image. Error 7
[menu]    at: load_from_file (core/io/image.cpp:2787)
[menu]    GDScript backtrace (most recent call first):
[menu]        [0] _palette (res://scripts/slice/slice_world.gd:158)
[menu]        [1] _ready (res://scripts/slice/slice_world.gd:35)
[menu]        [2] _stage (res://scripts/slice/slice_world.gd:28)
[menu] WARNING: Loaded resource as image file, this will not work on export: 'res://assets/showa/tex/sode_soba.png'. Instead, import the image file as an Image resource and load it normally as a resource.
[menu]    at: load_from_file (core/io/image.cpp:2780)
[menu]    GDScript backtrace (most recent call first):
[menu]        [0] _palette (res://scripts/slice/slice_world.gd:158)
[menu]        [1] _ready (res://scripts/slice/slice_world.gd:35)
[menu]        [2] _stage (res://scripts/slice/slice_world.gd:28)
[menu] ERROR: Error opening file 'res://assets/showa/tex/sode_soba.png'.
[menu]    at: load_image (core/io/image_loader.cpp:91)
[menu]    GDScript backtrace (most recent call first):
[menu]        [0] _palette (res://scripts/slice/slice_world.gd:158)
[menu]        [1] _ready (res://scripts/slice/slice_world.gd:35)
[menu]        [2] _stage (res://scripts/slice/slice_world.gd:28)
[menu] ERROR: Failed to load image. Error 7
[menu]    at: load_from_file (core/io/image.cpp:2787)
[menu]    GDScript backtrace (most recent call first):
[menu]        [0] _palette (res://scripts/slice/slice_world.gd:158)
[menu]        [1] _ready (res://scripts/slice/slice_world.gd:35)
[menu]        [2] _stage (res://scripts/slice/slice_world.gd:28)
[menu] WARNING: Loaded resource as image file, this will not work on export: 'res://assets/showa/tex/enamel_atlas.png'. Instead, import the image file as an Image resource and load it normally as a resource.
[menu]    at: load_from_file (core/io/image.cpp:2780)
[menu]    GDScript backtrace (most recent call first):
[menu]        [0] _palette (res://scripts/slice/slice_world.gd:170)
[menu]        [1] _ready (res://scripts/slice/slice_world.gd:35)
[menu]        [2] _stage (res://scripts/slice/slice_world.gd:28)
[menu] ERROR: Error opening file 'res://assets/showa/tex/enamel_atlas.png'.
[menu]    at: load_image (core/io/image_loader.cpp:91)
[menu]    GDScript backtrace (most recent call first):
[menu]        [0] _palette (res://scripts/slice/slice_world.gd:170)
[menu]        [1] _ready (res://scripts/slice/slice_world.gd:35)
[menu]        [2] _stage (res://scripts/slice/slice_world.gd:28)
[menu] ERROR: Failed to load image. Error 7
[menu]    at: load_from_file (core/io/image.cpp:2787)
[menu]    GDScript backtrace (most recent call first):
[menu]        [0] _palette (res://scripts/slice/slice_world.gd:170)
[menu]        [1] _ready (res://scripts/slice/slice_world.gd:35)
[menu]        [2] _stage (res://scripts/slice/slice_world.gd:28)
[menu] [.WebGL-0x213c0545e800] GL_INVALID_OPERATION: glBlitFramebuffer: Depth/stencil buffer format combination not allowed for blit.
[menu] TDLOAD {"prepare_ms":62408.07,"stages":[{"ms":0.045,"progress":0.7,"stage":"Preparing Tokyo Bay"},{"ms":387.945,"progress":0.72,"stage":"Preparing materials"},{"ms":849.29,"progress":0.76,"stage":"Laying roads and terrain"},{"ms":961.89,"progress":0.8,"stage":"Building the bridge"},{"ms":971.06,"progress":0.83,"stage":"Opening the city streets"},{"ms":1461.915,"progress":0.87,"stage":"Assembling city geometry"},{"ms":1599.625,"progress":0.870143626570916,"stage":"Assembling city geometry"},{"ms":1651.055,"progress":0.870287253141831,"stage":"Assembling city geometry"},{"ms":1708.62,"progress":0.870430879712747,"stage":"Assembling city geometry"},{"ms":1770.135,"progress":0.870718132854578,"stage":"Assembling city geometry"},{"ms":1840.22,"progress":0.870861759425494,"stage":"Assembling city geometry"},{"ms":1879.375,"progress":0.871005385996409,"stage":"Assembling city geometry"},{"ms":1930.735,"progress":0.871149012567325,"stage":"Assembling city geometry"},{"ms":1970.655,"progress":0.871292639138241,"stage":"Assembling city geometry"},{"ms":2026.68,"progress":0.871436265709156,"stage":"Assembling city geometry"},{"ms":2075.63,"progress":0.871579892280072,"stage":"Assembling city geometry"},{"ms":2131.765,"progress":0.871723518850987,"stage":"Assembling city geometry"},{"ms":2179.57,"progress":0.871867145421903,"stage":"Assembling city geometry"},{"ms":2234.095,"progress":0.872010771992819,"stage":"Assembling city geometry"},{"ms":2274.255,"progress":0.872154398563734,"stage":"Assembling city geometry"},{"ms":2330.685,"progress":0.87229802513465,"stage":"Assembling city geometry"},{"ms":2370.84,"progress":0.872441651705566,"stage":"Assembling city geometry"},{"ms":2406.76,"progress":0.872585278276481,"stage":"Assembling city geometry"},{"ms":2454.47,"progress":0.872728904847397,"stage":"Assembling city geometry"},{"ms":2500.26,"progress":0.872872531418312,"stage":"Assembling city geometry"},{"ms":2547.855,"progress":0.873016157989228,"stage":"Assembling city geometry"},{"ms":2586.03,"progress":0.873159784560144,"stage":"Assembling city geometry"},{"ms":2628.47,"progress":0.873303411131059,"stage":"Assembling city geometry"},{"ms":2665.17,"progress":0.873447037701975,"stage":"Assembling city geometry"},{"ms":2701.705,"progress":0.87359066427289,"stage":"Assembling city geometry"},{"ms":2744.69,"progress":0.873734290843806,"stage":"Assembling city geometry"},{"ms":2783.98,"progress":0.873877917414722,"stage":"Assembling city geometry"},{"ms":2838.43,"progress":0.874165170556553,"stage":"Assembling city geometry"},{"ms":2877.715,"progress":0.874308797127469,"stage":"Assembling city geometry"},{"ms":2921.93,"progress":0.874452423698384,"stage":"Assembling city geometry"},{"ms":2957.275,"progress":0.8745960502693,"stage":"Assembling city geometry"},{"ms":2992.72,"progress":0.874739676840215,"stage":"Assembling city geometry"},{"ms":3039.42,"progress":0.874883303411131,"stage":"Assembling city geometry"},{"ms":3084.18,"progress":0.875026929982047,"stage":"Assembling city geometry"},{"ms":3136.13,"progress":0.875170556552962,"stage":"Assembling city geometry"},{"ms":3171.47,"progress":0.875314183123878,"stage":"Assembling city geometry"},{"ms":3217.09,"progress":0.875457809694794,"stage":"Assembling city geometry"},{"ms":3255.595,"progress":0.875601436265709,"stage":"Assembling city geometry"},{"ms":3293.055,"progress":0.875745062836625,"stage":"Assembling city geometry"},{"ms":3340.04,"progress":0.87588868940754,"stage":"Assembling city geometry"},{"ms":3376.22,"progress":0.876032315978456,"stage":"Assembling city geometry"},{"ms":3427.205,"progress":0.876175942549372,"stage":"Assembling city geometry"},{"ms":3467.03,"progress":0.876319569120287,"stage":"Assembling city geometry"},{"ms":3523.63,"progress":0.876463195691203,"stage":"Assembling city geometry"},{"ms":3572.1,"progress":0.876750448833034,"stage":"Assembling city geometry"},{"ms":3627.115,"progress":0.877037701974865,"stage":"Assembling city geometry"},{"ms":3671.04,"progress":0.877181328545781,"stage":"Assembling city geometry"},{"ms":3726.295,"progress":0.877324955116697,"stage":"Assembling city geometry"},{"ms":3764.435,"progress":0.877468581687612,"stage":"Assembling city geometry"},{"ms":3804.945,"progress":0.877612208258528,"stage":"Assembling city geometry"},{"ms":3851.42,"progress":0.877755834829443,"stage":"Assembling city geometry"},{"ms":3893.945,"progress":0.877899461400359,"stage":"Assembling city geometry"},{"ms":3949.265,"progress":0.878043087971275,"stage":"Assembling city geometry"},{"ms":3993.33,"progress":0.87818671454219,"stage":"Assembling city geometry"},{"ms":4046.115,"progress":0.878330341113106,"stage":"Assembling city geometry"},{"ms":4088.155,"progress":0.878617594254937,"stage":"Assembling city geometry"},{"ms":4141.145,"progress":0.878761220825853,"stage":"Assembling city geometry"},{"ms":4179.57,"progress":0.878904847396768,"stage":"Assembling city geometry"},{"ms":4233.115,"progress":0.879048473967684,"stage":"Assembling city geometry"},{"ms":4276.96,"progress":0.879335727109515,"stage":"Assembling city geometry"},{"ms":4336.88,"progress":0.879622980251346,"stage":"Assembling city geometry"},{"ms":4381.14,"progress":0.879766606822262,"stage":"Assembling city geometry"},{"ms":4434.95,"progress":0.879910233393178,"stage":"Assembling city geometry"},{"ms":4472.635,"progress":0.880053859964093,"stage":"Assembling city geometry"},{"ms":4519.01,"progress":0.880197486535009,"stage":"Assembling city geometry"},{"ms":4557.86,"progress":0.880341113105925,"stage":"Assembling city geometry"},{"ms":4598.47,"progress":0.88048473967684,"stage":"Assembling city geometry"},{"ms":4650.53,"progress":0.880628366247756,"stage":"Assembling city geometry"},{"ms":4694.39,"progress":0.880771992818671,"stage":"Assembling city geometry"},{"ms":4750.18,"progress":0.880915619389587,"stage":"Assembling city geometry"},{"ms":4788.005,"progress":0.881059245960503,"stage":"Assembling city geometry"},{"ms":4845.065,"progress":0.881202872531418,"stage":"Assembling city geometry"},{"ms":4891.945,"progress":0.881346499102334,"stage":"Assembling city geometry"},{"ms":4948.55,"progress":0.88149012567325,"stage":"Assembling city geometry"},{"ms":4988.36,"progress":0.881777378815081,"stage":"Assembling city geometry"},{"ms":5039.035,"progress":0.881921005385996,"stage":"Assembling city geometry"},{"ms":5072.79,"progress":0.882064631956912,"stage":"Assembling city geometry"},{"ms":5131.675,"progress":0.882208258527828,"stage":"Assembling city geometry"},{"ms":5175.98,"progress":0.882495511669659,"stage":"Assembling city geometry"},{"ms":5226.735,"progress":0.88278276481149,"stage":"Assembling city geometry"},{"ms":5264.77,"progress":0.882926391382406,"stage":"Assembling city geometry"},{"ms":5298.52,"progress":0.883357271095153,"stage":"Assembling city geometry"},{"ms":5341.345,"progress":0.883500897666068,"stage":"Assembling city geometry"},{"ms":5379.95,"progress":0.883788150807899,"stage":"Assembling city geometry"},{"ms":5435.11,"progress":0.883931777378815,"stage":"Assembling city geometry"},{"ms":5484.985,"progress":0.884219030520646,"stage":"Assembling city geometry"},{"ms":5538.75,"progress":0.884362657091562,"stage":"Assembling city geometry"},{"ms":5579.93,"progress":0.884506283662478,"stage":"Assembling city geometry"},{"ms":5633.95,"progress":0.885224416517056,"stage":"Assembling city geometry"},{"ms":5677.93,"progress":0.885368043087971,"stage":"Assembling city geometry"},{"ms":5730.785,"progress":0.885511669658887,"stage":"Assembling city geometry"},{"ms":5770.055,"progress":0.885798922800718,"stage":"Assembling city geometry"},{"ms":5819.245,"progress":0.885942549371634,"stage":"Assembling city geometry"},{"ms":5859.025,"progress":0.886086175942549,"stage":"Assembling city geometry"},{"ms":5929.285,"progress":0.886229802513465,"stage":"Assembling city geometry"},{"ms":5972.44,"progress":0.886373429084381,"stage":"Assembling city geometry"},{"ms":6018.05,"progress":0.886517055655296,"stage":"Assembling city geometry"},{"ms":6058.385,"progress":0.886660682226212,"stage":"Assembling city geometry"},{"ms":6097.89,"progress":0.886804308797127,"stage":"Assembling city geometry"},{"ms":6147.44,"progress":0.886947935368043,"stage":"Assembling city geometry"},{"ms":6185.15,"progress":0.887091561938959,"stage":"Assembling city geometry"},{"ms":6238.355,"progress":0.887235188509874,"stage":"Assembling city geometry"},{"ms":6274.07,"progress":0.88737881508079,"stage":"Assembling city geometry"},{"ms":6321.17,"progress":0.887522441651706,"stage":"Assembling city geometry"},{"ms":6357.795,"progress":0.887666068222621,"stage":"Assembling city geometry"},{"ms":6395.54,"progress":0.887809694793537,"stage":"Assembling city geometry"},{"ms":6445.115,"progress":0.888096947935368,"stage":"Assembling city geometry"},{"ms":6494.495,"progress":0.889820466786356,"stage":"Assembling city geometry"},{"ms":6533.215,"progress":0.889964093357271,"stage":"Assembling city geometry"},{"ms":6568.7,"progress":0.890107719928187,"stage":"Assembling city geometry"},{"ms":6603.055,"progress":0.890251346499102,"stage":"Assembling city geometry"},{"ms":6646.53,"progress":0.890394973070018,"stage":"Assembling city geometry"},{"ms":6683.83,"progress":0.890538599640934,"stage":"Assembling city geometry"},{"ms":6741.08,"progress":0.890682226211849,"stage":"Assembling city geometry"},{"ms":6777.66,"progress":0.890825852782765,"stage":"Assembling city geometry"},{"ms":6828.425,"progress":0.89096947935368,"stage":"Assembling city geometry"},{"ms":6868.12,"progress":0.891113105924596,"stage":"Assembling city geometry"},{"ms":6904.475,"progress":0.891256732495512,"stage":"Assembling city geometry"},{"ms":6950.105,"progress":0.891400359066427,"stage":"Assembling city geometry"},{"ms":6990.845,"progress":0.891687612208259,"stage":"Assembling city geometry"},{"ms":7042.865,"progress":0.891831238779174,"stage":"Assembling city geometry"},{"ms":7078.885,"progress":0.89197486535009,"stage":"Assembling city geometry"},{"ms":7130.245,"progress":0.892118491921005,"stage":"Assembling city geometry"},{"ms":7166.19,"progress":0.892262118491921,"stage":"Assembling city geometry"},{"ms":7200.94,"progress":0.892405745062837,"stage":"Assembling city geometry"},{"ms":7242.86,"progress":0.892549371633752,"stage":"Assembling city geometry"},{"ms":7278.455,"progress":0.892692998204668,"stage":"Assembling city geometry"},{"ms":7326.51,"progress":0.892836624775583,"stage":"Assembling city geometry"},{"ms":7364.455,"progress":0.892980251346499,"stage":"Assembling city geometry"},{"ms":7401.695,"progress":0.893123877917415,"stage":"Assembling city geometry"},{"ms":7444.465,"progress":0.89326750448833,"stage":"Assembling city geometry"},{"ms":7485.345,"progress":0.893411131059246,"stage":"Assembling city geometry"},{"ms":7542.895,"progress":0.893554757630162,"stage":"Assembling city geometry"},{"ms":7585.455,"progress":0.893698384201077,"stage":"Assembling city geometry"},{"ms":7639.805,"progress":0.893842010771993,"stage":"Assembling city geometry"},{"ms":7680.16,"progress":0.893985637342908,"stage":"Assembling city geometry"},{"ms":7730.95,"progress":0.894129263913824,"stage":"Assembling city geometry"},{"ms":7767.505,"progress":0.89427289048474,"stage":"Assembling city geometry"},{"ms":7807.77,"progress":0.894416517055655,"stage":"Assembling city geometry"},{"ms":7854.56,"progress":0.894847396768402,"stage":"Assembling city geometry"},{"ms":7896.79,"progress":0.895134649910233,"stage":"Assembling city geometry"},{"ms":7946.645,"progress":0.895421903052065,"stage":"Assembling city geometry"},{"ms":7994.98,"progress":0.89556552962298,"stage":"Assembling city geometry"},{"ms":8046.155,"progress":0.895852782764812,"stage":"Assembling city geometry"},{"ms":8088.27,"progress":0.895996409335727,"stage":"Assembling city geometry"},{"ms":8137.82,"progress":0.896140035906643,"stage":"Assembling city geometry"},{"ms":8177.185,"progress":0.896283662477558,"stage":"Assembling city geometry"},{"ms":8228.885,"progress":0.896427289048474,"stage":"Assembling city geometry"},{"ms":8267.045,"progress":0.89657091561939,"stage":"Assembling city geometry"},{"ms":8319.265,"progress":0.896714542190305,"stage":"Assembling city geometry"},{"ms":8361.02,"progress":0.896858168761221,"stage":"Assembling city geometry"},{"ms":8401.0,"progress":0.897001795332136,"stage":"Assembling city geometry"},{"ms":8445.54,"progress":0.897145421903052,"stage":"Assembling city geometry"},{"ms":8490.715,"progress":0.897289048473968,"stage":"Assembling city geometry"},{"ms":8540.895,"progress":0.897432675044883,"stage":"Assembling city geometry"},{"ms":8583.16,"progress":0.897576301615799,"stage":"Assembling city geometry"},{"ms":8637.7,"progress":0.897719928186715,"stage":"Assembling city geometry"},{"ms":8680.065,"progress":0.89786355475763,"stage":"Assembling city geometry"},{"ms":8728.41,"progress":0.898007181328546,"stage":"Assembling city geometry"},{"ms":8765.96,"progress":0.898150807899461,"stage":"Assembling city geometry"},{"ms":8802.64,"progress":0.898294434470377,"stage":"Assembling city geometry"},{"ms":8847.69,"progress":0.898438061041293,"stage":"Assembling city geometry"},{"ms":8884.96,"progress":0.898581687612208,"stage":"Assembling city geometry"},{"ms":8937.065,"progress":0.898725314183124,"stage":"Assembling city geometry"},{"ms":8974.41,"progress":0.898868940754039,"stage":"Assembling city geometry"},{"ms":9023.855,"progress":0.899012567324955,"stage":"Assembling city geometry"},{"ms":9064.94,"progress":0.899156193895871,"stage":"Assembling city geometry"},{"ms":9120.39,"progress":0.899299820466786,"stage":"Assembling city geometry"},{"ms":9161.16,"progress":0.899443447037702,"stage":"Assembling city geometry"},{"ms":9207.445,"progress":0.899587073608618,"stage":"Assembling city geometry"},{"ms":9251.73,"progress":0.899730700179533,"stage":"Assembling city geometry"},{"ms":9292.98,"progress":0.899874326750449,"stage":"Assembling city geometry"},{"ms":9348.91,"progress":0.90016157989228,"stage":"Assembling city geometry"},{"ms":9394.71,"progress":0.900305206463196,"stage":"Assembling city geometry"},{"ms":9417.295,"progress":0.900448833034111,"stage":"Assembling city geometry"},{"ms":9506.695,"progress":0.900592459605027,"stage":"Assembling city geometry"},{"ms":9547.91,"progress":0.900736086175943,"stage":"Assembling city geometry"},{"ms":9587.235,"progress":0.900879712746858,"stage":"Assembling city geometry"},{"ms":9638.59,"progress":0.901023339317774,"stage":"Assembling city geometry"},{"ms":9675.785,"progress":0.901166965888689,"stage":"Assembling city geometry"},{"ms":9726.625,"progress":0.901454219030521,"stage":"Assembling city geometry"},{"ms":9764.905,"progress":0.901597845601436,"stage":"Assembling city geometry"},{"ms":9817.92,"progress":0.901741472172352,"stage":"Assembling city geometry"},{"ms":9856.945,"progress":0.901885098743267,"stage":"Assembling city geometry"},{"ms":9895.26,"progress":0.902028725314183,"stage":"Assembling city geometry"},{"ms":9940.365,"progress":0.902172351885099,"stage":"Assembling city geometry"},{"ms":9977.94,"progress":0.902315978456014,"stage":"Assembling city geometry"},{"ms":10033.545,"progress":0.90245960502693,"stage":"Assembling city geometry"},{"ms":10075.56,"progress":0.902603231597846,"stage":"Assembling city geometry"},{"ms":10129.42,"progress":0.902746858168761,"stage":"Assembling city geometry"},{"ms":10165.125,"progress":0.902890484739677,"stage":"Assembling city geometry"},{"ms":10202.54,"progress":0.903034111310592,"stage":"Assembling city geometry"},{"ms":10248.165,"progress":0.903177737881508,"stage":"Assembling city geometry"},{"ms":10286.37,"progress":0.903321364452424,"stage":"Assembling city geometry"},{"ms":10338.84,"progress":0.903464991023339,"stage":"Assembling city geometry"},{"ms":10377.17,"progress":0.903608617594255,"stage":"Assembling city geometry"},{"ms":10424.79,"progress":0.903752244165171,"stage":"Assembling city geometry"},{"ms":10462.57,"progress":0.903895870736086,"stage":"Assembling city geometry"},{"ms":10501.065,"progress":0.904039497307002,"stage":"Assembling city geometry"},{"ms":10549.095,"progress":0.904183123877917,"stage":"Assembling city geometry"},{"ms":10589.24,"progress":0.904326750448833,"stage":"Assembling city geometry"},{"ms":10636.89,"progress":0.904470377019749,"stage":"Assembling city geometry"},{"ms":10675.865,"progress":0.904614003590664,"stage":"Assembling city geometry"},{"ms":10730.505,"progress":0.90475763016158,"stage":"Assembling city geometry"},{"ms":10769.92,"progress":0.904901256732496,"stage":"Assembling city geometry"},{"ms":10818.28,"progress":0.905044883303411,"stage":"Assembling city geometry"},{"ms":10854.95,"progress":0.905188509874327,"stage":"Assembling city geometry"},{"ms":10895.63,"progress":0.905332136445242,"stage":"Assembling city geometry"},{"ms":10949.805,"progress":0.905475763016158,"stage":"Assembling city geometry"},{"ms":10991.42,"progress":0.905619389587074,"stage":"Assembling city geometry"},{"ms":11041.86,"progress":0.905763016157989,"stage":"Assembling city geometry"},{"ms":11079.685,"progress":0.905906642728905,"stage":"Assembling city geometry"},{"ms":11127.42,"progress":0.90605026929982,"stage":"Assembling city geometry"},{"ms":11164.635,"progress":0.906193895870736,"stage":"Assembling city geometry"},{"ms":11203.765,"progress":0.906481149012567,"stage":"Assembling city geometry"},{"ms":11246.545,"progress":0.906624775583483,"stage":"Assembling city geometry"},{"ms":11282.565,"progress":0.906768402154399,"stage":"Assembling city geometry"},{"ms":11339.7,"progress":0.906912028725314,"stage":"Assembling city geometry"},{"ms":11382.5,"progress":0.907199281867145,"stage":"Assembling city geometry"},{"ms":11431.925,"progress":0.907342908438061,"stage":"Assembling city geometry"},{"ms":11472.05,"progress":0.907486535008977,"stage":"Assembling city geometry"},{"ms":11518.68,"progress":0.907630161579892,"stage":"Assembling city geometry"},{"ms":11552.49,"progress":0.907773788150808,"stage":"Assembling city geometry"},{"ms":11586.555,"progress":0.907917414721723,"stage":"Assembling city geometry"},{"ms":11631.435,"progress":0.908061041292639,"stage":"Assembling city geometry"},{"ms":11665.865,"progress":0.908204667863555,"stage":"Assembling city geometry"},{"ms":11730.635,"progress":0.90834829443447,"stage":"Assembling city geometry"},{"ms":11769.9,"progress":0.908491921005386,"stage":"Assembling city geometry"},{"ms":11818.22,"progress":0.908635547576302,"stage":"Assembling city geometry"},{"ms":11856.71,"progress":0.908779174147217,"stage":"Assembling city geometry"},{"ms":11893.88,"progress":0.908922800718133,"stage":"Assembling city geometry"},{"ms":11949.85,"progress":0.909066427289049,"stage":"Assembling city geometry"},{"ms":11989.375,"progress":0.909210053859964,"stage":"Assembling city geometry"},{"ms":12043.48,"progress":0.90935368043088,"stage":"Assembling city geometry"},{"ms":12086.355,"progress":0.909497307001795,"stage":"Assembling city geometry"},{"ms":12145.005,"progress":0.909640933572711,"stage":"Assembling city geometry"},{"ms":12189.94,"progress":0.909784560143627,"stage":"Assembling city geometry"},{"ms":12244.445,"progress":0.909928186714542,"stage":"Assembling city geometry"},{"ms":12277.875,"progress":0.910071813285458,"stage":"Assembling city geometry"},{"ms":12329.935,"progress":0.910215439856373,"stage":"Assembling city geometry"},{"ms":12368.97,"progress":0.910359066427289,"stage":"Assembling city geometry"},{"ms":12421.675,"progress":0.910502692998205,"stage":"Assembling city geometry"},{"ms":12461.02,"progress":0.91064631956912,"stage":"Assembling city geometry"},{"ms":12516.695,"progress":0.910789946140036,"stage":"Assembling city geometry"},{"ms":12552.775,"progress":0.911077199281867,"stage":"Assembling city geometry"},{"ms":12586.585,"progress":0.911220825852783,"stage":"Assembling city geometry"},{"ms":12629.225,"progress":0.911364452423698,"stage":"Assembling city geometry"},{"ms":12663.105,"progress":0.911508078994614,"stage":"Assembling city geometry"},{"ms":12717.7,"progress":0.91165170556553,"stage":"Assembling city geometry"},{"ms":12757.69,"progress":0.911795332136445,"stage":"Assembling city geometry"},{"ms":12795.39,"progress":0.911938958707361,"stage":"Assembling city geometry"},{"ms":12840.71,"progress":0.912082585278276,"stage":"Assembling city geometry"},{"ms":12878.63,"progress":0.912226211849192,"stage":"Assembling city geometry"},{"ms":12930.385,"progress":0.912369838420108,"stage":"Assembling city geometry"},{"ms":12975.725,"progress":0.912513464991023,"stage":"Assembling city geometry"},{"ms":13027.965,"progress":0.912657091561939,"stage":"Assembling city geometry"},{"ms":13068.435,"progress":0.912800718132855,"stage":"Assembling city geometry"},{"ms":13116.81,"progress":0.91294434470377,"stage":"Assembling city geometry"},{"ms":13160.45,"progress":0.913087971274686,"stage":"Assembling city geometry"},{"ms":13197.84,"progress":0.913231597845601,"stage":"Assembling city geometry"},{"ms":13243.2,"progress":0.913375224416517,"stage":"Assembling city geometry"},{"ms":13279.37,"progress":0.913518850987433,"stage":"Assembling city geometry"},{"ms":13330.585,"progress":0.913662477558348,"stage":"Assembling city geometry"},{"ms":13368.185,"progress":0.913806104129264,"stage":"Assembling city geometry"},{"ms":13427.26,"progress":0.913949730700179,"stage":"Assembling city geometry"},{"ms":13466.93,"progress":0.914093357271095,"stage":"Assembling city geometry"},{"ms":13522.53,"progress":0.914236983842011,"stage":"Assembling city geometry"},{"ms":13566.42,"progress":0.914380610412926,"stage":"Assembling city geometry"},{"ms":13623.385,"progress":0.914524236983842,"stage":"Assembling city geometry"},{"ms":13661.03,"progress":0.914667863554758,"stage":"Assembling city geometry"},{"ms":13696.755,"progress":0.914811490125673,"stage":"Assembling city geometry"},{"ms":13718.01,"progress":0.915960502692998,"stage":"Assembling city geometry"},{"ms":13792.445,"progress":0.916104129263914,"stage":"Assembling city geometry"},{"ms":13853.265,"progress":0.916247755834829,"stage":"Assembling city geometry"},{"ms":13894.62,"progress":0.916391382405745,"stage":"Assembling city geometry"},{"ms":13943.7,"progress":0.916535008976661,"stage":"Assembling city geometry"},{"ms":13980.935,"progress":0.916678635547576,"stage":"Assembling city geometry"},{"ms":14031.055,"progress":0.916822262118492,"stage":"Assembling city geometry"},{"ms":14067.495,"progress":0.916965888689408,"stage":"Assembling city geometry"},{"ms":14102.77,"progress":0.917109515260323,"stage":"Assembling city geometry"},{"ms":14148.22,"progress":0.917253141831239,"stage":"Assembling city geometry"},{"ms":14194.365,"progress":0.917396768402154,"stage":"Assembling city geometry"},{"ms":14252.035,"progress":0.917684021543986,"stage":"Assembling city geometry"},{"ms":14295.14,"progress":0.917827648114901,"stage":"Assembling city geometry"},{"ms":14348.375,"progress":0.918114901256732,"stage":"Assembling city geometry"},{"ms":14391.705,"progress":0.918402154398564,"stage":"Assembling city geometry"},{"ms":14444.68,"progress":0.918545780969479,"stage":"Assembling city geometry"},{"ms":14485.625,"progress":0.918689407540395,"stage":"Assembling city geometry"},{"ms":14540.565,"progress":0.918833034111311,"stage":"Assembling city geometry"},{"ms":14582.635,"progress":0.918976660682226,"stage":"Assembling city geometry"},{"ms":14635.615,"progress":0.919120287253142,"stage":"Assembling city geometry"},{"ms":14679.23,"progress":0.919263913824057,"stage":"Assembling city geometry"},{"ms":14733.355,"progress":0.919407540394973,"stage":"Assembling city geometry"},{"ms":14781.965,"progress":0.919551166965889,"stage":"Assembling city geometry"},{"ms":14839.52,"progress":0.920700179533214,"stage":"Assembling city geometry"},{"ms":14884.965,"progress":0.920843806104129,"stage":"Assembling city geometry"},{"ms":14939.705,"progress":0.920987432675045,"stage":"Assembling city geometry"},{"ms":14989.195,"progress":0.921131059245961,"stage":"Assembling city geometry"},{"ms":15039.785,"progress":0.921274685816876,"stage":"Assembling city geometry"},{"ms":15083.475,"progress":0.921418312387792,"stage":"Assembling city geometry"},{"ms":15134.665,"progress":0.921561938958707,"stage":"Assembling city geometry"},{"ms":15170.99,"progress":0.921705565529623,"stage":"Assembling city geometry"},{"ms":15221.52,"progress":0.921849192100539,"stage":"Assembling city geometry"},{"ms":15261.245,"progress":0.921992818671454,"stage":"Assembling city geometry"},{"ms":15300.875,"progress":0.922280071813285,"stage":"Assembling city geometry"},{"ms":15345.125,"progress":0.922567324955117,"stage":"Assembling city geometry"},{"ms":15383.88,"progress":0.922710951526032,"stage":"Assembling city geometry"},{"ms":15435.62,"progress":0.922854578096948,"stage":"Assembling city geometry"},{"ms":15473.45,"progress":0.922998204667864,"stage":"Assembling city geometry"},{"ms":15522.885,"progress":0.923141831238779,"stage":"Assembling city geometry"},{"ms":15565.5,"progress":0.923285457809695,"stage":"Assembling city geometry"},{"ms":15621.87,"progress":0.92342908438061,"stage":"Assembling city geometry"},{"ms":15664.75,"progress":0.923572710951526,"stage":"Assembling city geometry"},{"ms":15721.905,"progress":0.923716337522442,"stage":"Assembling city geometry"},{"ms":15764.37,"progress":0.923859964093357,"stage":"Assembling city geometry"},{"ms":15822.775,"progress":0.924147217235189,"stage":"Assembling city geometry"},{"ms":15861.57,"progress":0.924290843806104,"stage":"Assembling city geometry"},{"ms":15917.265,"progress":0.92443447037702,"stage":"Assembling city geometry"},{"ms":15962.095,"progress":0.924578096947935,"stage":"Assembling city geometry"},{"ms":16001.035,"progress":0.924721723518851,"stage":"Assembling city geometry"},{"ms":16049.05,"progress":0.924865350089767,"stage":"Assembling city geometry"},{"ms":16088.06,"progress":0.925008976660682,"stage":"Assembling city geometry"},{"ms":16136.56,"progress":0.925152603231598,"stage":"Assembling city geometry"},{"ms":16171.595,"progress":0.925296229802513,"stage":"Assembling city geometry"},{"ms":16224.28,"progress":0.925439856373429,"stage":"Assembling city geometry"},{"ms":16265.67,"progress":0.925583482944345,"stage":"Assembling city geometry"},{"ms":16317.67,"progress":0.92572710951526,"stage":"Assembling city geometry"},{"ms":16355.26,"progress":0.925870736086176,"stage":"Assembling city geometry"},{"ms":16392.35,"progress":0.926014362657092,"stage":"Assembling city geometry"},{"ms":16436.285,"progress":0.926157989228007,"stage":"Assembling city geometry"},{"ms":16473.605,"progress":0.926301615798923,"stage":"Assembling city geometry"},{"ms":16520.2,"progress":0.926445242369838,"stage":"Assembling city geometry"},{"ms":16560.09,"progress":0.926588868940754,"stage":"Assembling city geometry"},{"ms":16600.55,"progress":0.92673249551167,"stage":"Assembling city geometry"},{"ms":16649.46,"progress":0.926876122082585,"stage":"Assembling city geometry"},{"ms":16689.235,"progress":0.927019748653501,"stage":"Assembling city geometry"},{"ms":16739.285,"progress":0.927163375224416,"stage":"Assembling city geometry"},{"ms":16778.56,"progress":0.927307001795332,"stage":"Assembling city geometry"},{"ms":16831.385,"progress":0.927594254937163,"stage":"Assembling city geometry"},{"ms":16873.355,"progress":0.927881508078995,"stage":"Assembling city geometry"},{"ms":16927.42,"progress":0.92802513464991,"stage":"Assembling city geometry"},{"ms":16967.22,"progress":0.928312387791742,"stage":"Assembling city geometry"},{"ms":17017.475,"progress":0.928599640933573,"stage":"Assembling city geometry"},{"ms":17054.825,"progress":0.928886894075404,"stage":"Assembling city geometry"},{"ms":17093.895,"progress":0.929174147217235,"stage":"Assembling city geometry"},{"ms":17138.81,"progress":0.929461400359066,"stage":"Assembling city geometry"},{"ms":17182.545,"progress":0.929605026929982,"stage":"Assembling city geometry"},{"ms":17235.715,"progress":0.929892280071813,"stage":"Assembling city geometry"},{"ms":17273.455,"progress":0.930035906642729,"stage":"Assembling city geometry"},{"ms":17321.26,"progress":0.930179533213645,"stage":"Assembling city geometry"},{"ms":17358.305,"progress":0.93032315978456,"stage":"Assembling city geometry"},{"ms":17397.82,"progress":0.930466786355476,"stage":"Assembling city geometry"},{"ms":17439.785,"progress":0.930610412926391,"stage":"Assembling city geometry"},{"ms":17478.34,"progress":0.930754039497307,"stage":"Assembling city geometry"},{"ms":17529.79,"progress":0.930897666068223,"stage":"Assembling city geometry"},{"ms":17572.93,"progress":0.931041292639138,"stage":"Assembling city geometry"},{"ms":17622.815,"progress":0.931184919210054,"stage":"Assembling city geometry"},{"ms":17660.68,"progress":0.931328545780969,"stage":"Assembling city geometry"},{"ms":17698.385,"progress":0.931472172351885,"stage":"Assembling city geometry"},{"ms":17742.995,"progress":0.931615798922801,"stage":"Assembling city geometry"},{"ms":17785.22,"progress":0.931759425493716,"stage":"Assembling city geometry"},{"ms":17838.235,"progress":0.931903052064632,"stage":"Assembling city geometry"},{"ms":17879.765,"progress":0.932046678635548,"stage":"Assembling city geometry"},{"ms":17928.06,"progress":0.932190305206463,"stage":"Assembling city geometry"},{"ms":17969.96,"progress":0.932333931777379,"stage":"Assembling city geometry"},{"ms":18022.62,"progress":0.932477558348294,"stage":"Assembling city geometry"},{"ms":18060.22,"progress":0.93262118491921,"stage":"Assembling city geometry"},{"ms":18104.005,"progress":0.932764811490126,"stage":"Assembling city geometry"},{"ms":18152.625,"progress":0.932908438061041,"stage":"Assembling city geometry"},{"ms":18194.255,"progress":0.933052064631957,"stage":"Assembling city geometry"},{"ms":18242.555,"progress":0.933339317773788,"stage":"Assembling city geometry"},{"ms":18279.78,"progress":0.933626570915619,"stage":"Assembling city geometry"},{"ms":18326.045,"progress":0.933770197486535,"stage":"Assembling city geometry"},{"ms":18363.22,"progress":0.933913824057451,"stage":"Assembling city geometry"},{"ms":18399.73,"progress":0.934057450628366,"stage":"Assembling city geometry"},{"ms":18442.85,"progress":0.934201077199282,"stage":"Assembling city geometry"},{"ms":18482.77,"progress":0.934344703770198,"stage":"Assembling city geometry"},{"ms":18531.485,"progress":0.934488330341113,"stage":"Assembling city geometry"},{"ms":18568.875,"progress":0.934631956912029,"stage":"Assembling city geometry"},{"ms":18621.415,"progress":0.934775583482944,"stage":"Assembling city geometry"},{"ms":18661.98,"progress":0.93491921005386,"stage":"Assembling city geometry"},{"ms":18702.05,"progress":0.935062836624776,"stage":"Assembling city geometry"},{"ms":18749.83,"progress":0.935206463195691,"stage":"Assembling city geometry"},{"ms":18785.3,"progress":0.935350089766607,"stage":"Assembling city geometry"},{"ms":18832.865,"progress":0.935493716337522,"stage":"Assembling city geometry"},{"ms":18875.23,"progress":0.935637342908438,"stage":"Assembling city geometry"},{"ms":18927.78,"progress":0.935780969479354,"stage":"Assembling city geometry"},{"ms":18969.425,"progress":0.935924596050269,"stage":"Assembling city geometry"},{"ms":19018.165,"progress":0.936068222621185,"stage":"Assembling city geometry"},{"ms":19053.655,"progress":0.936211849192101,"stage":"Assembling city geometry"},{"ms":19090.815,"progress":0.936355475763016,"stage":"Assembling city geometry"},{"ms":19135.89,"progress":0.936642728904847,"stage":"Assembling city geometry"},{"ms":19172.99,"progress":0.936786355475763,"stage":"Assembling city geometry"},{"ms":19222.225,"progress":0.936929982046679,"stage":"Assembling city geometry"},{"ms":19261.785,"progress":0.937073608617594,"stage":"Assembling city geometry"},{"ms":19302.61,"progress":0.93721723518851,"stage":"Assembling city geometry"},{"ms":19350.79,"progress":0.937360861759425,"stage":"Assembling city geometry"},{"ms":19388.19,"progress":0.937504488330341,"stage":"Assembling city geometry"},{"ms":19441.955,"progress":0.937648114901257,"stage":"Assembling city geometry"},{"ms":19478.79,"progress":0.937791741472172,"stage":"Assembling city geometry"},{"ms":19531.56,"progress":0.937935368043088,"stage":"Assembling city geometry"},{"ms":19568.305,"progress":0.938078994614004,"stage":"Assembling city geometry"},{"ms":19603.355,"progress":0.938222621184919,"stage":"Assembling city geometry"},{"ms":19646.74,"progress":0.938366247755835,"stage":"Assembling city geometry"},{"ms":19682.5,"progress":0.93850987432675,"stage":"Assembling city geometry"},{"ms":19734.795,"progress":0.938653500897666,"stage":"Assembling city geometry"},{"ms":19774.045,"progress":0.938797127468582,"stage":"Assembling city geometry"},{"ms":19827.925,"progress":0.938940754039497,"stage":"Assembling city geometry"},{"ms":19866.625,"progress":0.939084380610413,"stage":"Assembling city geometry"},{"ms":19917.44,"progress":0.939228007181329,"stage":"Assembling city geometry"},{"ms":19954.475,"progress":0.93951526032316,"stage":"Assembling city geometry"},{"ms":19990.79,"progress":0.939658886894075,"stage":"Assembling city geometry"},{"ms":20036.67,"progress":0.939802513464991,"stage":"Assembling city geometry"},{"ms":20077.58,"progress":0.939946140035907,"stage":"Assembling city geometry"},{"ms":20129.4,"progress":0.940089766606822,"stage":"Assembling city geometry"},{"ms":20167.85,"progress":0.940377019748654,"stage":"Assembling city geometry"},{"ms":20218.26,"progress":0.940520646319569,"stage":"Assembling city geometry"},{"ms":20254.105,"progress":0.940664272890485,"stage":"Assembling city geometry"},{"ms":20289.275,"progress":0.9408078994614,"stage":"Assembling city geometry"},{"ms":20334.655,"progress":0.940951526032316,"stage":"Assembling city geometry"},{"ms":20370.495,"progress":0.941238779174147,"stage":"Assembling city geometry"},{"ms":20418.29,"progress":0.941382405745063,"stage":"Assembling city geometry"},{"ms":20454.95,"progress":0.941526032315978,"stage":"Assembling city geometry"},{"ms":20492.735,"progress":0.941669658886894,"stage":"Assembling city geometry"},{"ms":20540.075,"progress":0.94181328545781,"stage":"Assembling city geometry"},{"ms":20576.515,"progress":0.941956912028725,"stage":"Assembling city geometry"},{"ms":20623.77,"progress":0.942100538599641,"stage":"Assembling city geometry"},{"ms":20659.655,"progress":0.942244165170557,"stage":"Assembling city geometry"},{"ms":20696.54,"progress":0.942387791741472,"stage":"Assembling city geometry"},{"ms":20741.97,"progress":0.942531418312388,"stage":"Assembling city geometry"},{"ms":20780.615,"progress":0.942675044883303,"stage":"Assembling city geometry"},{"ms":20830.415,"progress":0.942818671454219,"stage":"Assembling city geometry"},{"ms":20866.975,"progress":0.942962298025135,"stage":"Assembling city geometry"},{"ms":20904.55,"progress":0.94310592459605,"stage":"Assembling city geometry"},{"ms":20948.48,"progress":0.943249551166966,"stage":"Assembling city geometry"},{"ms":20990.825,"progress":0.943393177737881,"stage":"Assembling city geometry"},{"ms":21038.83,"progress":0.943536804308797,"stage":"Assembling city geometry"},{"ms":21074.725,"progress":0.943680430879713,"stage":"Assembling city geometry"},{"ms":21130.8,"progress":0.943824057450628,"stage":"Assembling city geometry"},{"ms":21170.215,"progress":0.943967684021544,"stage":"Assembling city geometry"},{"ms":21220.385,"progress":0.94411131059246,"stage":"Assembling city geometry"},{"ms":21259.91,"progress":0.944254937163375,"stage":"Assembling city geometry"},{"ms":21296.285,"progress":0.944542190305206,"stage":"Assembling city geometry"},{"ms":21341.935,"progress":0.944685816876122,"stage":"Assembling city geometry"},{"ms":21387.36,"progress":0.944973070017953,"stage":"Assembling city geometry"},{"ms":21433.29,"progress":0.945116696588869,"stage":"Assembling city geometry"},{"ms":21469.765,"progress":0.945260323159785,"stage":"Assembling city geometry"},{"ms":21518.985,"progress":0.9454039497307,"stage":"Assembling city geometry"},{"ms":21559.46,"progress":0.945547576301616,"stage":"Assembling city geometry"},{"ms":21596.525,"progress":0.945691202872531,"stage":"Assembling city geometry"},{"ms":21642.685,"progress":0.945834829443447,"stage":"Assembling city geometry"},{"ms":21679.875,"progress":0.945978456014363,"stage":"Assembling city geometry"},{"ms":21736.275,"progress":0.946122082585278,"stage":"Assembling city geometry"},{"ms":21778.545,"progress":0.94640933572711,"stage":"Assembling city geometry"},{"ms":21832.17,"progress":0.946552962298025,"stage":"Assembling city geometry"},{"ms":21882.045,"progress":0.946696588868941,"stage":"Assembling city geometry"},{"ms":21933.13,"progress":0.946840215439856,"stage":"Assembling city geometry"},{"ms":21978.59,"progress":0.946983842010772,"stage":"Assembling city geometry"},{"ms":22031.19,"progress":0.947127468581688,"stage":"Assembling city geometry"},{"ms":22069.385,"progress":0.947271095152603,"stage":"Assembling city geometry"},{"ms":22122.19,"progress":0.947414721723519,"stage":"Assembling city geometry"},{"ms":22161.2,"progress":0.947558348294435,"stage":"Assembling city geometry"},{"ms":22200.465,"progress":0.94770197486535,"stage":"Assembling city geometry"},{"ms":22246.99,"progress":0.947845601436266,"stage":"Assembling city geometry"},{"ms":22283.51,"progress":0.948132854578097,"stage":"Assembling city geometry"},{"ms":22335.94,"progress":0.948276481149013,"stage":"Assembling city geometry"},{"ms":22373.77,"progress":0.948420107719928,"stage":"Assembling city geometry"},{"ms":22423.52,"progress":0.948563734290844,"stage":"Assembling city geometry"},{"ms":22461.91,"progress":0.948707360861759,"stage":"Assembling city geometry"},{"ms":22517.38,"progress":0.948850987432675,"stage":"Assembling city geometry"},{"ms":22562.82,"progress":0.948994614003591,"stage":"Assembling city geometry"},{"ms":22619.195,"progress":0.949138240574506,"stage":"Assembling city geometry"},{"ms":22658.03,"progress":0.949281867145422,"stage":"Assembling city geometry"},{"ms":22698.095,"progress":0.949425493716338,"stage":"Assembling city geometry"},{"ms":22742.51,"progress":0.949569120287253,"stage":"Assembling city geometry"},{"ms":22781.42,"progress":0.949856373429084,"stage":"Assembling city geometry"},{"ms":23431.905,"progress":0.97,"stage":"Warming lights and materials"},{"ms":26696.84,"progress":0.970517857142857,"stage":"Warming lights and materials"},{"ms":32424.43,"progress":0.971035714285714,"stage":"Warming lights and materials"},{"ms":37440.49,"progress":0.971553571428571,"stage":"Warming lights and materials"},{"ms":37972.215,"progress":0.972071428571429,"stage":"Warming lights and materials"},{"ms":38579.12,"progress":0.972589285714286,"stage":"Warming lights and materials"},{"ms":38955.545,"progress":0.973107142857143,"stage":"Warming lights and materials"},{"ms":39242.445,"progress":0.973625,"stage":"Warming lights and materials"},{"ms":39542.71,"progress":0.974142857142857,"stage":"Warming lights and materials"},{"ms":40547.695,"progress":0.974660714285714,"stage":"Warming lights and materials"},{"ms":41927.57,"progress":0.975178571428571,"stage":"Warming lights and materials"},{"ms":43021.18,"progress":0.975696428571429,"stage":"Warming lights and materials"},{"ms":43442.935,"progress":0.976214285714286,"stage":"Warming lights and materials"},{"ms":43891.8,"progress":0.976732142857143,"stage":"Warming lights and materials"},{"ms":44238.83,"progress":0.97725,"stage":"Warming lights and materials"},{"ms":44554.9,"progress":0.977767857142857,"stage":"Warming lights and materials"},{"ms":44953.78,"progress":0.978285714285714,"stage":"Warming lights and materials"},{"ms":45461.545,"progress":0.978803571428571,"stage":"Warming lights and materials"},{"ms":45821.2,"progress":0.979321428571429,"stage":"Warming lights and materials"},{"ms":46166.665,"progress":0.979839285714286,"stage":"Warming lights and materials"},{"ms":46476.42,"progress":0.980357142857143,"stage":"Warming lights and materials"},{"ms":46799.915,"progress":0.980875,"stage":"Warming lights and materials"},{"ms":47203.61,"progress":0.981392857142857,"stage":"Warming lights and materials"},{"ms":47594.075,"progress":0.981910714285714,"stage":"Warming lights and materials"},{"ms":47998.23,"progress":0.982428571428571,"stage":"Warming lights and materials"},{"ms":48464.27,"progress":0.982946428571429,"stage":"Warming traffic models"},{"ms":48849.88,"progress":0.983464285714286,"stage":"Warming traffic models"},{"ms":49298.515,"progress":0.983982142857143,"stage":"Warming traffic models"},{"ms":49727.53,"progress":0.9845,"stage":"Warming traffic models"},{"ms":50784.055,"progress":0.985017857142857,"stage":"Warming traffic models"},{"ms":51489.17,"progress":0.985535714285714,"stage":"Warming traffic models"},{"ms":51832.24,"progress":0.986053571428571,"stage":"Warming traffic models"},{"ms":52145.165,"progress":0.986571428571429,"stage":"Warming traffic models"},{"ms":52542.285,"progress":0.987089285714286,"stage":"Warming traffic models"},{"ms":52976.865,"progress":0.987607142857143,"stage":"Warming traffic models"},{"ms":53479.99,"progress":0.988125,"stage":"Warming traffic models"},{"ms":53545.495,"progress":0.988642857142857,"stage":"Warming traffic models"},{"ms":53882.25,"progress":0.989160714285714,"stage":"Warming traffic models"},{"ms":54260.935,"progress":0.989678571428571,"stage":"Warming traffic models"},{"ms":54637.73,"progress":0.990196428571429,"stage":"Warming traffic models"},{"ms":55062.14,"progress":0.990714285714286,"stage":"Warming traffic models"},{"ms":55462.085,"progress":0.991232142857143,"stage":"Warming traffic models"},{"ms":55985.09,"progress":0.99175,"stage":"Warming traffic models"},{"ms":56588.68,"progress":0.992267857142857,"stage":"Warming traffic models"},{"ms":57163.605,"progress":0.992785714285714,"stage":"Warming traffic models"},{"ms":57756.085,"progress":0.993303571428571,"stage":"Warming traffic models"},{"ms":58139.785,"progress":0.993821428571429,"stage":"Warming traffic models"},{"ms":58562.855,"progress":0.994339285714286,"stage":"Warming traffic models"},{"ms":58953.35,"progress":0.994857142857143,"stage":"Warming traffic models"},{"ms":59348.145,"progress":0.995375,"stage":"Warming lights and materials"},{"ms":59764.53,"progress":0.995892857142857,"stage":"Warming lights and materials"},{"ms":60200.98,"progress":0.996410714285714,"stage":"Warming lights and materials"},{"ms":60636.105,"progress":0.996928571428571,"stage":"Warming lights and materials"},{"ms":62403.23,"progress":0.999,"stage":"Warming countdown and HUD"},{"ms":62407.805,"progress":1.0,"stage":"Ready to race"}]}
[menu] WARNING: This control can't grab focus. Use set_focus_mode() and set_focus_behavior_recursive() to allow a control to get focus.
[menu]    at: grab_focus (scene/gui/control.cpp:3011)
[menu]    GDScript backtrace (most recent call first):
[menu]        [0] _ready (res://scripts/main_menu.gd:61)
[menu]        [1] prepare (res://scripts/race_loader.gd:147)
[menu]        [2] warm_entry_ui (res://scripts/slice/slice_race.gd:90)
[lower-city] ERROR: Error calling deferred method: 'Node(anime_look.gd)::_style_late': Cannot convert argument 1 from Object to Object.
[lower-city]    at: _call_function (core/object/message_queue.cpp:220)
[lower-city] ERROR: Error calling deferred method: 'Node(anime_look.gd)::_style_late': Cannot convert argument 1 from Object to Object.
[lower-city]    at: _call_function (core/object/message_queue.cpp:220)
[lower-city] ERROR: Error calling deferred method: 'Node(anime_look.gd)::_style_late': Cannot convert argument 1 from Object to Object.
[lower-city]    at: _call_function (core/object/message_queue.cpp:220)
[lower-city] ERROR: Error calling deferred method: 'Node(anime_look.gd)::_style_late': Cannot convert argument 1 from Object to Object.
[lower-city]    at: _call_function (core/object/message_queue.cpp:220)
[lower-city] ERROR: Error calling deferred method: 'Node(anime_look.gd)::_style_late': Cannot convert argument 1 from Object to Object.
[lower-city]    at: _call_function (core/object/message_queue.cpp:220)
[lower-city] ERROR: Error calling deferred method: 'Node(anime_look.gd)::_style_late': Cannot convert argument 1 from Object to Object.
[lower-city]    at: _call_function (core/object/message_queue.cpp:220)
[lower-city] ERROR: Error calling deferred method: 'Node(anime_look.gd)::_style_late': Cannot convert argument 1 from Object to Object.
[lower-city]    at: _call_function (core/object/message_queue.cpp:220)
[lower-city] ERROR: Error calling deferred method: 'Node(anime_look.gd)::_style_late': Cannot convert argument 1 from Object to Object.
[lower-city]    at: _call_function (core/object/message_queue.cpp:220)
[lower-city] ERROR: Error calling deferred method: 'Node(anime_look.gd)::_style_late': Cannot convert argument 1 from Object to Object.
[lower-city]    at: _call_function (core/object/message_queue.cpp:220)
[lower-city] ERROR: Error calling deferred method: 'Node(anime_look.gd)::_style_late': Cannot convert argument 1 from Object to Object.
[lower-city]    at: _call_function (core/object/message_queue.cpp:220)
[lower-city] ERROR: Error calling deferred method: 'Node(anime_look.gd)::_style_late': Cannot convert argument 1 from Object to Object.
[lower-city]    at: _call_function (core/object/message_queue.cpp:220)
[lower-city] ERROR: Error calling deferred method: 'Node(anime_look.gd)::_style_late': Cannot convert argument 1 from Object to Object.
[lower-city]    at: _call_function (core/object/message_queue.cpp:220)
[lower-city] ERROR: Error calling deferred method: 'Node(anime_look.gd)::_style_late': Cannot convert argument 1 from Object to Object.
[lower-city]    at: _call_function (core/object/message_queue.cpp:220)
[lower-city] ERROR: Error calling deferred method: 'Node(anime_look.gd)::_style_late': Cannot convert argument 1 from Object to Object.
[lower-city]    at: _call_function (core/object/message_queue.cpp:220)
[lower-city] ERROR: Error calling deferred method: 'Node(anime_look.gd)::_style_late': Cannot convert argument 1 from Object to Object.
[lower-city]    at: _call_function (core/object/message_queue.cpp:220)
[lower-city] ERROR: Error calling deferred method: 'Node(anime_look.gd)::_style_late': Cannot convert argument 1 from Object to Object.
[lower-city]    at: _call_function (core/object/message_queue.cpp:220)
[lower-city] ERROR: Error calling deferred method: 'Node(anime_look.gd)::_style_late': Cannot convert argument 1 from Object to Object.
[lower-city]    at: _call_function (core/object/message_queue.cpp:220)
[lower-city] ERROR: Error calling deferred method: 'Node(anime_look.gd)::_style_late': Cannot convert argument 1 from Object to Object.
[lower-city]    at: _call_function (core/object/message_queue.cpp:220)
[lower-city] ERROR: Error calling deferred method: 'Node(anime_look.gd)::_style_late': Cannot convert argument 1 from Object to Object.
[lower-city]    at: _call_function (core/object/message_queue.cpp:220)
[lower-city] ERROR: Error calling deferred method: 'Node(anime_look.gd)::_style_late': Cannot convert argument 1 from Object to Object.
[lower-city]    at: _call_function (core/object/message_queue.cpp:220)
[lower-city] ERROR: Error calling deferred method: 'Node(anime_look.gd)::_style_late': Cannot convert argument 1 from Object to Object.
[lower-city]    at: _call_function (core/object/message_queue.cpp:220)
[lower-city] ERROR: Error calling deferred method: 'Node(anime_look.gd)::_style_late': Cannot convert argument 1 from Object to Object.
[lower-city]    at: _call_function (core/object/message_queue.cpp:220)
