Godot Engine v4.7.2.stable.official.ed1daf0bf - https://godotengine.org
WARNING: Could not set V-Sync mode, as changing V-Sync mode is not supported by the graphics driver.
     at: set_use_vsync (platform/linuxbsd/x11/gl_manager_x11.cpp:372)
OpenGL API 4.5 (Core Profile) Mesa 25.0.7-2+deb13u1 - Compatibility - Using Device: Mesa - llvmpipe (LLVM 19.1.7, 256 bits)

SCRIPT ERROR: Parse Error: Preload file "res://assets/td-168/sento.glb" has no resource loaders (unrecognized file extension).
          at: GDScript::reload (res://scripts/slice/slice_world.gd:15)
          GDScript backtrace (most recent call first):
              [0] run (res://tools/capture_td206.gd:13)
SCRIPT ERROR: Parse Error: Preload file "res://assets/td-168/koban_concrete.glb" has no resource loaders (unrecognized file extension).
          at: GDScript::reload (res://scripts/slice/slice_world.gd:16)
          GDScript backtrace (most recent call first):
              [0] run (res://tools/capture_td206.gd:13)
SCRIPT ERROR: Parse Error: Preload file "res://assets/td-168/koban_brick.glb" has no resource loaders (unrecognized file extension).
          at: GDScript::reload (res://scripts/slice/slice_world.gd:17)
          GDScript backtrace (most recent call first):
              [0] run (res://tools/capture_td206.gd:13)
SCRIPT ERROR: Parse Error: Preload file "res://assets/td-168/jizo_hokora.glb" has no resource loaders (unrecognized file extension).
          at: GDScript::reload (res://scripts/slice/slice_world.gd:18)
          GDScript backtrace (most recent call first):
              [0] run (res://tools/capture_td206.gd:13)
SCRIPT ERROR: Parse Error: Preload file "res://assets/td-168/jizo_shed.glb" has no resource loaders (unrecognized file extension).
          at: GDScript::reload (res://scripts/slice/slice_world.gd:19)
          GDScript backtrace (most recent call first):
              [0] run (res://tools/capture_td206.gd:13)
SCRIPT ERROR: Compile Error: Failed to compile depended scripts.
          at: GDScript::reload (res://scripts/slice/civilian_traffic.gd:0)
          GDScript backtrace (most recent call first):
              [0] run (res://tools/capture_td206.gd:13)
SCRIPT ERROR: Compile Error: Failed to compile depended scripts.
          at: GDScript::reload (res://scripts/slice/anime_look.gd:0)
          GDScript backtrace (most recent call first):
              [0] run (res://tools/capture_td206.gd:13)
ERROR: Failed to load script "res://scripts/slice/anime_look.gd" with error "Compilation failed".
   at: load (modules/gdscript/gdscript_resource_format.cpp:46)
   GDScript backtrace (most recent call first):
       [0] run (res://tools/capture_td206.gd:13)
TD206_SHOT quay_west-wide camera=[X: (-0.668965, 0.0, -0.743294), Y: (-0.135797, 0.983169, 0.122217), Z: (0.730784, 0.182696, -0.657706), O: (691.0, 7.0, -31.5)]
TD206_SHOT quay_west-approach camera=[X: (-0.884918, 0.0, 0.465746), Y: (0.021668, 0.998917, 0.04117), Z: (-0.465242, 0.046524, -0.88396), O: (661.0, 3.0, -32.5)]
TD206_SHOT quay_east-wide camera=[X: (-0.668965, 0.0, -0.743294), Y: (-0.135797, 0.983169, 0.122217), Z: (0.730784, 0.182696, -0.657706), O: (1877.0, 7.0, -31.5)]
TD206_SHOT quay_east-approach camera=[X: (-0.884918, 0.0, 0.465746), Y: (0.021668, 0.998917, 0.04117), Z: (-0.465242, 0.046524, -0.88396), O: (1847.0, 3.0, -32.5)]
TD206_CAPTURE source=389d4a839c1c5974a335b4d063566a20a77b4dd1 out=/workspace/tokyo-drift-3d/godot/qa/td-206/before-final
ERROR: Texture with GL ID of 81: leaked 349524 bytes.
   at: ~Utilities (drivers/gles3/storage/utilities.cpp:82)
ERROR: Texture with GL ID of 82: leaked 349524 bytes.
   at: ~Utilities (drivers/gles3/storage/utilities.cpp:82)
