Godot Engine v4.7.2.stable.official.ed1daf0bf - https://godotengine.org

TD206_CHECK PASS 1 km consumes 1 km at 30 Hz
TD206_CHECK PASS idle has no drain at 30 Hz
TD206_CHECK PASS explicit teleport excluded at 30 Hz
TD206_CHECK PASS unannounced reset rejected at 30 Hz
TD206_CHECK PASS 1 km consumes 1 km at 60 Hz
TD206_CHECK PASS idle has no drain at 60 Hz
TD206_CHECK PASS explicit teleport excluded at 60 Hz
TD206_CHECK PASS unannounced reset rejected at 60 Hz
TD206_CHECK PASS 1 km consumes 1 km at 120 Hz
TD206_CHECK PASS idle has no drain at 120 Hz
TD206_CHECK PASS explicit teleport excluded at 120 Hz
TD206_CHECK PASS unannounced reset rejected at 120 Hz
TD206_CHECK PASS fresh run has sufficient starting cash
TD206_CHECK PASS two stations in active Lower City
TD206_CHECK PASS quay_west supported clear bay and drive-away corridor
TD206_CHECK PASS quay_west actual station recognizes current vehicle
TD206_CHECK PASS full tank no charge
TD206_CHECK PASS partial tank quote discloses flat fill and balance
TD206_CHECK PASS partial fill paid exactly once
TD206_CHECK PASS repeated confirmation cannot double debit
TD206_CHECK PASS insufficient funds no debit/fuel
TD206_CHECK PASS changed wallet invalidates quote
TD206_CHECK PASS empty tank at station pays only fill
TD206_CHECK PASS quay_east supported clear bay and drive-away corridor
TD206_CHECK PASS quay_east actual station recognizes current vehicle
TD206_CHECK PASS full tank no charge
TD206_CHECK PASS partial tank quote discloses flat fill and balance
TD206_CHECK PASS partial fill paid exactly once
TD206_CHECK PASS repeated confirmation cannot double debit
TD206_CHECK PASS insufficient funds no debit/fuel
TD206_CHECK PASS changed wallet invalidates quote
TD206_CHECK PASS empty tank at station pays only fill
TD206_CHECK PASS quay_west real car drives in and stops at pumps
TD206_CHECK PASS quay_west drive-in refuel succeeds
TD206_CHECK FAIL quay_west drives back onto road without collision/reset
TD206_STATION_DRIVE quay_west position=(958.1057, 0.5, -38.76181) stuck=3
TD206_CHECK PASS quay_east real car drives in and stops at pumps
TD206_CHECK PASS quay_east drive-in refuel succeeds
TD206_CHECK PASS quay_east drives back onto road without collision/reset
TD206_STATION_DRIVE quay_east position=(1895.959, 0.5, -29.91788) stuck=0
TD206_CHECK PASS read-only range snapshot cannot mutate tank
TD206_CHECK PASS low-range warning is visible before empty
TD206_CHECK PASS automatic placement is not paid tow or distance travel
TD206_CHECK PASS empty engine: held forward/reverse/nitro cannot drive
TD206_CHECK PASS premium tow quote includes disclosed full fill
TD206_CHECK PASS paid empty tow reaches real station and restores range
TD206_CHECK PASS tow emitted one settlement
TD206_CHECK PASS cargo failure does not mark car wrecked
TD206_CHECK PASS chassis interface blocks powered driving
TD206_CHECK PASS paid salvage clears event once
TD206_CHECK PASS salvage returns safely near home
TD206_CHECK PASS paid service unavailable during automatic arrest
TD206_CHECK PASS unaffordable wreck shows explicit game over
TD206_CHECK PASS unaffordable empty fuel has distinct game-over cause
TD206_CHECK PASS actual fresh-run scene resets run ledger and fuel without file deletion
TD206_CHECK PASS reload has no pending transaction to replay (run-scoped, no persistence)
TD206_RESULT {"checks":54,"failures":1,"settlements":8}
