Godot Engine v4.7.2.stable.official.ed1daf0bf - https://godotengine.org

TD206_CHECK PASS 1 km consumes 1 km at 30 Hz
TD206_CHECK PASS idle has no drain at 30 Hz
TD206_CHECK PASS explicit teleport excluded at 30 Hz
TD206_CHECK PASS unannounced reset rejected at 30 Hz
TD206_CHECK PASS 1 km consumes 1 km at 60 Hz
TD206_CHECK PASS idle has no drain at 60 Hz
TD206_CHECK PASS explicit teleport excluded at 60 Hz
TD206_CHECK PASS unannounced reset rejected at 60 Hz
TD206_CHECK PASS 1 km consumes 1 km at 120 Hz
TD206_CHECK PASS idle has no drain at 120 Hz
TD206_CHECK PASS explicit teleport excluded at 120 Hz
TD206_CHECK PASS unannounced reset rejected at 120 Hz
ERROR: Cannot open file 'res://.godot/imported/kicker-cjk.ttf-00000000000000000000000000000000.fontdata'.
   at: load (core/io/resource_format_binary.cpp:1156)
   GDScript backtrace (most recent call first):
       [0] kicker_font (res://scripts/ui/ui_kit.gd:36)
       [1] make_kicker (res://scripts/ui/ui_kit.gd:44)
       [2] _build_pause_sheet (res://scripts/kit/pause_menu.gd:67)
       [3] _ready (res://scripts/kit/pause_menu.gd:25)
       [4] _ready (res://scripts/lower_city/lower_city.gd:42)
       [5] run (res://tools/test_td206.gd:48)
ERROR: Failed loading resource: res://.godot/imported/kicker-cjk.ttf-00000000000000000000000000000000.fontdata.
   at: _load (core/io/resource_loader.cpp:317)
   GDScript backtrace (most recent call first):
       [0] kicker_font (res://scripts/ui/ui_kit.gd:36)
       [1] make_kicker (res://scripts/ui/ui_kit.gd:44)
       [2] _build_pause_sheet (res://scripts/kit/pause_menu.gd:67)
       [3] _ready (res://scripts/kit/pause_menu.gd:25)
       [4] _ready (res://scripts/lower_city/lower_city.gd:42)
       [5] run (res://tools/test_td206.gd:48)
ERROR: Failed loading resource: res://fonts/kicker-cjk.ttf.
   at: _load (core/io/resource_loader.cpp:317)
   GDScript backtrace (most recent call first):
       [0] kicker_font (res://scripts/ui/ui_kit.gd:36)
       [1] make_kicker (res://scripts/ui/ui_kit.gd:44)
       [2] _build_pause_sheet (res://scripts/kit/pause_menu.gd:67)
       [3] _ready (res://scripts/kit/pause_menu.gd:25)
       [4] _ready (res://scripts/lower_city/lower_city.gd:42)
       [5] run (res://tools/test_td206.gd:48)
ERROR: Cannot open file 'res://.godot/imported/display-latin.ttf-00000000000000000000000000000000.fontdata'.
   at: load (core/io/resource_format_binary.cpp:1156)
   GDScript backtrace (most recent call first):
       [0] display_font (res://scripts/ui/ui_kit.gd:29)
       [1] make_display (res://scripts/ui/ui_kit.gd:64)
       [2] _build_pause_sheet (res://scripts/kit/pause_menu.gd:68)
       [3] _ready (res://scripts/kit/pause_menu.gd:25)
       [4] _ready (res://scripts/lower_city/lower_city.gd:42)
       [5] run (res://tools/test_td206.gd:48)
ERROR: Failed loading resource: res://.godot/imported/display-latin.ttf-00000000000000000000000000000000.fontdata.
   at: _load (core/io/resource_loader.cpp:317)
   GDScript backtrace (most recent call first):
       [0] display_font (res://scripts/ui/ui_kit.gd:29)
       [1] make_display (res://scripts/ui/ui_kit.gd:64)
       [2] _build_pause_sheet (res://scripts/kit/pause_menu.gd:68)
       [3] _ready (res://scripts/kit/pause_menu.gd:25)
       [4] _ready (res://scripts/lower_city/lower_city.gd:42)
       [5] run (res://tools/test_td206.gd:48)
ERROR: Failed loading resource: res://fonts/display-latin.ttf.
   at: _load (core/io/resource_loader.cpp:317)
   GDScript backtrace (most recent call first):
       [0] display_font (res://scripts/ui/ui_kit.gd:29)
       [1] make_display (res://scripts/ui/ui_kit.gd:64)
       [2] _build_pause_sheet (res://scripts/kit/pause_menu.gd:68)
       [3] _ready (res://scripts/kit/pause_menu.gd:25)
       [4] _ready (res://scripts/lower_city/lower_city.gd:42)
       [5] run (res://tools/test_td206.gd:48)
ERROR: Cannot open file 'res://.godot/imported/display-latin.ttf-00000000000000000000000000000000.fontdata'.
   at: load (core/io/resource_format_binary.cpp:1156)
   GDScript backtrace (most recent call first):
       [0] _sign (res://scripts/lower_city/fuel_station.gd:91)
       [1] _ready (res://scripts/lower_city/fuel_station.gd:37)
       [2] setup (res://scripts/lower_city/fuel_service.gd:32)
       [3] _ready (res://scripts/lower_city/lower_city.gd:54)
       [4] run (res://tools/test_td206.gd:48)
ERROR: Failed loading resource: res://.godot/imported/display-latin.ttf-00000000000000000000000000000000.fontdata.
   at: _load (core/io/resource_loader.cpp:317)
   GDScript backtrace (most recent call first):
       [0] _sign (res://scripts/lower_city/fuel_station.gd:91)
       [1] _ready (res://scripts/lower_city/fuel_station.gd:37)
       [2] setup (res://scripts/lower_city/fuel_service.gd:32)
       [3] _ready (res://scripts/lower_city/lower_city.gd:54)
       [4] run (res://tools/test_td206.gd:48)
ERROR: Failed loading resource: res://fonts/display-latin.ttf.
   at: _load (core/io/resource_loader.cpp:317)
   GDScript backtrace (most recent call first):
       [0] _sign (res://scripts/lower_city/fuel_station.gd:91)
       [1] _ready (res://scripts/lower_city/fuel_station.gd:37)
       [2] setup (res://scripts/lower_city/fuel_service.gd:32)
       [3] _ready (res://scripts/lower_city/lower_city.gd:54)
       [4] run (res://tools/test_td206.gd:48)
ERROR: Cannot open file 'res://.godot/imported/display-latin.ttf-00000000000000000000000000000000.fontdata'.
   at: load (core/io/resource_format_binary.cpp:1156)
   GDScript backtrace (most recent call first):
       [0] _sign (res://scripts/lower_city/fuel_station.gd:91)
       [1] _ready (res://scripts/lower_city/fuel_station.gd:38)
       [2] setup (res://scripts/lower_city/fuel_service.gd:32)
       [3] _ready (res://scripts/lower_city/lower_city.gd:54)
       [4] run (res://tools/test_td206.gd:48)
ERROR: Failed loading resource: res://.godot/imported/display-latin.ttf-00000000000000000000000000000000.fontdata.
   at: _load (core/io/resource_loader.cpp:317)
   GDScript backtrace (most recent call first):
       [0] _sign (res://scripts/lower_city/fuel_station.gd:91)
       [1] _ready (res://scripts/lower_city/fuel_station.gd:38)
       [2] setup (res://scripts/lower_city/fuel_service.gd:32)
       [3] _ready (res://scripts/lower_city/lower_city.gd:54)
       [4] run (res://tools/test_td206.gd:48)
ERROR: Failed loading resource: res://fonts/display-latin.ttf.
   at: _load (core/io/resource_loader.cpp:317)
   GDScript backtrace (most recent call first):
       [0] _sign (res://scripts/lower_city/fuel_station.gd:91)
       [1] _ready (res://scripts/lower_city/fuel_station.gd:38)
       [2] setup (res://scripts/lower_city/fuel_service.gd:32)
       [3] _ready (res://scripts/lower_city/lower_city.gd:54)
       [4] run (res://tools/test_td206.gd:48)
ERROR: Cannot open file 'res://.godot/imported/display-latin.ttf-00000000000000000000000000000000.fontdata'.
   at: load (core/io/resource_format_binary.cpp:1156)
   GDScript backtrace (most recent call first):
       [0] _sign (res://scripts/lower_city/fuel_station.gd:91)
       [1] _ready (res://scripts/lower_city/fuel_station.gd:39)
       [2] setup (res://scripts/lower_city/fuel_service.gd:32)
       [3] _ready (res://scripts/lower_city/lower_city.gd:54)
       [4] run (res://tools/test_td206.gd:48)
ERROR: Failed loading resource: res://.godot/imported/display-latin.ttf-00000000000000000000000000000000.fontdata.
   at: _load (core/io/resource_loader.cpp:317)
   GDScript backtrace (most recent call first):
       [0] _sign (res://scripts/lower_city/fuel_station.gd:91)
       [1] _ready (res://scripts/lower_city/fuel_station.gd:39)
       [2] setup (res://scripts/lower_city/fuel_service.gd:32)
       [3] _ready (res://scripts/lower_city/lower_city.gd:54)
       [4] run (res://tools/test_td206.gd:48)
ERROR: Failed loading resource: res://fonts/display-latin.ttf.
   at: _load (core/io/resource_loader.cpp:317)
   GDScript backtrace (most recent call first):
       [0] _sign (res://scripts/lower_city/fuel_station.gd:91)
       [1] _ready (res://scripts/lower_city/fuel_station.gd:39)
       [2] setup (res://scripts/lower_city/fuel_service.gd:32)
       [3] _ready (res://scripts/lower_city/lower_city.gd:54)
       [4] run (res://tools/test_td206.gd:48)
ERROR: Cannot open file 'res://.godot/imported/display-latin.ttf-00000000000000000000000000000000.fontdata'.
   at: load (core/io/resource_format_binary.cpp:1156)
   GDScript backtrace (most recent call first):
       [0] _sign (res://scripts/lower_city/fuel_station.gd:91)
       [1] _ready (res://scripts/lower_city/fuel_station.gd:37)
       [2] setup (res://scripts/lower_city/fuel_service.gd:32)
       [3] _ready (res://scripts/lower_city/lower_city.gd:54)
       [4] run (res://tools/test_td206.gd:48)
ERROR: Failed loading resource: res://.godot/imported/display-latin.ttf-00000000000000000000000000000000.fontdata.
   at: _load (core/io/resource_loader.cpp:317)
   GDScript backtrace (most recent call first):
       [0] _sign (res://scripts/lower_city/fuel_station.gd:91)
       [1] _ready (res://scripts/lower_city/fuel_station.gd:37)
       [2] setup (res://scripts/lower_city/fuel_service.gd:32)
       [3] _ready (res://scripts/lower_city/lower_city.gd:54)
       [4] run (res://tools/test_td206.gd:48)
ERROR: Failed loading resource: res://fonts/display-latin.ttf.
   at: _load (core/io/resource_loader.cpp:317)
   GDScript backtrace (most recent call first):
       [0] _sign (res://scripts/lower_city/fuel_station.gd:91)
       [1] _ready (res://scripts/lower_city/fuel_station.gd:37)
       [2] setup (res://scripts/lower_city/fuel_service.gd:32)
       [3] _ready (res://scripts/lower_city/lower_city.gd:54)
       [4] run (res://tools/test_td206.gd:48)
ERROR: Cannot open file 'res://.godot/imported/display-latin.ttf-00000000000000000000000000000000.fontdata'.
   at: load (core/io/resource_format_binary.cpp:1156)
   GDScript backtrace (most recent call first):
       [0] _sign (res://scripts/lower_city/fuel_station.gd:91)
       [1] _ready (res://scripts/lower_city/fuel_station.gd:38)
       [2] setup (res://scripts/lower_city/fuel_service.gd:32)
       [3] _ready (res://scripts/lower_city/lower_city.gd:54)
       [4] run (res://tools/test_td206.gd:48)
ERROR: Failed loading resource: res://.godot/imported/display-latin.ttf-00000000000000000000000000000000.fontdata.
   at: _load (core/io/resource_loader.cpp:317)
   GDScript backtrace (most recent call first):
       [0] _sign (res://scripts/lower_city/fuel_station.gd:91)
       [1] _ready (res://scripts/lower_city/fuel_station.gd:38)
       [2] setup (res://scripts/lower_city/fuel_service.gd:32)
       [3] _ready (res://scripts/lower_city/lower_city.gd:54)
       [4] run (res://tools/test_td206.gd:48)
ERROR: Failed loading resource: res://fonts/display-latin.ttf.
   at: _load (core/io/resource_loader.cpp:317)
   GDScript backtrace (most recent call first):
       [0] _sign (res://scripts/lower_city/fuel_station.gd:91)
       [1] _ready (res://scripts/lower_city/fuel_station.gd:38)
       [2] setup (res://scripts/lower_city/fuel_service.gd:32)
       [3] _ready (res://scripts/lower_city/lower_city.gd:54)
       [4] run (res://tools/test_td206.gd:48)
ERROR: Cannot open file 'res://.godot/imported/display-latin.ttf-00000000000000000000000000000000.fontdata'.
   at: load (core/io/resource_format_binary.cpp:1156)
   GDScript backtrace (most recent call first):
       [0] _sign (res://scripts/lower_city/fuel_station.gd:91)
       [1] _ready (res://scripts/lower_city/fuel_station.gd:39)
       [2] setup (res://scripts/lower_city/fuel_service.gd:32)
       [3] _ready (res://scripts/lower_city/lower_city.gd:54)
       [4] run (res://tools/test_td206.gd:48)
ERROR: Failed loading resource: res://.godot/imported/display-latin.ttf-00000000000000000000000000000000.fontdata.
   at: _load (core/io/resource_loader.cpp:317)
   GDScript backtrace (most recent call first):
       [0] _sign (res://scripts/lower_city/fuel_station.gd:91)
       [1] _ready (res://scripts/lower_city/fuel_station.gd:39)
       [2] setup (res://scripts/lower_city/fuel_service.gd:32)
       [3] _ready (res://scripts/lower_city/lower_city.gd:54)
       [4] run (res://tools/test_td206.gd:48)
ERROR: Failed loading resource: res://fonts/display-latin.ttf.
   at: _load (core/io/resource_loader.cpp:317)
   GDScript backtrace (most recent call first):
       [0] _sign (res://scripts/lower_city/fuel_station.gd:91)
       [1] _ready (res://scripts/lower_city/fuel_station.gd:39)
       [2] setup (res://scripts/lower_city/fuel_service.gd:32)
       [3] _ready (res://scripts/lower_city/lower_city.gd:54)
       [4] run (res://tools/test_td206.gd:48)
ERROR: Cannot open file 'res://.godot/imported/display-latin.ttf-00000000000000000000000000000000.fontdata'.
   at: load (core/io/resource_format_binary.cpp:1156)
   GDScript backtrace (most recent call first):
       [0] _label (res://scripts/lower_city/fuel_hud.gd:84)
       [1] _ready (res://scripts/lower_city/fuel_hud.gd:38)
       [2] _ready (res://scripts/lower_city/lower_city.gd:57)
       [3] run (res://tools/test_td206.gd:48)
ERROR: Failed loading resource: res://.godot/imported/display-latin.ttf-00000000000000000000000000000000.fontdata.
   at: _load (core/io/resource_loader.cpp:317)
   GDScript backtrace (most recent call first):
       [0] _label (res://scripts/lower_city/fuel_hud.gd:84)
       [1] _ready (res://scripts/lower_city/fuel_hud.gd:38)
       [2] _ready (res://scripts/lower_city/lower_city.gd:57)
       [3] run (res://tools/test_td206.gd:48)
ERROR: Failed loading resource: res://fonts/display-latin.ttf.
   at: _load (core/io/resource_loader.cpp:317)
   GDScript backtrace (most recent call first):
       [0] _label (res://scripts/lower_city/fuel_hud.gd:84)
       [1] _ready (res://scripts/lower_city/fuel_hud.gd:38)
       [2] _ready (res://scripts/lower_city/lower_city.gd:57)
       [3] run (res://tools/test_td206.gd:48)
ERROR: Required object "rp_font" is null.
   at: add_theme_font_override (scene/gui/control.cpp:4018)
   GDScript backtrace (most recent call first):
       [0] _label (res://scripts/lower_city/fuel_hud.gd:84)
       [1] _ready (res://scripts/lower_city/fuel_hud.gd:38)
       [2] _ready (res://scripts/lower_city/lower_city.gd:57)
       [3] run (res://tools/test_td206.gd:48)
ERROR: Cannot open file 'res://.godot/imported/display-latin.ttf-00000000000000000000000000000000.fontdata'.
   at: load (core/io/resource_format_binary.cpp:1156)
   GDScript backtrace (most recent call first):
       [0] _label (res://scripts/lower_city/fuel_hud.gd:84)
       [1] _ready (res://scripts/lower_city/fuel_hud.gd:40)
       [2] _ready (res://scripts/lower_city/lower_city.gd:57)
       [3] run (res://tools/test_td206.gd:48)
ERROR: Failed loading resource: res://.godot/imported/display-latin.ttf-00000000000000000000000000000000.fontdata.
   at: _load (core/io/resource_loader.cpp:317)
   GDScript backtrace (most recent call first):
       [0] _label (res://scripts/lower_city/fuel_hud.gd:84)
       [1] _ready (res://scripts/lower_city/fuel_hud.gd:40)
       [2] _ready (res://scripts/lower_city/lower_city.gd:57)
       [3] run (res://tools/test_td206.gd:48)
ERROR: Failed loading resource: res://fonts/display-latin.ttf.
   at: _load (core/io/resource_loader.cpp:317)
   GDScript backtrace (most recent call first):
       [0] _label (res://scripts/lower_city/fuel_hud.gd:84)
       [1] _ready (res://scripts/lower_city/fuel_hud.gd:40)
       [2] _ready (res://scripts/lower_city/lower_city.gd:57)
       [3] run (res://tools/test_td206.gd:48)
ERROR: Required object "rp_font" is null.
   at: add_theme_font_override (scene/gui/control.cpp:4018)
   GDScript backtrace (most recent call first):
       [0] _label (res://scripts/lower_city/fuel_hud.gd:84)
       [1] _ready (res://scripts/lower_city/fuel_hud.gd:40)
       [2] _ready (res://scripts/lower_city/lower_city.gd:57)
       [3] run (res://tools/test_td206.gd:48)
ERROR: Cannot open file 'res://.godot/imported/display-latin.ttf-00000000000000000000000000000000.fontdata'.
   at: load (core/io/resource_format_binary.cpp:1156)
   GDScript backtrace (most recent call first):
       [0] _button (res://scripts/lower_city/fuel_hud.gd:94)
       [1] _ready (res://scripts/lower_city/fuel_hud.gd:42)
       [2] _ready (res://scripts/lower_city/lower_city.gd:57)
       [3] run (res://tools/test_td206.gd:48)
ERROR: Failed loading resource: res://.godot/imported/display-latin.ttf-00000000000000000000000000000000.fontdata.
   at: _load (core/io/resource_loader.cpp:317)
   GDScript backtrace (most recent call first):
       [0] _button (res://scripts/lower_city/fuel_hud.gd:94)
       [1] _ready (res://scripts/lower_city/fuel_hud.gd:42)
       [2] _ready (res://scripts/lower_city/lower_city.gd:57)
       [3] run (res://tools/test_td206.gd:48)
ERROR: Failed loading resource: res://fonts/display-latin.ttf.
   at: _load (core/io/resource_loader.cpp:317)
   GDScript backtrace (most recent call first):
       [0] _button (res://scripts/lower_city/fuel_hud.gd:94)
       [1] _ready (res://scripts/lower_city/fuel_hud.gd:42)
       [2] _ready (res://scripts/lower_city/lower_city.gd:57)
       [3] run (res://tools/test_td206.gd:48)
ERROR: Required object "rp_font" is null.
   at: add_theme_font_override (scene/gui/control.cpp:4018)
   GDScript backtrace (most recent call first):
       [0] _button (res://scripts/lower_city/fuel_hud.gd:94)
       [1] _ready (res://scripts/lower_city/fuel_hud.gd:42)
       [2] _ready (res://scripts/lower_city/lower_city.gd:57)
       [3] run (res://tools/test_td206.gd:48)
ERROR: Cannot open file 'res://.godot/imported/display-latin.ttf-00000000000000000000000000000000.fontdata'.
   at: load (core/io/resource_format_binary.cpp:1156)
   GDScript backtrace (most recent call first):
       [0] _label (res://scripts/lower_city/fuel_hud.gd:84)
       [1] _ready (res://scripts/lower_city/fuel_hud.gd:54)
       [2] _ready (res://scripts/lower_city/lower_city.gd:57)
       [3] run (res://tools/test_td206.gd:48)
ERROR: Failed loading resource: res://.godot/imported/display-latin.ttf-00000000000000000000000000000000.fontdata.
   at: _load (core/io/resource_loader.cpp:317)
   GDScript backtrace (most recent call first):
       [0] _label (res://scripts/lower_city/fuel_hud.gd:84)
       [1] _ready (res://scripts/lower_city/fuel_hud.gd:54)
       [2] _ready (res://scripts/lower_city/lower_city.gd:57)
       [3] run (res://tools/test_td206.gd:48)
ERROR: Failed loading resource: res://fonts/display-latin.ttf.
   at: _load (core/io/resource_loader.cpp:317)
   GDScript backtrace (most recent call first):
       [0] _label (res://scripts/lower_city/fuel_hud.gd:84)
       [1] _ready (res://scripts/lower_city/fuel_hud.gd:54)
       [2] _ready (res://scripts/lower_city/lower_city.gd:57)
       [3] run (res://tools/test_td206.gd:48)
ERROR: Required object "rp_font" is null.
   at: add_theme_font_override (scene/gui/control.cpp:4018)
   GDScript backtrace (most recent call first):
       [0] _label (res://scripts/lower_city/fuel_hud.gd:84)
       [1] _ready (res://scripts/lower_city/fuel_hud.gd:54)
       [2] _ready (res://scripts/lower_city/lower_city.gd:57)
       [3] run (res://tools/test_td206.gd:48)
ERROR: Cannot open file 'res://.godot/imported/display-latin.ttf-00000000000000000000000000000000.fontdata'.
   at: load (core/io/resource_format_binary.cpp:1156)
   GDScript backtrace (most recent call first):
       [0] _button (res://scripts/lower_city/fuel_hud.gd:94)
       [1] _ready (res://scripts/lower_city/fuel_hud.gd:58)
       [2] _ready (res://scripts/lower_city/lower_city.gd:57)
       [3] run (res://tools/test_td206.gd:48)
ERROR: Failed loading resource: res://.godot/imported/display-latin.ttf-00000000000000000000000000000000.fontdata.
   at: _load (core/io/resource_loader.cpp:317)
   GDScript backtrace (most recent call first):
       [0] _button (res://scripts/lower_city/fuel_hud.gd:94)
       [1] _ready (res://scripts/lower_city/fuel_hud.gd:58)
       [2] _ready (res://scripts/lower_city/lower_city.gd:57)
       [3] run (res://tools/test_td206.gd:48)
ERROR: Failed loading resource: res://fonts/display-latin.ttf.
   at: _load (core/io/resource_loader.cpp:317)
   GDScript backtrace (most recent call first):
       [0] _button (res://scripts/lower_city/fuel_hud.gd:94)
       [1] _ready (res://scripts/lower_city/fuel_hud.gd:58)
       [2] _ready (res://scripts/lower_city/lower_city.gd:57)
       [3] run (res://tools/test_td206.gd:48)
ERROR: Required object "rp_font" is null.
   at: add_theme_font_override (scene/gui/control.cpp:4018)
   GDScript backtrace (most recent call first):
       [0] _button (res://scripts/lower_city/fuel_hud.gd:94)
       [1] _ready (res://scripts/lower_city/fuel_hud.gd:58)
       [2] _ready (res://scripts/lower_city/lower_city.gd:57)
       [3] run (res://tools/test_td206.gd:48)
ERROR: Cannot open file 'res://.godot/imported/display-latin.ttf-00000000000000000000000000000000.fontdata'.
   at: load (core/io/resource_format_binary.cpp:1156)
   GDScript backtrace (most recent call first):
       [0] _button (res://scripts/lower_city/fuel_hud.gd:94)
       [1] _ready (res://scripts/lower_city/fuel_hud.gd:61)
       [2] _ready (res://scripts/lower_city/lower_city.gd:57)
       [3] run (res://tools/test_td206.gd:48)
ERROR: Failed loading resource: res://.godot/imported/display-latin.ttf-00000000000000000000000000000000.fontdata.
   at: _load (core/io/resource_loader.cpp:317)
   GDScript backtrace (most recent call first):
       [0] _button (res://scripts/lower_city/fuel_hud.gd:94)
       [1] _ready (res://scripts/lower_city/fuel_hud.gd:61)
       [2] _ready (res://scripts/lower_city/lower_city.gd:57)
       [3] run (res://tools/test_td206.gd:48)
ERROR: Failed loading resource: res://fonts/display-latin.ttf.
   at: _load (core/io/resource_loader.cpp:317)
   GDScript backtrace (most recent call first):
       [0] _button (res://scripts/lower_city/fuel_hud.gd:94)
       [1] _ready (res://scripts/lower_city/fuel_hud.gd:61)
       [2] _ready (res://scripts/lower_city/lower_city.gd:57)
       [3] run (res://tools/test_td206.gd:48)
ERROR: Required object "rp_font" is null.
   at: add_theme_font_override (scene/gui/control.cpp:4018)
   GDScript backtrace (most recent call first):
       [0] _button (res://scripts/lower_city/fuel_hud.gd:94)
       [1] _ready (res://scripts/lower_city/fuel_hud.gd:61)
       [2] _ready (res://scripts/lower_city/lower_city.gd:57)
       [3] run (res://tools/test_td206.gd:48)
ERROR: Cannot open file 'res://.godot/imported/display-latin.ttf-00000000000000000000000000000000.fontdata'.
   at: load (core/io/resource_format_binary.cpp:1156)
   GDScript backtrace (most recent call first):
       [0] _button (res://scripts/lower_city/fuel_hud.gd:94)
       [1] _ready (res://scripts/lower_city/fuel_hud.gd:64)
       [2] _ready (res://scripts/lower_city/lower_city.gd:57)
       [3] run (res://tools/test_td206.gd:48)
ERROR: Failed loading resource: res://.godot/imported/display-latin.ttf-00000000000000000000000000000000.fontdata.
   at: _load (core/io/resource_loader.cpp:317)
   GDScript backtrace (most recent call first):
       [0] _button (res://scripts/lower_city/fuel_hud.gd:94)
       [1] _ready (res://scripts/lower_city/fuel_hud.gd:64)
       [2] _ready (res://scripts/lower_city/lower_city.gd:57)
       [3] run (res://tools/test_td206.gd:48)
ERROR: Failed loading resource: res://fonts/display-latin.ttf.
   at: _load (core/io/resource_loader.cpp:317)
   GDScript backtrace (most recent call first):
       [0] _button (res://scripts/lower_city/fuel_hud.gd:94)
       [1] _ready (res://scripts/lower_city/fuel_hud.gd:64)
       [2] _ready (res://scripts/lower_city/lower_city.gd:57)
       [3] run (res://tools/test_td206.gd:48)
ERROR: Required object "rp_font" is null.
   at: add_theme_font_override (scene/gui/control.cpp:4018)
   GDScript backtrace (most recent call first):
       [0] _button (res://scripts/lower_city/fuel_hud.gd:94)
       [1] _ready (res://scripts/lower_city/fuel_hud.gd:64)
       [2] _ready (res://scripts/lower_city/lower_city.gd:57)
       [3] run (res://tools/test_td206.gd:48)
ERROR: Cannot open file 'res://.godot/imported/display-latin.ttf-00000000000000000000000000000000.fontdata'.
   at: load (core/io/resource_format_binary.cpp:1156)
   GDScript backtrace (most recent call first):
       [0] display_font (res://scripts/ui/ui_kit.gd:29)
       [1] _draw (res://scripts/ui/skew_button.gd:38)
ERROR: Failed loading resource: res://.godot/imported/display-latin.ttf-00000000000000000000000000000000.fontdata.
   at: _load (core/io/resource_loader.cpp:317)
   GDScript backtrace (most recent call first):
       [0] display_font (res://scripts/ui/ui_kit.gd:29)
       [1] _draw (res://scripts/ui/skew_button.gd:38)
ERROR: Failed loading resource: res://fonts/display-latin.ttf.
   at: _load (core/io/resource_loader.cpp:317)
   GDScript backtrace (most recent call first):
       [0] display_font (res://scripts/ui/ui_kit.gd:29)
       [1] _draw (res://scripts/ui/skew_button.gd:38)
TD206_CHECK PASS fresh run has sufficient starting cash
TD206_CHECK PASS two stations in active Lower City
TD206_CHECK PASS quay_west supported clear bay and drive-away corridor
TD206_CHECK PASS quay_west actual station recognizes current vehicle
TD206_CHECK PASS full tank no charge
TD206_CHECK PASS partial tank quote discloses flat fill and balance
TD206_CHECK PASS partial fill paid exactly once
TD206_CHECK PASS repeated confirmation cannot double debit
TD206_CHECK PASS insufficient funds no debit/fuel
TD206_CHECK PASS changed wallet invalidates quote
TD206_CHECK PASS empty tank at station pays only fill
TD206_CHECK PASS quay_east supported clear bay and drive-away corridor
TD206_CHECK PASS quay_east actual station recognizes current vehicle
TD206_CHECK PASS full tank no charge
TD206_CHECK PASS partial tank quote discloses flat fill and balance
TD206_CHECK PASS partial fill paid exactly once
TD206_CHECK PASS repeated confirmation cannot double debit
TD206_CHECK PASS insufficient funds no debit/fuel
TD206_CHECK PASS changed wallet invalidates quote
TD206_CHECK PASS empty tank at station pays only fill
TD206_CHECK PASS read-only range snapshot cannot mutate tank
TD206_CHECK PASS low-range warning is visible before empty
TD206_CHECK PASS automatic placement is not paid tow or distance travel
TD206_CHECK PASS empty engine: held forward/reverse/nitro cannot drive
TD206_CHECK PASS premium tow quote includes disclosed full fill
TD206_CHECK PASS paid empty tow reaches real station and restores range
TD206_CHECK PASS tow emitted one settlement
TD206_CHECK PASS cargo failure does not mark car wrecked
TD206_CHECK PASS chassis interface blocks powered driving
TD206_CHECK PASS paid salvage clears event once
TD206_CHECK PASS salvage returns safely near home
TD206_CHECK PASS paid service unavailable during automatic arrest
TD206_CHECK PASS unaffordable wreck shows explicit game over
TD206_CHECK PASS unaffordable empty fuel has distinct game-over cause
ERROR: Cannot open file 'res://.godot/imported/kicker-cjk.ttf-00000000000000000000000000000000.fontdata'.
   at: load (core/io/resource_format_binary.cpp:1156)
   GDScript backtrace (most recent call first):
       [0] kicker_font (res://scripts/ui/ui_kit.gd:36)
       [1] make_kicker (res://scripts/ui/ui_kit.gd:44)
       [2] _build_pause_sheet (res://scripts/kit/pause_menu.gd:67)
       [3] _ready (res://scripts/kit/pause_menu.gd:25)
       [4] _ready (res://scripts/lower_city/lower_city.gd:42)
ERROR: Failed loading resource: res://.godot/imported/kicker-cjk.ttf-00000000000000000000000000000000.fontdata.
   at: _load (core/io/resource_loader.cpp:317)
   GDScript backtrace (most recent call first):
       [0] kicker_font (res://scripts/ui/ui_kit.gd:36)
       [1] make_kicker (res://scripts/ui/ui_kit.gd:44)
       [2] _build_pause_sheet (res://scripts/kit/pause_menu.gd:67)
       [3] _ready (res://scripts/kit/pause_menu.gd:25)
       [4] _ready (res://scripts/lower_city/lower_city.gd:42)
ERROR: Failed loading resource: res://fonts/kicker-cjk.ttf.
   at: _load (core/io/resource_loader.cpp:317)
   GDScript backtrace (most recent call first):
       [0] kicker_font (res://scripts/ui/ui_kit.gd:36)
       [1] make_kicker (res://scripts/ui/ui_kit.gd:44)
       [2] _build_pause_sheet (res://scripts/kit/pause_menu.gd:67)
       [3] _ready (res://scripts/kit/pause_menu.gd:25)
       [4] _ready (res://scripts/lower_city/lower_city.gd:42)
ERROR: Cannot open file 'res://.godot/imported/display-latin.ttf-00000000000000000000000000000000.fontdata'.
   at: load (core/io/resource_format_binary.cpp:1156)
   GDScript backtrace (most recent call first):
       [0] display_font (res://scripts/ui/ui_kit.gd:29)
       [1] make_display (res://scripts/ui/ui_kit.gd:64)
       [2] _build_pause_sheet (res://scripts/kit/pause_menu.gd:68)
       [3] _ready (res://scripts/kit/pause_menu.gd:25)
       [4] _ready (res://scripts/lower_city/lower_city.gd:42)
ERROR: Failed loading resource: res://.godot/imported/display-latin.ttf-00000000000000000000000000000000.fontdata.
   at: _load (core/io/resource_loader.cpp:317)
   GDScript backtrace (most recent call first):
       [0] display_font (res://scripts/ui/ui_kit.gd:29)
       [1] make_display (res://scripts/ui/ui_kit.gd:64)
       [2] _build_pause_sheet (res://scripts/kit/pause_menu.gd:68)
       [3] _ready (res://scripts/kit/pause_menu.gd:25)
       [4] _ready (res://scripts/lower_city/lower_city.gd:42)
ERROR: Failed loading resource: res://fonts/display-latin.ttf.
   at: _load (core/io/resource_loader.cpp:317)
   GDScript backtrace (most recent call first):
       [0] display_font (res://scripts/ui/ui_kit.gd:29)
       [1] make_display (res://scripts/ui/ui_kit.gd:64)
       [2] _build_pause_sheet (res://scripts/kit/pause_menu.gd:68)
       [3] _ready (res://scripts/kit/pause_menu.gd:25)
       [4] _ready (res://scripts/lower_city/lower_city.gd:42)
ERROR: Cannot open file 'res://.godot/imported/display-latin.ttf-00000000000000000000000000000000.fontdata'.
   at: load (core/io/resource_format_binary.cpp:1156)
   GDScript backtrace (most recent call first):
       [0] _sign (res://scripts/lower_city/fuel_station.gd:91)
       [1] _ready (res://scripts/lower_city/fuel_station.gd:37)
       [2] setup (res://scripts/lower_city/fuel_service.gd:32)
       [3] _ready (res://scripts/lower_city/lower_city.gd:54)
ERROR: Failed loading resource: res://.godot/imported/display-latin.ttf-00000000000000000000000000000000.fontdata.
   at: _load (core/io/resource_loader.cpp:317)
   GDScript backtrace (most recent call first):
       [0] _sign (res://scripts/lower_city/fuel_station.gd:91)
       [1] _ready (res://scripts/lower_city/fuel_station.gd:37)
       [2] setup (res://scripts/lower_city/fuel_service.gd:32)
       [3] _ready (res://scripts/lower_city/lower_city.gd:54)
ERROR: Failed loading resource: res://fonts/display-latin.ttf.
   at: _load (core/io/resource_loader.cpp:317)
   GDScript backtrace (most recent call first):
       [0] _sign (res://scripts/lower_city/fuel_station.gd:91)
       [1] _ready (res://scripts/lower_city/fuel_station.gd:37)
       [2] setup (res://scripts/lower_city/fuel_service.gd:32)
       [3] _ready (res://scripts/lower_city/lower_city.gd:54)
ERROR: Cannot open file 'res://.godot/imported/display-latin.ttf-00000000000000000000000000000000.fontdata'.
   at: load (core/io/resource_format_binary.cpp:1156)
   GDScript backtrace (most recent call first):
       [0] _sign (res://scripts/lower_city/fuel_station.gd:91)
       [1] _ready (res://scripts/lower_city/fuel_station.gd:38)
       [2] setup (res://scripts/lower_city/fuel_service.gd:32)
       [3] _ready (res://scripts/lower_city/lower_city.gd:54)
ERROR: Failed loading resource: res://.godot/imported/display-latin.ttf-00000000000000000000000000000000.fontdata.
   at: _load (core/io/resource_loader.cpp:317)
   GDScript backtrace (most recent call first):
       [0] _sign (res://scripts/lower_city/fuel_station.gd:91)
       [1] _ready (res://scripts/lower_city/fuel_station.gd:38)
       [2] setup (res://scripts/lower_city/fuel_service.gd:32)
       [3] _ready (res://scripts/lower_city/lower_city.gd:54)
ERROR: Failed loading resource: res://fonts/display-latin.ttf.
   at: _load (core/io/resource_loader.cpp:317)
   GDScript backtrace (most recent call first):
       [0] _sign (res://scripts/lower_city/fuel_station.gd:91)
       [1] _ready (res://scripts/lower_city/fuel_station.gd:38)
       [2] setup (res://scripts/lower_city/fuel_service.gd:32)
       [3] _ready (res://scripts/lower_city/lower_city.gd:54)
ERROR: Cannot open file 'res://.godot/imported/display-latin.ttf-00000000000000000000000000000000.fontdata'.
   at: load (core/io/resource_format_binary.cpp:1156)
   GDScript backtrace (most recent call first):
       [0] _sign (res://scripts/lower_city/fuel_station.gd:91)
       [1] _ready (res://scripts/lower_city/fuel_station.gd:39)
       [2] setup (res://scripts/lower_city/fuel_service.gd:32)
       [3] _ready (res://scripts/lower_city/lower_city.gd:54)
ERROR: Failed loading resource: res://.godot/imported/display-latin.ttf-00000000000000000000000000000000.fontdata.
   at: _load (core/io/resource_loader.cpp:317)
   GDScript backtrace (most recent call first):
       [0] _sign (res://scripts/lower_city/fuel_station.gd:91)
       [1] _ready (res://scripts/lower_city/fuel_station.gd:39)
       [2] setup (res://scripts/lower_city/fuel_service.gd:32)
       [3] _ready (res://scripts/lower_city/lower_city.gd:54)
ERROR: Failed loading resource: res://fonts/display-latin.ttf.
   at: _load (core/io/resource_loader.cpp:317)
   GDScript backtrace (most recent call first):
       [0] _sign (res://scripts/lower_city/fuel_station.gd:91)
       [1] _ready (res://scripts/lower_city/fuel_station.gd:39)
       [2] setup (res://scripts/lower_city/fuel_service.gd:32)
       [3] _ready (res://scripts/lower_city/lower_city.gd:54)
ERROR: Cannot open file 'res://.godot/imported/display-latin.ttf-00000000000000000000000000000000.fontdata'.
   at: load (core/io/resource_format_binary.cpp:1156)
   GDScript backtrace (most recent call first):
       [0] _sign (res://scripts/lower_city/fuel_station.gd:91)
       [1] _ready (res://scripts/lower_city/fuel_station.gd:37)
       [2] setup (res://scripts/lower_city/fuel_service.gd:32)
       [3] _ready (res://scripts/lower_city/lower_city.gd:54)
ERROR: Failed loading resource: res://.godot/imported/display-latin.ttf-00000000000000000000000000000000.fontdata.
   at: _load (core/io/resource_loader.cpp:317)
   GDScript backtrace (most recent call first):
       [0] _sign (res://scripts/lower_city/fuel_station.gd:91)
       [1] _ready (res://scripts/lower_city/fuel_station.gd:37)
       [2] setup (res://scripts/lower_city/fuel_service.gd:32)
       [3] _ready (res://scripts/lower_city/lower_city.gd:54)
ERROR: Failed loading resource: res://fonts/display-latin.ttf.
   at: _load (core/io/resource_loader.cpp:317)
   GDScript backtrace (most recent call first):
       [0] _sign (res://scripts/lower_city/fuel_station.gd:91)
       [1] _ready (res://scripts/lower_city/fuel_station.gd:37)
       [2] setup (res://scripts/lower_city/fuel_service.gd:32)
       [3] _ready (res://scripts/lower_city/lower_city.gd:54)
ERROR: Cannot open file 'res://.godot/imported/display-latin.ttf-00000000000000000000000000000000.fontdata'.
   at: load (core/io/resource_format_binary.cpp:1156)
   GDScript backtrace (most recent call first):
       [0] _sign (res://scripts/lower_city/fuel_station.gd:91)
       [1] _ready (res://scripts/lower_city/fuel_station.gd:38)
       [2] setup (res://scripts/lower_city/fuel_service.gd:32)
       [3] _ready (res://scripts/lower_city/lower_city.gd:54)
ERROR: Failed loading resource: res://.godot/imported/display-latin.ttf-00000000000000000000000000000000.fontdata.
   at: _load (core/io/resource_loader.cpp:317)
   GDScript backtrace (most recent call first):
       [0] _sign (res://scripts/lower_city/fuel_station.gd:91)
       [1] _ready (res://scripts/lower_city/fuel_station.gd:38)
       [2] setup (res://scripts/lower_city/fuel_service.gd:32)
       [3] _ready (res://scripts/lower_city/lower_city.gd:54)
ERROR: Failed loading resource: res://fonts/display-latin.ttf.
   at: _load (core/io/resource_loader.cpp:317)
   GDScript backtrace (most recent call first):
       [0] _sign (res://scripts/lower_city/fuel_station.gd:91)
       [1] _ready (res://scripts/lower_city/fuel_station.gd:38)
       [2] setup (res://scripts/lower_city/fuel_service.gd:32)
       [3] _ready (res://scripts/lower_city/lower_city.gd:54)
ERROR: Cannot open file 'res://.godot/imported/display-latin.ttf-00000000000000000000000000000000.fontdata'.
   at: load (core/io/resource_format_binary.cpp:1156)
   GDScript backtrace (most recent call first):
       [0] _sign (res://scripts/lower_city/fuel_station.gd:91)
       [1] _ready (res://scripts/lower_city/fuel_station.gd:39)
       [2] setup (res://scripts/lower_city/fuel_service.gd:32)
       [3] _ready (res://scripts/lower_city/lower_city.gd:54)
ERROR: Failed loading resource: res://.godot/imported/display-latin.ttf-00000000000000000000000000000000.fontdata.
   at: _load (core/io/resource_loader.cpp:317)
   GDScript backtrace (most recent call first):
       [0] _sign (res://scripts/lower_city/fuel_station.gd:91)
       [1] _ready (res://scripts/lower_city/fuel_station.gd:39)
       [2] setup (res://scripts/lower_city/fuel_service.gd:32)
       [3] _ready (res://scripts/lower_city/lower_city.gd:54)
ERROR: Failed loading resource: res://fonts/display-latin.ttf.
   at: _load (core/io/resource_loader.cpp:317)
   GDScript backtrace (most recent call first):
       [0] _sign (res://scripts/lower_city/fuel_station.gd:91)
       [1] _ready (res://scripts/lower_city/fuel_station.gd:39)
       [2] setup (res://scripts/lower_city/fuel_service.gd:32)
       [3] _ready (res://scripts/lower_city/lower_city.gd:54)
ERROR: Cannot open file 'res://.godot/imported/display-latin.ttf-00000000000000000000000000000000.fontdata'.
   at: load (core/io/resource_format_binary.cpp:1156)
   GDScript backtrace (most recent call first):
       [0] _label (res://scripts/lower_city/fuel_hud.gd:84)
       [1] _ready (res://scripts/lower_city/fuel_hud.gd:38)
       [2] _ready (res://scripts/lower_city/lower_city.gd:57)
ERROR: Failed loading resource: res://.godot/imported/display-latin.ttf-00000000000000000000000000000000.fontdata.
   at: _load (core/io/resource_loader.cpp:317)
   GDScript backtrace (most recent call first):
       [0] _label (res://scripts/lower_city/fuel_hud.gd:84)
       [1] _ready (res://scripts/lower_city/fuel_hud.gd:38)
       [2] _ready (res://scripts/lower_city/lower_city.gd:57)
ERROR: Failed loading resource: res://fonts/display-latin.ttf.
   at: _load (core/io/resource_loader.cpp:317)
   GDScript backtrace (most recent call first):
       [0] _label (res://scripts/lower_city/fuel_hud.gd:84)
       [1] _ready (res://scripts/lower_city/fuel_hud.gd:38)
       [2] _ready (res://scripts/lower_city/lower_city.gd:57)
ERROR: Required object "rp_font" is null.
   at: add_theme_font_override (scene/gui/control.cpp:4018)
   GDScript backtrace (most recent call first):
       [0] _label (res://scripts/lower_city/fuel_hud.gd:84)
       [1] _ready (res://scripts/lower_city/fuel_hud.gd:38)
       [2] _ready (res://scripts/lower_city/lower_city.gd:57)
ERROR: Cannot open file 'res://.godot/imported/display-latin.ttf-00000000000000000000000000000000.fontdata'.
   at: load (core/io/resource_format_binary.cpp:1156)
   GDScript backtrace (most recent call first):
       [0] _label (res://scripts/lower_city/fuel_hud.gd:84)
       [1] _ready (res://scripts/lower_city/fuel_hud.gd:40)
       [2] _ready (res://scripts/lower_city/lower_city.gd:57)
ERROR: Failed loading resource: res://.godot/imported/display-latin.ttf-00000000000000000000000000000000.fontdata.
   at: _load (core/io/resource_loader.cpp:317)
   GDScript backtrace (most recent call first):
       [0] _label (res://scripts/lower_city/fuel_hud.gd:84)
       [1] _ready (res://scripts/lower_city/fuel_hud.gd:40)
       [2] _ready (res://scripts/lower_city/lower_city.gd:57)
ERROR: Failed loading resource: res://fonts/display-latin.ttf.
   at: _load (core/io/resource_loader.cpp:317)
   GDScript backtrace (most recent call first):
       [0] _label (res://scripts/lower_city/fuel_hud.gd:84)
       [1] _ready (res://scripts/lower_city/fuel_hud.gd:40)
       [2] _ready (res://scripts/lower_city/lower_city.gd:57)
ERROR: Required object "rp_font" is null.
   at: add_theme_font_override (scene/gui/control.cpp:4018)
   GDScript backtrace (most recent call first):
       [0] _label (res://scripts/lower_city/fuel_hud.gd:84)
       [1] _ready (res://scripts/lower_city/fuel_hud.gd:40)
       [2] _ready (res://scripts/lower_city/lower_city.gd:57)
ERROR: Cannot open file 'res://.godot/imported/display-latin.ttf-00000000000000000000000000000000.fontdata'.
   at: load (core/io/resource_format_binary.cpp:1156)
   GDScript backtrace (most recent call first):
       [0] _button (res://scripts/lower_city/fuel_hud.gd:94)
       [1] _ready (res://scripts/lower_city/fuel_hud.gd:42)
       [2] _ready (res://scripts/lower_city/lower_city.gd:57)
ERROR: Failed loading resource: res://.godot/imported/display-latin.ttf-00000000000000000000000000000000.fontdata.
   at: _load (core/io/resource_loader.cpp:317)
   GDScript backtrace (most recent call first):
       [0] _button (res://scripts/lower_city/fuel_hud.gd:94)
       [1] _ready (res://scripts/lower_city/fuel_hud.gd:42)
       [2] _ready (res://scripts/lower_city/lower_city.gd:57)
ERROR: Failed loading resource: res://fonts/display-latin.ttf.
   at: _load (core/io/resource_loader.cpp:317)
   GDScript backtrace (most recent call first):
       [0] _button (res://scripts/lower_city/fuel_hud.gd:94)
       [1] _ready (res://scripts/lower_city/fuel_hud.gd:42)
       [2] _ready (res://scripts/lower_city/lower_city.gd:57)
ERROR: Required object "rp_font" is null.
   at: add_theme_font_override (scene/gui/control.cpp:4018)
   GDScript backtrace (most recent call first):
       [0] _button (res://scripts/lower_city/fuel_hud.gd:94)
       [1] _ready (res://scripts/lower_city/fuel_hud.gd:42)
       [2] _ready (res://scripts/lower_city/lower_city.gd:57)
ERROR: Cannot open file 'res://.godot/imported/display-latin.ttf-00000000000000000000000000000000.fontdata'.
   at: load (core/io/resource_format_binary.cpp:1156)
   GDScript backtrace (most recent call first):
       [0] _label (res://scripts/lower_city/fuel_hud.gd:84)
       [1] _ready (res://scripts/lower_city/fuel_hud.gd:54)
       [2] _ready (res://scripts/lower_city/lower_city.gd:57)
ERROR: Failed loading resource: res://.godot/imported/display-latin.ttf-00000000000000000000000000000000.fontdata.
   at: _load (core/io/resource_loader.cpp:317)
   GDScript backtrace (most recent call first):
       [0] _label (res://scripts/lower_city/fuel_hud.gd:84)
       [1] _ready (res://scripts/lower_city/fuel_hud.gd:54)
       [2] _ready (res://scripts/lower_city/lower_city.gd:57)
ERROR: Failed loading resource: res://fonts/display-latin.ttf.
   at: _load (core/io/resource_loader.cpp:317)
   GDScript backtrace (most recent call first):
       [0] _label (res://scripts/lower_city/fuel_hud.gd:84)
       [1] _ready (res://scripts/lower_city/fuel_hud.gd:54)
       [2] _ready (res://scripts/lower_city/lower_city.gd:57)
ERROR: Required object "rp_font" is null.
   at: add_theme_font_override (scene/gui/control.cpp:4018)
   GDScript backtrace (most recent call first):
       [0] _label (res://scripts/lower_city/fuel_hud.gd:84)
       [1] _ready (res://scripts/lower_city/fuel_hud.gd:54)
       [2] _ready (res://scripts/lower_city/lower_city.gd:57)
ERROR: Cannot open file 'res://.godot/imported/display-latin.ttf-00000000000000000000000000000000.fontdata'.
   at: load (core/io/resource_format_binary.cpp:1156)
   GDScript backtrace (most recent call first):
       [0] _button (res://scripts/lower_city/fuel_hud.gd:94)
       [1] _ready (res://scripts/lower_city/fuel_hud.gd:58)
       [2] _ready (res://scripts/lower_city/lower_city.gd:57)
ERROR: Failed loading resource: res://.godot/imported/display-latin.ttf-00000000000000000000000000000000.fontdata.
   at: _load (core/io/resource_loader.cpp:317)
   GDScript backtrace (most recent call first):
       [0] _button (res://scripts/lower_city/fuel_hud.gd:94)
       [1] _ready (res://scripts/lower_city/fuel_hud.gd:58)
       [2] _ready (res://scripts/lower_city/lower_city.gd:57)
ERROR: Failed loading resource: res://fonts/display-latin.ttf.
   at: _load (core/io/resource_loader.cpp:317)
   GDScript backtrace (most recent call first):
       [0] _button (res://scripts/lower_city/fuel_hud.gd:94)
       [1] _ready (res://scripts/lower_city/fuel_hud.gd:58)
       [2] _ready (res://scripts/lower_city/lower_city.gd:57)
ERROR: Required object "rp_font" is null.
   at: add_theme_font_override (scene/gui/control.cpp:4018)
   GDScript backtrace (most recent call first):
       [0] _button (res://scripts/lower_city/fuel_hud.gd:94)
       [1] _ready (res://scripts/lower_city/fuel_hud.gd:58)
       [2] _ready (res://scripts/lower_city/lower_city.gd:57)
ERROR: Cannot open file 'res://.godot/imported/display-latin.ttf-00000000000000000000000000000000.fontdata'.
   at: load (core/io/resource_format_binary.cpp:1156)
   GDScript backtrace (most recent call first):
       [0] _button (res://scripts/lower_city/fuel_hud.gd:94)
       [1] _ready (res://scripts/lower_city/fuel_hud.gd:61)
       [2] _ready (res://scripts/lower_city/lower_city.gd:57)
ERROR: Failed loading resource: res://.godot/imported/display-latin.ttf-00000000000000000000000000000000.fontdata.
   at: _load (core/io/resource_loader.cpp:317)
   GDScript backtrace (most recent call first):
       [0] _button (res://scripts/lower_city/fuel_hud.gd:94)
       [1] _ready (res://scripts/lower_city/fuel_hud.gd:61)
       [2] _ready (res://scripts/lower_city/lower_city.gd:57)
ERROR: Failed loading resource: res://fonts/display-latin.ttf.
   at: _load (core/io/resource_loader.cpp:317)
   GDScript backtrace (most recent call first):
       [0] _button (res://scripts/lower_city/fuel_hud.gd:94)
       [1] _ready (res://scripts/lower_city/fuel_hud.gd:61)
       [2] _ready (res://scripts/lower_city/lower_city.gd:57)
ERROR: Required object "rp_font" is null.
   at: add_theme_font_override (scene/gui/control.cpp:4018)
   GDScript backtrace (most recent call first):
       [0] _button (res://scripts/lower_city/fuel_hud.gd:94)
       [1] _ready (res://scripts/lower_city/fuel_hud.gd:61)
       [2] _ready (res://scripts/lower_city/lower_city.gd:57)
ERROR: Cannot open file 'res://.godot/imported/display-latin.ttf-00000000000000000000000000000000.fontdata'.
   at: load (core/io/resource_format_binary.cpp:1156)
   GDScript backtrace (most recent call first):
       [0] _button (res://scripts/lower_city/fuel_hud.gd:94)
       [1] _ready (res://scripts/lower_city/fuel_hud.gd:64)
       [2] _ready (res://scripts/lower_city/lower_city.gd:57)
ERROR: Failed loading resource: res://.godot/imported/display-latin.ttf-00000000000000000000000000000000.fontdata.
   at: _load (core/io/resource_loader.cpp:317)
   GDScript backtrace (most recent call first):
       [0] _button (res://scripts/lower_city/fuel_hud.gd:94)
       [1] _ready (res://scripts/lower_city/fuel_hud.gd:64)
       [2] _ready (res://scripts/lower_city/lower_city.gd:57)
ERROR: Failed loading resource: res://fonts/display-latin.ttf.
   at: _load (core/io/resource_loader.cpp:317)
   GDScript backtrace (most recent call first):
       [0] _button (res://scripts/lower_city/fuel_hud.gd:94)
       [1] _ready (res://scripts/lower_city/fuel_hud.gd:64)
       [2] _ready (res://scripts/lower_city/lower_city.gd:57)
ERROR: Required object "rp_font" is null.
   at: add_theme_font_override (scene/gui/control.cpp:4018)
   GDScript backtrace (most recent call first):
       [0] _button (res://scripts/lower_city/fuel_hud.gd:94)
       [1] _ready (res://scripts/lower_city/fuel_hud.gd:64)
       [2] _ready (res://scripts/lower_city/lower_city.gd:57)
ERROR: Cannot open file 'res://.godot/imported/display-latin.ttf-00000000000000000000000000000000.fontdata'.
   at: load (core/io/resource_format_binary.cpp:1156)
   GDScript backtrace (most recent call first):
       [0] display_font (res://scripts/ui/ui_kit.gd:29)
       [1] _draw (res://scripts/ui/skew_button.gd:38)
ERROR: Failed loading resource: res://.godot/imported/display-latin.ttf-00000000000000000000000000000000.fontdata.
   at: _load (core/io/resource_loader.cpp:317)
   GDScript backtrace (most recent call first):
       [0] display_font (res://scripts/ui/ui_kit.gd:29)
       [1] _draw (res://scripts/ui/skew_button.gd:38)
ERROR: Failed loading resource: res://fonts/display-latin.ttf.
   at: _load (core/io/resource_loader.cpp:317)
   GDScript backtrace (most recent call first):
       [0] display_font (res://scripts/ui/ui_kit.gd:29)
       [1] _draw (res://scripts/ui/skew_button.gd:38)
TD206_CHECK PASS actual fresh-run scene resets run ledger and fuel without file deletion
TD206_CHECK PASS reload has no pending transaction to replay (run-scoped, no persistence)
TD206_RESULT {"checks":48,"failures":0,"settlements":6}
