Godot Engine v4.7.2.stable.official.ed1daf0bf - https://godotengine.org

Unable to open Android 'build-tools' directory.
[   0% ] [90m[1mfirst_scan_filesystem[22m | Started Project initialization (5 steps)[39m[0m
[   0% ] [90m[1mfirst_scan_filesystem[22m | Scanning file structure...[39m[0m
[  16% ] [90m[1mfirst_scan_filesystem[22m | Loading global class names...[39m[0m
[  33% ] [90m[1mfirst_scan_filesystem[22m | Verifying GDExtensions...[39m[0m
[  50% ] [90m[1mfirst_scan_filesystem[22m | Creating autoload scripts...[39m[0m
[  66% ] [90m[1mfirst_scan_filesystem[22m | Initializing plugins...[39m[0m
[  83% ] [90m[1mfirst_scan_filesystem[22m | Starting file scan...[39m[0m
[92m[ DONE ][39m [1mfirst_scan_filesystem[22m
[0m
[   0% ] [90m[1mupdate_scripts_classes[22m | Started Registering global classes... (5 steps)[39m[0m
[   0% ] [90m[1mupdate_scripts_classes[22m | FuelHud[39m[0m
[  16% ] [90m[1mupdate_scripts_classes[22m | [39m[0m
[  33% ] [90m[1mupdate_scripts_classes[22m | [39m[0m
[  50% ] [90m[1mupdate_scripts_classes[22m | [39m[0m
[  66% ] [90m[1mupdate_scripts_classes[22m | [39m[0m
[92m[ DONE ][39m [1mupdate_scripts_classes[22m
[0m
[   0% ] [90m[1m_update_scan_actions[22m | Started Scanning actions... (15 steps)[39m[0m
[   0% ] [90m[1m_update_scan_actions[22m | quay_east-approach.png[39m[0m
[   6% ] [90m[1m_update_scan_actions[22m | quay_east-wide.png[39m[0m
[  12% ] [90m[1m_update_scan_actions[22m | quay_west-approach.png[39m[0m
[  18% ] [90m[1m_update_scan_actions[22m | quay_west-wide.png[39m[0m
[  25% ] [90m[1m_update_scan_actions[22m | empty-tow-confirm.png[39m[0m
[  31% ] [90m[1m_update_scan_actions[22m | fuel-game-over.png[39m[0m
[  37% ] [90m[1m_update_scan_actions[22m | landscape-confirm.png[39m[0m
[  43% ] [90m[1m_update_scan_actions[22m | landscape-low-range.png[39m[0m
[  50% ] [90m[1m_update_scan_actions[22m | landscape-paid.png[39m[0m
[  56% ] [90m[1m_update_scan_actions[22m | portrait-confirm.png[39m[0m
[  62% ] [90m[1m_update_scan_actions[22m | portrait-low-range.png[39m[0m
[  68% ] [90m[1m_update_scan_actions[22m | portrait-paid.png[39m[0m
[  75% ] [90m[1m_update_scan_actions[22m | wreck-game-over.png[39m[0m
[  81% ] [90m[1m_update_scan_actions[22m | wreck-salvage-confirm.png[39m[0m
[  87% ] [90m[1m_update_scan_actions[22m | station-plan.png[39m[0m
[92m[ DONE ][39m [1m_update_scan_actions[22m
[0m
[   0% ] [90m[1mreimport[22m | Started (Re)Importing Assets (15 steps)[39m[0m
[   0% ] [90m[1mreimport[22m | Preparing files to reimport...[39m[0m
[   6% ] [90m[1mreimport[22m | Preparing files to reimport...[39m[0m
[  12% ] [90m[1mreimport[22m | Preparing files to reimport...[39m[0m
[  18% ] [90m[1mreimport[22m | Preparing files to reimport...[39m[0m
[  25% ] [90m[1mreimport[22m | Preparing files to reimport...[39m[0m
[  31% ] [90m[1mreimport[22m | Preparing files to reimport...[39m[0m
[  37% ] [90m[1mreimport[22m | Preparing files to reimport...[39m[0m
[  43% ] [90m[1mreimport[22m | Preparing files to reimport...[39m[0m
[  50% ] [90m[1mreimport[22m | Preparing files to reimport...[39m[0m
[  56% ] [90m[1mreimport[22m | Preparing files to reimport...[39m[0m
[  62% ] [90m[1mreimport[22m | Preparing files to reimport...[39m[0m
[  68% ] [90m[1mreimport[22m | Preparing files to reimport...[39m[0m
[  75% ] [90m[1mreimport[22m | Preparing files to reimport...[39m[0m
[  81% ] [90m[1mreimport[22m | Preparing files to reimport...[39m[0m
[  87% ] [90m[1mreimport[22m | Preparing files to reimport...[39m[0m
[   0% ] [90m[1mreimport[22m | Executing pre-reimport operations...[39m[0m
[   0% ] [90m[1mreimport[22m | quay_east-approach.png[39m[0m
[   6% ] [90m[1mreimport[22m | quay_east-wide.png[39m[0m
[  12% ] [90m[1mreimport[22m | quay_west-approach.png[39m[0m
[  18% ] [90m[1mreimport[22m | quay_west-wide.png[39m[0m
[  25% ] [90m[1mreimport[22m | empty-tow-confirm.png[39m[0m
[  31% ] [90m[1mreimport[22m | fuel-game-over.png[39m[0m
[  37% ] [90m[1mreimport[22m | landscape-confirm.png[39m[0m
[  43% ] [90m[1mreimport[22m | landscape-low-range.png[39m[0m
[  50% ] [90m[1mreimport[22m | landscape-paid.png[39m[0m
[  56% ] [90m[1mreimport[22m | portrait-confirm.png[39m[0m
[  62% ] [90m[1mreimport[22m | portrait-low-range.png[39m[0m
[  68% ] [90m[1mreimport[22m | portrait-paid.png[39m[0m
[  75% ] [90m[1mreimport[22m | wreck-game-over.png[39m[0m
[  81% ] [90m[1mreimport[22m | wreck-salvage-confirm.png[39m[0m
[  87% ] [90m[1mreimport[22m | station-plan.png[39m[0m
[  93% ] [90m[1mreimport[22m | Finalizing Asset Import...[39m[0m
[92m[ DONE ][39m [1mreimport[22m
[0m
[   0% ] [90m[1mreimport[22m | Started (Re)Importing Assets (15 steps)[39m[0m
[   0% ] [90m[1mreimport[22m | Executing post-reimport operations...[39m[0m
[92m[ DONE ][39m [1mreimport[22m
[0m
ERROR: Cannot export project with preset "Web" due to configuration errors:
No export template found at the expected path:
/tmp/td206-data/godot/export_templates/4.7.2.stable/web_nothreads_debug.zip
No export template found at the expected path:
/tmp/td206-data/godot/export_templates/4.7.2.stable/web_nothreads_release.zip

   at: _fs_changed (editor/editor_node.cpp:1401)
ERROR: Project export for preset "Web" failed.
   at: _fs_changed (editor/editor_node.cpp:1417)
